
START 2026-10-07T15:44:49.023157+00:00
TRANSFER CHECK PASSED (file hashes disabled): four complete round10 states; 20000 train / 7498 tests
SERVER ENVIRONMENT {'torch': '2.7.1+cu118', 'transformers': '4.57.6', 'peft': '0.20.0', 'numpy': '2.1.2', 'datasets': '4.2.0', 'safetensors': '0.6.2', 'PyYAML': '6.0.3', 'accelerate': '1.14.0'}
CUDA_VISIBLE_DEVICES=1 is already set; leaving it in place instead of overriding --device 0.
TRAIN fedexlora 11 cosmosqa 200 / 4000
TRAIN fedexlora 11 cosmosqa 400 / 4000
TRAIN fedexlora 11 cosmosqa 600 / 4000
TRAIN fedexlora 11 cosmosqa 800 / 4000
TRAIN fedexlora 11 cosmosqa 1000 / 4000
TRAIN fedexlora 11 cosmosqa 1200 / 4000
TRAIN fedexlora 11 cosmosqa 1400 / 4000
TRAIN fedexlora 11 cosmosqa 1600 / 4000
TRAIN fedexlora 11 cosmosqa 1800 / 4000
TRAIN fedexlora 11 cosmosqa 2000 / 4000
TRAIN fedexlora 11 cosmosqa 2200 / 4000
TRAIN fedexlora 11 cosmosqa 2400 / 4000
TRAIN fedexlora 11 cosmosqa 2600 / 4000
TRAIN fedexlora 11 cosmosqa 2800 / 4000
TRAIN fedexlora 11 cosmosqa 3000 / 4000
TRAIN fedexlora 11 cosmosqa 3200 / 4000
TRAIN fedexlora 11 cosmosqa 3400 / 4000
TRAIN fedexlora 11 cosmosqa 3600 / 4000
TRAIN fedexlora 11 cosmosqa 3800 / 4000
TRAIN fedexlora 11 cosmosqa 4000 / 4000
Round 11 Client 0: samples=4000 updates=500 loss=0.171924
Round 11 Test: cosmosqa_accuracy=0.682000 macro_accuracy=0.682000 worst_domain_accuracy=0.682000
TRAIN fedexlora 11 openbookqa 200 / 4000
TRAIN fedexlora 11 openbookqa 400 / 4000
TRAIN fedexlora 11 openbookqa 600 / 4000
TRAIN fedexlora 11 openbookqa 800 / 4000
TRAIN fedexlora 11 openbookqa 1000 / 4000
TRAIN fedexlora 11 openbookqa 1200 / 4000
TRAIN fedexlora 11 openbookqa 1400 / 4000
TRAIN fedexlora 11 openbookqa 1600 / 4000
TRAIN fedexlora 11 openbookqa 1800 / 4000
TRAIN fedexlora 11 openbookqa 2000 / 4000
TRAIN fedexlora 11 openbookqa 2200 / 4000
TRAIN fedexlora 11 openbookqa 2400 / 4000
TRAIN fedexlora 11 openbookqa 2600 / 4000
TRAIN fedexlora 11 openbookqa 2800 / 4000
TRAIN fedexlora 11 openbookqa 3000 / 4000
TRAIN fedexlora 11 openbookqa 3200 / 4000
TRAIN fedexlora 11 openbookqa 3400 / 4000
TRAIN fedexlora 11 openbookqa 3600 / 4000
TRAIN fedexlora 11 openbookqa 3800 / 4000
TRAIN fedexlora 11 openbookqa 4000 / 4000
Round 11 Client 1: samples=4000 updates=500 loss=0.155944
Round 11 Test: openbookqa_accuracy=0.673000 macro_accuracy=0.673000 worst_domain_accuracy=0.673000
TRAIN fedexlora 11 sciq 200 / 4000
TRAIN fedexlora 11 sciq 400 / 4000
TRAIN fedexlora 11 sciq 600 / 4000
TRAIN fedexlora 11 sciq 800 / 4000
TRAIN fedexlora 11 sciq 1000 / 4000
TRAIN fedexlora 11 sciq 1200 / 4000
TRAIN fedexlora 11 sciq 1400 / 4000
TRAIN fedexlora 11 sciq 1600 / 4000
TRAIN fedexlora 11 sciq 1800 / 4000
TRAIN fedexlora 11 sciq 2000 / 4000
TRAIN fedexlora 11 sciq 2200 / 4000
TRAIN fedexlora 11 sciq 2400 / 4000
TRAIN fedexlora 11 sciq 2600 / 4000
TRAIN fedexlora 11 sciq 2800 / 4000
TRAIN fedexlora 11 sciq 3000 / 4000
TRAIN fedexlora 11 sciq 3200 / 4000
TRAIN fedexlora 11 sciq 3400 / 4000
TRAIN fedexlora 11 sciq 3600 / 4000
TRAIN fedexlora 11 sciq 3800 / 4000
TRAIN fedexlora 11 sciq 4000 / 4000
Round 11 Client 2: samples=4000 updates=500 loss=0.068957
Round 11 Test: sciq_accuracy=0.851852 macro_accuracy=0.851852 worst_domain_accuracy=0.851852
TRAIN fedexlora 11 hellaswag 200 / 4000
TRAIN fedexlora 11 hellaswag 400 / 4000
TRAIN fedexlora 11 hellaswag 600 / 4000
TRAIN fedexlora 11 hellaswag 800 / 4000
TRAIN fedexlora 11 hellaswag 1000 / 4000
TRAIN fedexlora 11 hellaswag 1200 / 4000
TRAIN fedexlora 11 hellaswag 1400 / 4000
TRAIN fedexlora 11 hellaswag 1600 / 4000
TRAIN fedexlora 11 hellaswag 1800 / 4000
TRAIN fedexlora 11 hellaswag 2000 / 4000
TRAIN fedexlora 11 hellaswag 2200 / 4000
TRAIN fedexlora 11 hellaswag 2400 / 4000
TRAIN fedexlora 11 hellaswag 2600 / 4000
TRAIN fedexlora 11 hellaswag 2800 / 4000
TRAIN fedexlora 11 hellaswag 3000 / 4000
TRAIN fedexlora 11 hellaswag 3200 / 4000
TRAIN fedexlora 11 hellaswag 3400 / 4000
TRAIN fedexlora 11 hellaswag 3600 / 4000
TRAIN fedexlora 11 hellaswag 3800 / 4000
TRAIN fedexlora 11 hellaswag 4000 / 4000
Round 11 Client 3: samples=4000 updates=500 loss=0.129682
Round 11 Test: hellaswag_accuracy=0.762000 macro_accuracy=0.762000 worst_domain_accuracy=0.762000
TRAIN fedexlora 11 race 200 / 4000
TRAIN fedexlora 11 race 400 / 4000
TRAIN fedexlora 11 race 600 / 4000
TRAIN fedexlora 11 race 800 / 4000
TRAIN fedexlora 11 race 1000 / 4000
TRAIN fedexlora 11 race 1200 / 4000
TRAIN fedexlora 11 race 1400 / 4000
TRAIN fedexlora 11 race 1600 / 4000
TRAIN fedexlora 11 race 1800 / 4000
TRAIN fedexlora 11 race 2000 / 4000
TRAIN fedexlora 11 race 2200 / 4000
TRAIN fedexlora 11 race 2400 / 4000
TRAIN fedexlora 11 race 2600 / 4000
TRAIN fedexlora 11 race 2800 / 4000
TRAIN fedexlora 11 race 3000 / 4000
TRAIN fedexlora 11 race 3200 / 4000
TRAIN fedexlora 11 race 3400 / 4000
TRAIN fedexlora 11 race 3600 / 4000
TRAIN fedexlora 11 race 3800 / 4000
TRAIN fedexlora 11 race 4000 / 4000
Round 11 Client 4: samples=4000 updates=500 loss=0.216736
Round 11 Test: race_accuracy=0.672000 macro_accuracy=0.672000 worst_domain_accuracy=0.672000
Aggregated model updated.
Round 11 Test: cosmosqa_accuracy=0.647333 openbookqa_accuracy=0.646000 sciq_accuracy=0.826827 hellaswag_accuracy=0.698000 race_accuracy=0.644667 macro_accuracy=0.692565 worst_domain_accuracy=0.644667
ROUND fedexlora 11 GLOBAL MACRO 0.6925653653653654
TRAIN fedexlora 12 cosmosqa 200 / 4000
TRAIN fedexlora 12 cosmosqa 400 / 4000
TRAIN fedexlora 12 cosmosqa 600 / 4000
TRAIN fedexlora 12 cosmosqa 800 / 4000
TRAIN fedexlora 12 cosmosqa 1000 / 4000
TRAIN fedexlora 12 cosmosqa 1200 / 4000
TRAIN fedexlora 12 cosmosqa 1400 / 4000
TRAIN fedexlora 12 cosmosqa 1600 / 4000
TRAIN fedexlora 12 cosmosqa 1800 / 4000
TRAIN fedexlora 12 cosmosqa 2000 / 4000
TRAIN fedexlora 12 cosmosqa 2200 / 4000
TRAIN fedexlora 12 cosmosqa 2400 / 4000
TRAIN fedexlora 12 cosmosqa 2600 / 4000
TRAIN fedexlora 12 cosmosqa 2800 / 4000
TRAIN fedexlora 12 cosmosqa 3000 / 4000
TRAIN fedexlora 12 cosmosqa 3200 / 4000
TRAIN fedexlora 12 cosmosqa 3400 / 4000
TRAIN fedexlora 12 cosmosqa 3600 / 4000
TRAIN fedexlora 12 cosmosqa 3800 / 4000
TRAIN fedexlora 12 cosmosqa 4000 / 4000
Round 12 Client 0: samples=4000 updates=500 loss=0.149858
Round 12 Test: cosmosqa_accuracy=0.690000 macro_accuracy=0.690000 worst_domain_accuracy=0.690000
TRAIN fedexlora 12 openbookqa 200 / 4000
TRAIN fedexlora 12 openbookqa 400 / 4000
TRAIN fedexlora 12 openbookqa 600 / 4000
TRAIN fedexlora 12 openbookqa 800 / 4000
TRAIN fedexlora 12 openbookqa 1000 / 4000
TRAIN fedexlora 12 openbookqa 1200 / 4000
TRAIN fedexlora 12 openbookqa 1400 / 4000
TRAIN fedexlora 12 openbookqa 1600 / 4000
TRAIN fedexlora 12 openbookqa 1800 / 4000
TRAIN fedexlora 12 openbookqa 2000 / 4000
TRAIN fedexlora 12 openbookqa 2200 / 4000
TRAIN fedexlora 12 openbookqa 2400 / 4000
TRAIN fedexlora 12 openbookqa 2600 / 4000
TRAIN fedexlora 12 openbookqa 2800 / 4000
TRAIN fedexlora 12 openbookqa 3000 / 4000
TRAIN fedexlora 12 openbookqa 3200 / 4000
TRAIN fedexlora 12 openbookqa 3400 / 4000
TRAIN fedexlora 12 openbookqa 3600 / 4000
TRAIN fedexlora 12 openbookqa 3800 / 4000
TRAIN fedexlora 12 openbookqa 4000 / 4000
Round 12 Client 1: samples=4000 updates=500 loss=0.146334
Round 12 Test: openbookqa_accuracy=0.688000 macro_accuracy=0.688000 worst_domain_accuracy=0.688000
TRAIN fedexlora 12 sciq 200 / 4000
TRAIN fedexlora 12 sciq 400 / 4000
TRAIN fedexlora 12 sciq 600 / 4000
TRAIN fedexlora 12 sciq 800 / 4000
TRAIN fedexlora 12 sciq 1000 / 4000
TRAIN fedexlora 12 sciq 1200 / 4000
TRAIN fedexlora 12 sciq 1400 / 4000
TRAIN fedexlora 12 sciq 1600 / 4000
TRAIN fedexlora 12 sciq 1800 / 4000
TRAIN fedexlora 12 sciq 2000 / 4000
TRAIN fedexlora 12 sciq 2200 / 4000
TRAIN fedexlora 12 sciq 2400 / 4000
TRAIN fedexlora 12 sciq 2600 / 4000
TRAIN fedexlora 12 sciq 2800 / 4000
TRAIN fedexlora 12 sciq 3000 / 4000
TRAIN fedexlora 12 sciq 3200 / 4000
TRAIN fedexlora 12 sciq 3400 / 4000
TRAIN fedexlora 12 sciq 3600 / 4000
TRAIN fedexlora 12 sciq 3800 / 4000
TRAIN fedexlora 12 sciq 4000 / 4000
Round 12 Client 2: samples=4000 updates=500 loss=0.060469
Round 12 Test: sciq_accuracy=0.844845 macro_accuracy=0.844845 worst_domain_accuracy=0.844845
TRAIN fedexlora 12 hellaswag 200 / 4000
TRAIN fedexlora 12 hellaswag 400 / 4000
TRAIN fedexlora 12 hellaswag 600 / 4000
TRAIN fedexlora 12 hellaswag 800 / 4000
TRAIN fedexlora 12 hellaswag 1000 / 4000
TRAIN fedexlora 12 hellaswag 1200 / 4000
TRAIN fedexlora 12 hellaswag 1400 / 4000
TRAIN fedexlora 12 hellaswag 1600 / 4000
TRAIN fedexlora 12 hellaswag 1800 / 4000
TRAIN fedexlora 12 hellaswag 2000 / 4000
TRAIN fedexlora 12 hellaswag 2200 / 4000
TRAIN fedexlora 12 hellaswag 2400 / 4000
TRAIN fedexlora 12 hellaswag 2600 / 4000
TRAIN fedexlora 12 hellaswag 2800 / 4000
TRAIN fedexlora 12 hellaswag 3000 / 4000
TRAIN fedexlora 12 hellaswag 3200 / 4000
TRAIN fedexlora 12 hellaswag 3400 / 4000
TRAIN fedexlora 12 hellaswag 3600 / 4000
TRAIN fedexlora 12 hellaswag 3800 / 4000
TRAIN fedexlora 12 hellaswag 4000 / 4000
Round 12 Client 3: samples=4000 updates=500 loss=0.119600
Round 12 Test: hellaswag_accuracy=0.769333 macro_accuracy=0.769333 worst_domain_accuracy=0.769333
TRAIN fedexlora 12 race 200 / 4000
TRAIN fedexlora 12 race 400 / 4000
TRAIN fedexlora 12 race 600 / 4000
TRAIN fedexlora 12 race 800 / 4000
TRAIN fedexlora 12 race 1000 / 4000
TRAIN fedexlora 12 race 1200 / 4000
TRAIN fedexlora 12 race 1400 / 4000
TRAIN fedexlora 12 race 1600 / 4000
TRAIN fedexlora 12 race 1800 / 4000
TRAIN fedexlora 12 race 2000 / 4000
TRAIN fedexlora 12 race 2200 / 4000
TRAIN fedexlora 12 race 2400 / 4000
TRAIN fedexlora 12 race 2600 / 4000
TRAIN fedexlora 12 race 2800 / 4000
TRAIN fedexlora 12 race 3000 / 4000
TRAIN fedexlora 12 race 3200 / 4000
TRAIN fedexlora 12 race 3400 / 4000
TRAIN fedexlora 12 race 3600 / 4000
TRAIN fedexlora 12 race 3800 / 4000
TRAIN fedexlora 12 race 4000 / 4000
Round 12 Client 4: samples=4000 updates=500 loss=0.201918
Round 12 Test: race_accuracy=0.673333 macro_accuracy=0.673333 worst_domain_accuracy=0.673333
Aggregated model updated.
Round 12 Test: cosmosqa_accuracy=0.652667 openbookqa_accuracy=0.640000 sciq_accuracy=0.825325 hellaswag_accuracy=0.698000 race_accuracy=0.652000 macro_accuracy=0.693598 worst_domain_accuracy=0.640000
ROUND fedexlora 12 GLOBAL MACRO 0.6935983983983984
TRAIN fedexlora 13 cosmosqa 200 / 4000
TRAIN fedexlora 13 cosmosqa 400 / 4000
TRAIN fedexlora 13 cosmosqa 600 / 4000
TRAIN fedexlora 13 cosmosqa 800 / 4000
TRAIN fedexlora 13 cosmosqa 1000 / 4000
TRAIN fedexlora 13 cosmosqa 1200 / 4000
TRAIN fedexlora 13 cosmosqa 1400 / 4000
TRAIN fedexlora 13 cosmosqa 1600 / 4000
TRAIN fedexlora 13 cosmosqa 1800 / 4000
TRAIN fedexlora 13 cosmosqa 2000 / 4000
TRAIN fedexlora 13 cosmosqa 2200 / 4000
TRAIN fedexlora 13 cosmosqa 2400 / 4000
TRAIN fedexlora 13 cosmosqa 2600 / 4000
TRAIN fedexlora 13 cosmosqa 2800 / 4000
TRAIN fedexlora 13 cosmosqa 3000 / 4000
TRAIN fedexlora 13 cosmosqa 3200 / 4000
TRAIN fedexlora 13 cosmosqa 3400 / 4000
TRAIN fedexlora 13 cosmosqa 3600 / 4000
TRAIN fedexlora 13 cosmosqa 3800 / 4000
TRAIN fedexlora 13 cosmosqa 4000 / 4000
Round 13 Client 0: samples=4000 updates=500 loss=0.139800
Round 13 Test: cosmosqa_accuracy=0.667333 macro_accuracy=0.667333 worst_domain_accuracy=0.667333
TRAIN fedexlora 13 openbookqa 200 / 4000
TRAIN fedexlora 13 openbookqa 400 / 4000
TRAIN fedexlora 13 openbookqa 600 / 4000
TRAIN fedexlora 13 openbookqa 800 / 4000
TRAIN fedexlora 13 openbookqa 1000 / 4000
TRAIN fedexlora 13 openbookqa 1200 / 4000
TRAIN fedexlora 13 openbookqa 1400 / 4000
TRAIN fedexlora 13 openbookqa 1600 / 4000
TRAIN fedexlora 13 openbookqa 1800 / 4000
TRAIN fedexlora 13 openbookqa 2000 / 4000
TRAIN fedexlora 13 openbookqa 2200 / 4000
TRAIN fedexlora 13 openbookqa 2400 / 4000
TRAIN fedexlora 13 openbookqa 2600 / 4000
TRAIN fedexlora 13 openbookqa 2800 / 4000
TRAIN fedexlora 13 openbookqa 3000 / 4000
TRAIN fedexlora 13 openbookqa 3200 / 4000
TRAIN fedexlora 13 openbookqa 3400 / 4000
TRAIN fedexlora 13 openbookqa 3600 / 4000
TRAIN fedexlora 13 openbookqa 3800 / 4000
TRAIN fedexlora 13 openbookqa 4000 / 4000
Round 13 Client 1: samples=4000 updates=500 loss=0.132233
Round 13 Test: openbookqa_accuracy=0.700000 macro_accuracy=0.700000 worst_domain_accuracy=0.700000
TRAIN fedexlora 13 sciq 200 / 4000
TRAIN fedexlora 13 sciq 400 / 4000
TRAIN fedexlora 13 sciq 600 / 4000
TRAIN fedexlora 13 sciq 800 / 4000
TRAIN fedexlora 13 sciq 1000 / 4000
TRAIN fedexlora 13 sciq 1200 / 4000
TRAIN fedexlora 13 sciq 1400 / 4000
TRAIN fedexlora 13 sciq 1600 / 4000
TRAIN fedexlora 13 sciq 1800 / 4000
TRAIN fedexlora 13 sciq 2000 / 4000
TRAIN fedexlora 13 sciq 2200 / 4000
TRAIN fedexlora 13 sciq 2400 / 4000
TRAIN fedexlora 13 sciq 2600 / 4000
TRAIN fedexlora 13 sciq 2800 / 4000
TRAIN fedexlora 13 sciq 3000 / 4000
TRAIN fedexlora 13 sciq 3200 / 4000
TRAIN fedexlora 13 sciq 3400 / 4000
TRAIN fedexlora 13 sciq 3600 / 4000
TRAIN fedexlora 13 sciq 3800 / 4000
TRAIN fedexlora 13 sciq 4000 / 4000
Round 13 Client 2: samples=4000 updates=500 loss=0.057922
Round 13 Test: sciq_accuracy=0.850851 macro_accuracy=0.850851 worst_domain_accuracy=0.850851
TRAIN fedexlora 13 hellaswag 200 / 4000
TRAIN fedexlora 13 hellaswag 400 / 4000
TRAIN fedexlora 13 hellaswag 600 / 4000
TRAIN fedexlora 13 hellaswag 800 / 4000
TRAIN fedexlora 13 hellaswag 1000 / 4000
TRAIN fedexlora 13 hellaswag 1200 / 4000
TRAIN fedexlora 13 hellaswag 1400 / 4000
TRAIN fedexlora 13 hellaswag 1600 / 4000
TRAIN fedexlora 13 hellaswag 1800 / 4000
TRAIN fedexlora 13 hellaswag 2000 / 4000
TRAIN fedexlora 13 hellaswag 2200 / 4000
TRAIN fedexlora 13 hellaswag 2400 / 4000
TRAIN fedexlora 13 hellaswag 2600 / 4000
TRAIN fedexlora 13 hellaswag 2800 / 4000
TRAIN fedexlora 13 hellaswag 3000 / 4000
TRAIN fedexlora 13 hellaswag 3200 / 4000
TRAIN fedexlora 13 hellaswag 3400 / 4000
TRAIN fedexlora 13 hellaswag 3600 / 4000
TRAIN fedexlora 13 hellaswag 3800 / 4000
TRAIN fedexlora 13 hellaswag 4000 / 4000
Round 13 Client 3: samples=4000 updates=500 loss=0.109820
Round 13 Test: hellaswag_accuracy=0.770000 macro_accuracy=0.770000 worst_domain_accuracy=0.770000
TRAIN fedexlora 13 race 200 / 4000
TRAIN fedexlora 13 race 400 / 4000
TRAIN fedexlora 13 race 600 / 4000
TRAIN fedexlora 13 race 800 / 4000
TRAIN fedexlora 13 race 1000 / 4000
TRAIN fedexlora 13 race 1200 / 4000
TRAIN fedexlora 13 race 1400 / 4000
TRAIN fedexlora 13 race 1600 / 4000
TRAIN fedexlora 13 race 1800 / 4000
TRAIN fedexlora 13 race 2000 / 4000
TRAIN fedexlora 13 race 2200 / 4000
TRAIN fedexlora 13 race 2400 / 4000
TRAIN fedexlora 13 race 2600 / 4000
TRAIN fedexlora 13 race 2800 / 4000
TRAIN fedexlora 13 race 3000 / 4000
TRAIN fedexlora 13 race 3200 / 4000
TRAIN fedexlora 13 race 3400 / 4000
TRAIN fedexlora 13 race 3600 / 4000
TRAIN fedexlora 13 race 3800 / 4000
TRAIN fedexlora 13 race 4000 / 4000
Round 13 Client 4: samples=4000 updates=500 loss=0.181796
Round 13 Test: race_accuracy=0.664000 macro_accuracy=0.664000 worst_domain_accuracy=0.664000
Aggregated model updated.
Round 13 Test: cosmosqa_accuracy=0.650000 openbookqa_accuracy=0.639000 sciq_accuracy=0.831331 hellaswag_accuracy=0.709333 race_accuracy=0.656000 macro_accuracy=0.697133 worst_domain_accuracy=0.639000
ROUND fedexlora 13 GLOBAL MACRO 0.6971329329329329
TRAIN fedexlora 14 cosmosqa 200 / 4000
TRAIN fedexlora 14 cosmosqa 400 / 4000
TRAIN fedexlora 14 cosmosqa 600 / 4000
TRAIN fedexlora 14 cosmosqa 800 / 4000
TRAIN fedexlora 14 cosmosqa 1000 / 4000
TRAIN fedexlora 14 cosmosqa 1200 / 4000
TRAIN fedexlora 14 cosmosqa 1400 / 4000
TRAIN fedexlora 14 cosmosqa 1600 / 4000
TRAIN fedexlora 14 cosmosqa 1800 / 4000
TRAIN fedexlora 14 cosmosqa 2000 / 4000
TRAIN fedexlora 14 cosmosqa 2200 / 4000
TRAIN fedexlora 14 cosmosqa 2400 / 4000
TRAIN fedexlora 14 cosmosqa 2600 / 4000
TRAIN fedexlora 14 cosmosqa 2800 / 4000
TRAIN fedexlora 14 cosmosqa 3000 / 4000
TRAIN fedexlora 14 cosmosqa 3200 / 4000
TRAIN fedexlora 14 cosmosqa 3400 / 4000
TRAIN fedexlora 14 cosmosqa 3600 / 4000
TRAIN fedexlora 14 cosmosqa 3800 / 4000
TRAIN fedexlora 14 cosmosqa 4000 / 4000
Round 14 Client 0: samples=4000 updates=500 loss=0.131900
Round 14 Test: cosmosqa_accuracy=0.680667 macro_accuracy=0.680667 worst_domain_accuracy=0.680667
TRAIN fedexlora 14 openbookqa 200 / 4000
TRAIN fedexlora 14 openbookqa 400 / 4000
TRAIN fedexlora 14 openbookqa 600 / 4000
TRAIN fedexlora 14 openbookqa 800 / 4000
TRAIN fedexlora 14 openbookqa 1000 / 4000
TRAIN fedexlora 14 openbookqa 1200 / 4000
TRAIN fedexlora 14 openbookqa 1400 / 4000
TRAIN fedexlora 14 openbookqa 1600 / 4000
TRAIN fedexlora 14 openbookqa 1800 / 4000
TRAIN fedexlora 14 openbookqa 2000 / 4000
TRAIN fedexlora 14 openbookqa 2200 / 4000
TRAIN fedexlora 14 openbookqa 2400 / 4000
TRAIN fedexlora 14 openbookqa 2600 / 4000
TRAIN fedexlora 14 openbookqa 2800 / 4000
TRAIN fedexlora 14 openbookqa 3000 / 4000
TRAIN fedexlora 14 openbookqa 3200 / 4000
TRAIN fedexlora 14 openbookqa 3400 / 4000
TRAIN fedexlora 14 openbookqa 3600 / 4000
TRAIN fedexlora 14 openbookqa 3800 / 4000
TRAIN fedexlora 14 openbookqa 4000 / 4000
Round 14 Client 1: samples=4000 updates=500 loss=0.119688
Round 14 Test: openbookqa_accuracy=0.687000 macro_accuracy=0.687000 worst_domain_accuracy=0.687000
TRAIN fedexlora 14 sciq 200 / 4000
TRAIN fedexlora 14 sciq 400 / 4000
TRAIN fedexlora 14 sciq 600 / 4000
TRAIN fedexlora 14 sciq 800 / 4000
TRAIN fedexlora 14 sciq 1000 / 4000
TRAIN fedexlora 14 sciq 1200 / 4000
TRAIN fedexlora 14 sciq 1400 / 4000
TRAIN fedexlora 14 sciq 1600 / 4000
TRAIN fedexlora 14 sciq 1800 / 4000
TRAIN fedexlora 14 sciq 2000 / 4000
TRAIN fedexlora 14 sciq 2200 / 4000
TRAIN fedexlora 14 sciq 2400 / 4000
TRAIN fedexlora 14 sciq 2600 / 4000
TRAIN fedexlora 14 sciq 2800 / 4000
TRAIN fedexlora 14 sciq 3000 / 4000
TRAIN fedexlora 14 sciq 3200 / 4000
TRAIN fedexlora 14 sciq 3400 / 4000
TRAIN fedexlora 14 sciq 3600 / 4000
TRAIN fedexlora 14 sciq 3800 / 4000
TRAIN fedexlora 14 sciq 4000 / 4000
Round 14 Client 2: samples=4000 updates=500 loss=0.051579
Round 14 Test: sciq_accuracy=0.827828 macro_accuracy=0.827828 worst_domain_accuracy=0.827828
TRAIN fedexlora 14 hellaswag 200 / 4000
TRAIN fedexlora 14 hellaswag 400 / 4000
TRAIN fedexlora 14 hellaswag 600 / 4000
TRAIN fedexlora 14 hellaswag 800 / 4000
TRAIN fedexlora 14 hellaswag 1000 / 4000
TRAIN fedexlora 14 hellaswag 1200 / 4000
TRAIN fedexlora 14 hellaswag 1400 / 4000
TRAIN fedexlora 14 hellaswag 1600 / 4000
TRAIN fedexlora 14 hellaswag 1800 / 4000
TRAIN fedexlora 14 hellaswag 2000 / 4000
TRAIN fedexlora 14 hellaswag 2200 / 4000
TRAIN fedexlora 14 hellaswag 2400 / 4000
TRAIN fedexlora 14 hellaswag 2600 / 4000
TRAIN fedexlora 14 hellaswag 2800 / 4000
TRAIN fedexlora 14 hellaswag 3000 / 4000
TRAIN fedexlora 14 hellaswag 3200 / 4000
TRAIN fedexlora 14 hellaswag 3400 / 4000
TRAIN fedexlora 14 hellaswag 3600 / 4000
TRAIN fedexlora 14 hellaswag 3800 / 4000
TRAIN fedexlora 14 hellaswag 4000 / 4000
Round 14 Client 3: samples=4000 updates=500 loss=0.102234
Round 14 Test: hellaswag_accuracy=0.762667 macro_accuracy=0.762667 worst_domain_accuracy=0.762667
TRAIN fedexlora 14 race 200 / 4000
TRAIN fedexlora 14 race 400 / 4000
TRAIN fedexlora 14 race 600 / 4000
TRAIN fedexlora 14 race 800 / 4000
TRAIN fedexlora 14 race 1000 / 4000
TRAIN fedexlora 14 race 1200 / 4000
TRAIN fedexlora 14 race 1400 / 4000
TRAIN fedexlora 14 race 1600 / 4000
TRAIN fedexlora 14 race 1800 / 4000
TRAIN fedexlora 14 race 2000 / 4000
TRAIN fedexlora 14 race 2200 / 4000
TRAIN fedexlora 14 race 2400 / 4000
TRAIN fedexlora 14 race 2600 / 4000
TRAIN fedexlora 14 race 2800 / 4000
TRAIN fedexlora 14 race 3000 / 4000
TRAIN fedexlora 14 race 3200 / 4000
TRAIN fedexlora 14 race 3400 / 4000
TRAIN fedexlora 14 race 3600 / 4000
TRAIN fedexlora 14 race 3800 / 4000
TRAIN fedexlora 14 race 4000 / 4000
Round 14 Client 4: samples=4000 updates=500 loss=0.168296
Round 14 Test: race_accuracy=0.644000 macro_accuracy=0.644000 worst_domain_accuracy=0.644000
Aggregated model updated.
Round 14 Test: cosmosqa_accuracy=0.645333 openbookqa_accuracy=0.656000 sciq_accuracy=0.830330 hellaswag_accuracy=0.704667 race_accuracy=0.655333 macro_accuracy=0.698333 worst_domain_accuracy=0.645333
ROUND fedexlora 14 GLOBAL MACRO 0.6983327327327327
TRAIN fedexlora 15 cosmosqa 200 / 4000
TRAIN fedexlora 15 cosmosqa 400 / 4000
TRAIN fedexlora 15 cosmosqa 600 / 4000
TRAIN fedexlora 15 cosmosqa 800 / 4000
TRAIN fedexlora 15 cosmosqa 1000 / 4000
TRAIN fedexlora 15 cosmosqa 1200 / 4000
TRAIN fedexlora 15 cosmosqa 1400 / 4000
TRAIN fedexlora 15 cosmosqa 1600 / 4000
TRAIN fedexlora 15 cosmosqa 1800 / 4000
TRAIN fedexlora 15 cosmosqa 2000 / 4000
TRAIN fedexlora 15 cosmosqa 2200 / 4000
TRAIN fedexlora 15 cosmosqa 2400 / 4000
TRAIN fedexlora 15 cosmosqa 2600 / 4000
TRAIN fedexlora 15 cosmosqa 2800 / 4000
TRAIN fedexlora 15 cosmosqa 3000 / 4000
TRAIN fedexlora 15 cosmosqa 3200 / 4000
TRAIN fedexlora 15 cosmosqa 3400 / 4000
TRAIN fedexlora 15 cosmosqa 3600 / 4000
TRAIN fedexlora 15 cosmosqa 3800 / 4000
TRAIN fedexlora 15 cosmosqa 4000 / 4000
Round 15 Client 0: samples=4000 updates=500 loss=0.118044
Round 15 Test: cosmosqa_accuracy=0.670000 macro_accuracy=0.670000 worst_domain_accuracy=0.670000
TRAIN fedexlora 15 openbookqa 200 / 4000
TRAIN fedexlora 15 openbookqa 400 / 4000
TRAIN fedexlora 15 openbookqa 600 / 4000
TRAIN fedexlora 15 openbookqa 800 / 4000
TRAIN fedexlora 15 openbookqa 1000 / 4000
TRAIN fedexlora 15 openbookqa 1200 / 4000
TRAIN fedexlora 15 openbookqa 1400 / 4000
TRAIN fedexlora 15 openbookqa 1600 / 4000
TRAIN fedexlora 15 openbookqa 1800 / 4000
TRAIN fedexlora 15 openbookqa 2000 / 4000
TRAIN fedexlora 15 openbookqa 2200 / 4000
TRAIN fedexlora 15 openbookqa 2400 / 4000
TRAIN fedexlora 15 openbookqa 2600 / 4000
TRAIN fedexlora 15 openbookqa 2800 / 4000
TRAIN fedexlora 15 openbookqa 3000 / 4000
TRAIN fedexlora 15 openbookqa 3200 / 4000
TRAIN fedexlora 15 openbookqa 3400 / 4000
TRAIN fedexlora 15 openbookqa 3600 / 4000
TRAIN fedexlora 15 openbookqa 3800 / 4000
TRAIN fedexlora 15 openbookqa 4000 / 4000
Round 15 Client 1: samples=4000 updates=500 loss=0.109015
Round 15 Test: openbookqa_accuracy=0.688000 macro_accuracy=0.688000 worst_domain_accuracy=0.688000
TRAIN fedexlora 15 sciq 200 / 4000
TRAIN fedexlora 15 sciq 400 / 4000
TRAIN fedexlora 15 sciq 600 / 4000
TRAIN fedexlora 15 sciq 800 / 4000
TRAIN fedexlora 15 sciq 1000 / 4000
TRAIN fedexlora 15 sciq 1200 / 4000
TRAIN fedexlora 15 sciq 1400 / 4000
TRAIN fedexlora 15 sciq 1600 / 4000
TRAIN fedexlora 15 sciq 1800 / 4000
TRAIN fedexlora 15 sciq 2000 / 4000
TRAIN fedexlora 15 sciq 2200 / 4000
TRAIN fedexlora 15 sciq 2400 / 4000
TRAIN fedexlora 15 sciq 2600 / 4000
TRAIN fedexlora 15 sciq 2800 / 4000
TRAIN fedexlora 15 sciq 3000 / 4000
TRAIN fedexlora 15 sciq 3200 / 4000
TRAIN fedexlora 15 sciq 3400 / 4000
TRAIN fedexlora 15 sciq 3600 / 4000
TRAIN fedexlora 15 sciq 3800 / 4000
TRAIN fedexlora 15 sciq 4000 / 4000
Round 15 Client 2: samples=4000 updates=500 loss=0.041724
Round 15 Test: sciq_accuracy=0.838338 macro_accuracy=0.838338 worst_domain_accuracy=0.838338
TRAIN fedexlora 15 hellaswag 200 / 4000
TRAIN fedexlora 15 hellaswag 400 / 4000
TRAIN fedexlora 15 hellaswag 600 / 4000
TRAIN fedexlora 15 hellaswag 800 / 4000
TRAIN fedexlora 15 hellaswag 1000 / 4000
TRAIN fedexlora 15 hellaswag 1200 / 4000
TRAIN fedexlora 15 hellaswag 1400 / 4000
TRAIN fedexlora 15 hellaswag 1600 / 4000
TRAIN fedexlora 15 hellaswag 1800 / 4000
TRAIN fedexlora 15 hellaswag 2000 / 4000
TRAIN fedexlora 15 hellaswag 2200 / 4000
TRAIN fedexlora 15 hellaswag 2400 / 4000
TRAIN fedexlora 15 hellaswag 2600 / 4000
TRAIN fedexlora 15 hellaswag 2800 / 4000
TRAIN fedexlora 15 hellaswag 3000 / 4000
TRAIN fedexlora 15 hellaswag 3200 / 4000
TRAIN fedexlora 15 hellaswag 3400 / 4000
TRAIN fedexlora 15 hellaswag 3600 / 4000
TRAIN fedexlora 15 hellaswag 3800 / 4000
TRAIN fedexlora 15 hellaswag 4000 / 4000
Round 15 Client 3: samples=4000 updates=500 loss=0.085098
Round 15 Test: hellaswag_accuracy=0.760667 macro_accuracy=0.760667 worst_domain_accuracy=0.760667
TRAIN fedexlora 15 race 200 / 4000
TRAIN fedexlora 15 race 400 / 4000
TRAIN fedexlora 15 race 600 / 4000
TRAIN fedexlora 15 race 800 / 4000
TRAIN fedexlora 15 race 1000 / 4000
TRAIN fedexlora 15 race 1200 / 4000
TRAIN fedexlora 15 race 1400 / 4000
TRAIN fedexlora 15 race 1600 / 4000
TRAIN fedexlora 15 race 1800 / 4000
TRAIN fedexlora 15 race 2000 / 4000
TRAIN fedexlora 15 race 2200 / 4000
TRAIN fedexlora 15 race 2400 / 4000
TRAIN fedexlora 15 race 2600 / 4000
TRAIN fedexlora 15 race 2800 / 4000
TRAIN fedexlora 15 race 3000 / 4000
TRAIN fedexlora 15 race 3200 / 4000
TRAIN fedexlora 15 race 3400 / 4000
TRAIN fedexlora 15 race 3600 / 4000
TRAIN fedexlora 15 race 3800 / 4000
TRAIN fedexlora 15 race 4000 / 4000
Round 15 Client 4: samples=4000 updates=500 loss=0.151418
Round 15 Test: race_accuracy=0.660667 macro_accuracy=0.660667 worst_domain_accuracy=0.660667
Aggregated model updated.
Round 15 Test: cosmosqa_accuracy=0.651333 openbookqa_accuracy=0.657000 sciq_accuracy=0.829329 hellaswag_accuracy=0.714667 race_accuracy=0.650667 macro_accuracy=0.700599 worst_domain_accuracy=0.650667
ROUND fedexlora 15 GLOBAL MACRO 0.7005991991991992
TRAIN fedexlora 16 cosmosqa 200 / 4000
TRAIN fedexlora 16 cosmosqa 400 / 4000
TRAIN fedexlora 16 cosmosqa 600 / 4000
TRAIN fedexlora 16 cosmosqa 800 / 4000
TRAIN fedexlora 16 cosmosqa 1000 / 4000
TRAIN fedexlora 16 cosmosqa 1200 / 4000
TRAIN fedexlora 16 cosmosqa 1400 / 4000
TRAIN fedexlora 16 cosmosqa 1600 / 4000
TRAIN fedexlora 16 cosmosqa 1800 / 4000
TRAIN fedexlora 16 cosmosqa 2000 / 4000
TRAIN fedexlora 16 cosmosqa 2200 / 4000
TRAIN fedexlora 16 cosmosqa 2400 / 4000
TRAIN fedexlora 16 cosmosqa 2600 / 4000
TRAIN fedexlora 16 cosmosqa 2800 / 4000
TRAIN fedexlora 16 cosmosqa 3000 / 4000
TRAIN fedexlora 16 cosmosqa 3200 / 4000
TRAIN fedexlora 16 cosmosqa 3400 / 4000
TRAIN fedexlora 16 cosmosqa 3600 / 4000
TRAIN fedexlora 16 cosmosqa 3800 / 4000
TRAIN fedexlora 16 cosmosqa 4000 / 4000
Round 16 Client 0: samples=4000 updates=500 loss=0.102084
Round 16 Test: cosmosqa_accuracy=0.653333 macro_accuracy=0.653333 worst_domain_accuracy=0.653333
TRAIN fedexlora 16 openbookqa 200 / 4000
TRAIN fedexlora 16 openbookqa 400 / 4000
TRAIN fedexlora 16 openbookqa 600 / 4000
TRAIN fedexlora 16 openbookqa 800 / 4000
TRAIN fedexlora 16 openbookqa 1000 / 4000
TRAIN fedexlora 16 openbookqa 1200 / 4000
TRAIN fedexlora 16 openbookqa 1400 / 4000
TRAIN fedexlora 16 openbookqa 1600 / 4000
TRAIN fedexlora 16 openbookqa 1800 / 4000
TRAIN fedexlora 16 openbookqa 2000 / 4000
TRAIN fedexlora 16 openbookqa 2200 / 4000
TRAIN fedexlora 16 openbookqa 2400 / 4000
TRAIN fedexlora 16 openbookqa 2600 / 4000
TRAIN fedexlora 16 openbookqa 2800 / 4000
TRAIN fedexlora 16 openbookqa 3000 / 4000
TRAIN fedexlora 16 openbookqa 3200 / 4000
TRAIN fedexlora 16 openbookqa 3400 / 4000
TRAIN fedexlora 16 openbookqa 3600 / 4000
TRAIN fedexlora 16 openbookqa 3800 / 4000
TRAIN fedexlora 16 openbookqa 4000 / 4000
Round 16 Client 1: samples=4000 updates=500 loss=0.103382
Round 16 Test: openbookqa_accuracy=0.699000 macro_accuracy=0.699000 worst_domain_accuracy=0.699000
TRAIN fedexlora 16 sciq 200 / 4000
TRAIN fedexlora 16 sciq 400 / 4000
TRAIN fedexlora 16 sciq 600 / 4000
TRAIN fedexlora 16 sciq 800 / 4000
TRAIN fedexlora 16 sciq 1000 / 4000
TRAIN fedexlora 16 sciq 1200 / 4000
TRAIN fedexlora 16 sciq 1400 / 4000
TRAIN fedexlora 16 sciq 1600 / 4000
TRAIN fedexlora 16 sciq 1800 / 4000
TRAIN fedexlora 16 sciq 2000 / 4000
TRAIN fedexlora 16 sciq 2200 / 4000
TRAIN fedexlora 16 sciq 2400 / 4000
TRAIN fedexlora 16 sciq 2600 / 4000
TRAIN fedexlora 16 sciq 2800 / 4000
TRAIN fedexlora 16 sciq 3000 / 4000
TRAIN fedexlora 16 sciq 3200 / 4000
TRAIN fedexlora 16 sciq 3400 / 4000
TRAIN fedexlora 16 sciq 3600 / 4000
TRAIN fedexlora 16 sciq 3800 / 4000
TRAIN fedexlora 16 sciq 4000 / 4000
Round 16 Client 2: samples=4000 updates=500 loss=0.040007
Round 16 Test: sciq_accuracy=0.836336 macro_accuracy=0.836336 worst_domain_accuracy=0.836336
TRAIN fedexlora 16 hellaswag 200 / 4000
TRAIN fedexlora 16 hellaswag 400 / 4000
TRAIN fedexlora 16 hellaswag 600 / 4000
TRAIN fedexlora 16 hellaswag 800 / 4000
TRAIN fedexlora 16 hellaswag 1000 / 4000
TRAIN fedexlora 16 hellaswag 1200 / 4000
TRAIN fedexlora 16 hellaswag 1400 / 4000
TRAIN fedexlora 16 hellaswag 1600 / 4000
TRAIN fedexlora 16 hellaswag 1800 / 4000
TRAIN fedexlora 16 hellaswag 2000 / 4000
TRAIN fedexlora 16 hellaswag 2200 / 4000
TRAIN fedexlora 16 hellaswag 2400 / 4000
TRAIN fedexlora 16 hellaswag 2600 / 4000
TRAIN fedexlora 16 hellaswag 2800 / 4000
TRAIN fedexlora 16 hellaswag 3000 / 4000
TRAIN fedexlora 16 hellaswag 3200 / 4000
TRAIN fedexlora 16 hellaswag 3400 / 4000
TRAIN fedexlora 16 hellaswag 3600 / 4000
TRAIN fedexlora 16 hellaswag 3800 / 4000
TRAIN fedexlora 16 hellaswag 4000 / 4000
Round 16 Client 3: samples=4000 updates=500 loss=0.082527
Round 16 Test: hellaswag_accuracy=0.759333 macro_accuracy=0.759333 worst_domain_accuracy=0.759333
TRAIN fedexlora 16 race 200 / 4000
TRAIN fedexlora 16 race 400 / 4000
TRAIN fedexlora 16 race 600 / 4000
TRAIN fedexlora 16 race 800 / 4000
TRAIN fedexlora 16 race 1000 / 4000
TRAIN fedexlora 16 race 1200 / 4000
TRAIN fedexlora 16 race 1400 / 4000
TRAIN fedexlora 16 race 1600 / 4000
TRAIN fedexlora 16 race 1800 / 4000
TRAIN fedexlora 16 race 2000 / 4000
TRAIN fedexlora 16 race 2200 / 4000
TRAIN fedexlora 16 race 2400 / 4000
TRAIN fedexlora 16 race 2600 / 4000
TRAIN fedexlora 16 race 2800 / 4000
TRAIN fedexlora 16 race 3000 / 4000
TRAIN fedexlora 16 race 3200 / 4000
TRAIN fedexlora 16 race 3400 / 4000
TRAIN fedexlora 16 race 3600 / 4000
TRAIN fedexlora 16 race 3800 / 4000
TRAIN fedexlora 16 race 4000 / 4000
Round 16 Client 4: samples=4000 updates=500 loss=0.138415
Round 16 Test: race_accuracy=0.659333 macro_accuracy=0.659333 worst_domain_accuracy=0.659333
Aggregated model updated.
Round 16 Test: cosmosqa_accuracy=0.646000 openbookqa_accuracy=0.648000 sciq_accuracy=0.828829 hellaswag_accuracy=0.713333 race_accuracy=0.650000 macro_accuracy=0.697232 worst_domain_accuracy=0.646000
ROUND fedexlora 16 GLOBAL MACRO 0.6972324324324324
TRAIN fedexlora 17 cosmosqa 200 / 4000
TRAIN fedexlora 17 cosmosqa 400 / 4000
TRAIN fedexlora 17 cosmosqa 600 / 4000
TRAIN fedexlora 17 cosmosqa 800 / 4000
TRAIN fedexlora 17 cosmosqa 1000 / 4000
TRAIN fedexlora 17 cosmosqa 1200 / 4000
TRAIN fedexlora 17 cosmosqa 1400 / 4000
TRAIN fedexlora 17 cosmosqa 1600 / 4000
TRAIN fedexlora 17 cosmosqa 1800 / 4000
TRAIN fedexlora 17 cosmosqa 2000 / 4000
TRAIN fedexlora 17 cosmosqa 2200 / 4000
TRAIN fedexlora 17 cosmosqa 2400 / 4000
TRAIN fedexlora 17 cosmosqa 2600 / 4000
TRAIN fedexlora 17 cosmosqa 2800 / 4000
TRAIN fedexlora 17 cosmosqa 3000 / 4000
TRAIN fedexlora 17 cosmosqa 3200 / 4000
TRAIN fedexlora 17 cosmosqa 3400 / 4000
TRAIN fedexlora 17 cosmosqa 3600 / 4000
TRAIN fedexlora 17 cosmosqa 3800 / 4000
TRAIN fedexlora 17 cosmosqa 4000 / 4000
Round 17 Client 0: samples=4000 updates=500 loss=0.090066
Round 17 Test: cosmosqa_accuracy=0.686000 macro_accuracy=0.686000 worst_domain_accuracy=0.686000
TRAIN fedexlora 17 openbookqa 200 / 4000
TRAIN fedexlora 17 openbookqa 400 / 4000
TRAIN fedexlora 17 openbookqa 600 / 4000
TRAIN fedexlora 17 openbookqa 800 / 4000
TRAIN fedexlora 17 openbookqa 1000 / 4000
TRAIN fedexlora 17 openbookqa 1200 / 4000
TRAIN fedexlora 17 openbookqa 1400 / 4000
TRAIN fedexlora 17 openbookqa 1600 / 4000
TRAIN fedexlora 17 openbookqa 1800 / 4000
TRAIN fedexlora 17 openbookqa 2000 / 4000
TRAIN fedexlora 17 openbookqa 2200 / 4000
TRAIN fedexlora 17 openbookqa 2400 / 4000
TRAIN fedexlora 17 openbookqa 2600 / 4000
TRAIN fedexlora 17 openbookqa 2800 / 4000
TRAIN fedexlora 17 openbookqa 3000 / 4000
TRAIN fedexlora 17 openbookqa 3200 / 4000
TRAIN fedexlora 17 openbookqa 3400 / 4000
TRAIN fedexlora 17 openbookqa 3600 / 4000
TRAIN fedexlora 17 openbookqa 3800 / 4000
TRAIN fedexlora 17 openbookqa 4000 / 4000
Round 17 Client 1: samples=4000 updates=500 loss=0.096093
Round 17 Test: openbookqa_accuracy=0.690000 macro_accuracy=0.690000 worst_domain_accuracy=0.690000
TRAIN fedexlora 17 sciq 200 / 4000
TRAIN fedexlora 17 sciq 400 / 4000
TRAIN fedexlora 17 sciq 600 / 4000
TRAIN fedexlora 17 sciq 800 / 4000
TRAIN fedexlora 17 sciq 1000 / 4000
TRAIN fedexlora 17 sciq 1200 / 4000
TRAIN fedexlora 17 sciq 1400 / 4000
TRAIN fedexlora 17 sciq 1600 / 4000
TRAIN fedexlora 17 sciq 1800 / 4000
TRAIN fedexlora 17 sciq 2000 / 4000
TRAIN fedexlora 17 sciq 2200 / 4000
TRAIN fedexlora 17 sciq 2400 / 4000
TRAIN fedexlora 17 sciq 2600 / 4000
TRAIN fedexlora 17 sciq 2800 / 4000
TRAIN fedexlora 17 sciq 3000 / 4000
TRAIN fedexlora 17 sciq 3200 / 4000
TRAIN fedexlora 17 sciq 3400 / 4000
TRAIN fedexlora 17 sciq 3600 / 4000
TRAIN fedexlora 17 sciq 3800 / 4000
TRAIN fedexlora 17 sciq 4000 / 4000
Round 17 Client 2: samples=4000 updates=500 loss=0.045953
Round 17 Test: sciq_accuracy=0.847848 macro_accuracy=0.847848 worst_domain_accuracy=0.847848
TRAIN fedexlora 17 hellaswag 200 / 4000
TRAIN fedexlora 17 hellaswag 400 / 4000
TRAIN fedexlora 17 hellaswag 600 / 4000
TRAIN fedexlora 17 hellaswag 800 / 4000
TRAIN fedexlora 17 hellaswag 1000 / 4000
TRAIN fedexlora 17 hellaswag 1200 / 4000
TRAIN fedexlora 17 hellaswag 1400 / 4000
TRAIN fedexlora 17 hellaswag 1600 / 4000
TRAIN fedexlora 17 hellaswag 1800 / 4000
TRAIN fedexlora 17 hellaswag 2000 / 4000
TRAIN fedexlora 17 hellaswag 2200 / 4000
TRAIN fedexlora 17 hellaswag 2400 / 4000
TRAIN fedexlora 17 hellaswag 2600 / 4000
TRAIN fedexlora 17 hellaswag 2800 / 4000
TRAIN fedexlora 17 hellaswag 3000 / 4000
TRAIN fedexlora 17 hellaswag 3200 / 4000
TRAIN fedexlora 17 hellaswag 3400 / 4000
TRAIN fedexlora 17 hellaswag 3600 / 4000
TRAIN fedexlora 17 hellaswag 3800 / 4000
TRAIN fedexlora 17 hellaswag 4000 / 4000
Round 17 Client 3: samples=4000 updates=500 loss=0.073694
Round 17 Test: hellaswag_accuracy=0.748000 macro_accuracy=0.748000 worst_domain_accuracy=0.748000
TRAIN fedexlora 17 race 200 / 4000
TRAIN fedexlora 17 race 400 / 4000
TRAIN fedexlora 17 race 600 / 4000
TRAIN fedexlora 17 race 800 / 4000
TRAIN fedexlora 17 race 1000 / 4000
TRAIN fedexlora 17 race 1200 / 4000
TRAIN fedexlora 17 race 1400 / 4000
TRAIN fedexlora 17 race 1600 / 4000
TRAIN fedexlora 17 race 1800 / 4000
TRAIN fedexlora 17 race 2000 / 4000
TRAIN fedexlora 17 race 2200 / 4000
TRAIN fedexlora 17 race 2400 / 4000
TRAIN fedexlora 17 race 2600 / 4000
TRAIN fedexlora 17 race 2800 / 4000
TRAIN fedexlora 17 race 3000 / 4000
TRAIN fedexlora 17 race 3200 / 4000
TRAIN fedexlora 17 race 3400 / 4000
TRAIN fedexlora 17 race 3600 / 4000
TRAIN fedexlora 17 race 3800 / 4000
TRAIN fedexlora 17 race 4000 / 4000
Round 17 Client 4: samples=4000 updates=500 loss=0.132787
Round 17 Test: race_accuracy=0.654667 macro_accuracy=0.654667 worst_domain_accuracy=0.654667
Aggregated model updated.
Round 17 Test: cosmosqa_accuracy=0.642000 openbookqa_accuracy=0.652000 sciq_accuracy=0.829830 hellaswag_accuracy=0.698000 race_accuracy=0.650667 macro_accuracy=0.694499 worst_domain_accuracy=0.642000
ROUND fedexlora 17 GLOBAL MACRO 0.6944992992992993
TRAIN fedexlora 18 cosmosqa 200 / 4000
TRAIN fedexlora 18 cosmosqa 400 / 4000
TRAIN fedexlora 18 cosmosqa 600 / 4000
TRAIN fedexlora 18 cosmosqa 800 / 4000
TRAIN fedexlora 18 cosmosqa 1000 / 4000
TRAIN fedexlora 18 cosmosqa 1200 / 4000
TRAIN fedexlora 18 cosmosqa 1400 / 4000
TRAIN fedexlora 18 cosmosqa 1600 / 4000
TRAIN fedexlora 18 cosmosqa 1800 / 4000
TRAIN fedexlora 18 cosmosqa 2000 / 4000
TRAIN fedexlora 18 cosmosqa 2200 / 4000
TRAIN fedexlora 18 cosmosqa 2400 / 4000
TRAIN fedexlora 18 cosmosqa 2600 / 4000
TRAIN fedexlora 18 cosmosqa 2800 / 4000
TRAIN fedexlora 18 cosmosqa 3000 / 4000
TRAIN fedexlora 18 cosmosqa 3200 / 4000
TRAIN fedexlora 18 cosmosqa 3400 / 4000
TRAIN fedexlora 18 cosmosqa 3600 / 4000
TRAIN fedexlora 18 cosmosqa 3800 / 4000
TRAIN fedexlora 18 cosmosqa 4000 / 4000
Round 18 Client 0: samples=4000 updates=500 loss=0.091384
Round 18 Test: cosmosqa_accuracy=0.678000 macro_accuracy=0.678000 worst_domain_accuracy=0.678000
TRAIN fedexlora 18 openbookqa 200 / 4000
TRAIN fedexlora 18 openbookqa 400 / 4000
TRAIN fedexlora 18 openbookqa 600 / 4000
TRAIN fedexlora 18 openbookqa 800 / 4000
TRAIN fedexlora 18 openbookqa 1000 / 4000
TRAIN fedexlora 18 openbookqa 1200 / 4000
TRAIN fedexlora 18 openbookqa 1400 / 4000
TRAIN fedexlora 18 openbookqa 1600 / 4000
TRAIN fedexlora 18 openbookqa 1800 / 4000
TRAIN fedexlora 18 openbookqa 2000 / 4000
TRAIN fedexlora 18 openbookqa 2200 / 4000
TRAIN fedexlora 18 openbookqa 2400 / 4000
TRAIN fedexlora 18 openbookqa 2600 / 4000
TRAIN fedexlora 18 openbookqa 2800 / 4000
TRAIN fedexlora 18 openbookqa 3000 / 4000
TRAIN fedexlora 18 openbookqa 3200 / 4000
TRAIN fedexlora 18 openbookqa 3400 / 4000
TRAIN fedexlora 18 openbookqa 3600 / 4000
TRAIN fedexlora 18 openbookqa 3800 / 4000
TRAIN fedexlora 18 openbookqa 4000 / 4000
Round 18 Client 1: samples=4000 updates=500 loss=0.084982
Round 18 Test: openbookqa_accuracy=0.691000 macro_accuracy=0.691000 worst_domain_accuracy=0.691000
TRAIN fedexlora 18 sciq 200 / 4000
TRAIN fedexlora 18 sciq 400 / 4000
TRAIN fedexlora 18 sciq 600 / 4000
TRAIN fedexlora 18 sciq 800 / 4000
TRAIN fedexlora 18 sciq 1000 / 4000
TRAIN fedexlora 18 sciq 1200 / 4000
TRAIN fedexlora 18 sciq 1400 / 4000
TRAIN fedexlora 18 sciq 1600 / 4000
TRAIN fedexlora 18 sciq 1800 / 4000
TRAIN fedexlora 18 sciq 2000 / 4000
TRAIN fedexlora 18 sciq 2200 / 4000
TRAIN fedexlora 18 sciq 2400 / 4000
TRAIN fedexlora 18 sciq 2600 / 4000
TRAIN fedexlora 18 sciq 2800 / 4000
TRAIN fedexlora 18 sciq 3000 / 4000
TRAIN fedexlora 18 sciq 3200 / 4000
TRAIN fedexlora 18 sciq 3400 / 4000
TRAIN fedexlora 18 sciq 3600 / 4000
TRAIN fedexlora 18 sciq 3800 / 4000
TRAIN fedexlora 18 sciq 4000 / 4000
Round 18 Client 2: samples=4000 updates=500 loss=0.039935
Round 18 Test: sciq_accuracy=0.840340 macro_accuracy=0.840340 worst_domain_accuracy=0.840340
TRAIN fedexlora 18 hellaswag 200 / 4000
TRAIN fedexlora 18 hellaswag 400 / 4000
TRAIN fedexlora 18 hellaswag 600 / 4000
TRAIN fedexlora 18 hellaswag 800 / 4000
TRAIN fedexlora 18 hellaswag 1000 / 4000
TRAIN fedexlora 18 hellaswag 1200 / 4000
TRAIN fedexlora 18 hellaswag 1400 / 4000
TRAIN fedexlora 18 hellaswag 1600 / 4000
TRAIN fedexlora 18 hellaswag 1800 / 4000
TRAIN fedexlora 18 hellaswag 2000 / 4000
TRAIN fedexlora 18 hellaswag 2200 / 4000
TRAIN fedexlora 18 hellaswag 2400 / 4000
TRAIN fedexlora 18 hellaswag 2600 / 4000
TRAIN fedexlora 18 hellaswag 2800 / 4000
TRAIN fedexlora 18 hellaswag 3000 / 4000
TRAIN fedexlora 18 hellaswag 3200 / 4000
TRAIN fedexlora 18 hellaswag 3400 / 4000
TRAIN fedexlora 18 hellaswag 3600 / 4000
TRAIN fedexlora 18 hellaswag 3800 / 4000
TRAIN fedexlora 18 hellaswag 4000 / 4000
Round 18 Client 3: samples=4000 updates=500 loss=0.063277
Round 18 Test: hellaswag_accuracy=0.761333 macro_accuracy=0.761333 worst_domain_accuracy=0.761333
TRAIN fedexlora 18 race 200 / 4000
TRAIN fedexlora 18 race 400 / 4000
TRAIN fedexlora 18 race 600 / 4000
TRAIN fedexlora 18 race 800 / 4000
TRAIN fedexlora 18 race 1000 / 4000
TRAIN fedexlora 18 race 1200 / 4000
TRAIN fedexlora 18 race 1400 / 4000
TRAIN fedexlora 18 race 1600 / 4000
TRAIN fedexlora 18 race 1800 / 4000
TRAIN fedexlora 18 race 2000 / 4000
TRAIN fedexlora 18 race 2200 / 4000
TRAIN fedexlora 18 race 2400 / 4000
TRAIN fedexlora 18 race 2600 / 4000
TRAIN fedexlora 18 race 2800 / 4000
TRAIN fedexlora 18 race 3000 / 4000
TRAIN fedexlora 18 race 3200 / 4000
TRAIN fedexlora 18 race 3400 / 4000
TRAIN fedexlora 18 race 3600 / 4000
TRAIN fedexlora 18 race 3800 / 4000
TRAIN fedexlora 18 race 4000 / 4000
Round 18 Client 4: samples=4000 updates=500 loss=0.116905
Round 18 Test: race_accuracy=0.657333 macro_accuracy=0.657333 worst_domain_accuracy=0.657333
Aggregated model updated.
Round 18 Test: cosmosqa_accuracy=0.648667 openbookqa_accuracy=0.641000 sciq_accuracy=0.828829 hellaswag_accuracy=0.714667 race_accuracy=0.647333 macro_accuracy=0.696099 worst_domain_accuracy=0.641000
ROUND fedexlora 18 GLOBAL MACRO 0.6960990990990992
TRAIN fedexlora 19 cosmosqa 200 / 4000
TRAIN fedexlora 19 cosmosqa 400 / 4000
TRAIN fedexlora 19 cosmosqa 600 / 4000
TRAIN fedexlora 19 cosmosqa 800 / 4000
TRAIN fedexlora 19 cosmosqa 1000 / 4000
TRAIN fedexlora 19 cosmosqa 1200 / 4000
TRAIN fedexlora 19 cosmosqa 1400 / 4000
TRAIN fedexlora 19 cosmosqa 1600 / 4000
TRAIN fedexlora 19 cosmosqa 1800 / 4000
TRAIN fedexlora 19 cosmosqa 2000 / 4000
TRAIN fedexlora 19 cosmosqa 2200 / 4000
TRAIN fedexlora 19 cosmosqa 2400 / 4000
TRAIN fedexlora 19 cosmosqa 2600 / 4000
TRAIN fedexlora 19 cosmosqa 2800 / 4000
TRAIN fedexlora 19 cosmosqa 3000 / 4000
TRAIN fedexlora 19 cosmosqa 3200 / 4000
TRAIN fedexlora 19 cosmosqa 3400 / 4000
TRAIN fedexlora 19 cosmosqa 3600 / 4000
TRAIN fedexlora 19 cosmosqa 3800 / 4000
TRAIN fedexlora 19 cosmosqa 4000 / 4000
Round 19 Client 0: samples=4000 updates=500 loss=0.086195
Round 19 Test: cosmosqa_accuracy=0.652667 macro_accuracy=0.652667 worst_domain_accuracy=0.652667
TRAIN fedexlora 19 openbookqa 200 / 4000
TRAIN fedexlora 19 openbookqa 400 / 4000
TRAIN fedexlora 19 openbookqa 600 / 4000
TRAIN fedexlora 19 openbookqa 800 / 4000
TRAIN fedexlora 19 openbookqa 1000 / 4000
TRAIN fedexlora 19 openbookqa 1200 / 4000
TRAIN fedexlora 19 openbookqa 1400 / 4000
TRAIN fedexlora 19 openbookqa 1600 / 4000
TRAIN fedexlora 19 openbookqa 1800 / 4000
TRAIN fedexlora 19 openbookqa 2000 / 4000
TRAIN fedexlora 19 openbookqa 2200 / 4000
TRAIN fedexlora 19 openbookqa 2400 / 4000
TRAIN fedexlora 19 openbookqa 2600 / 4000
TRAIN fedexlora 19 openbookqa 2800 / 4000
TRAIN fedexlora 19 openbookqa 3000 / 4000
TRAIN fedexlora 19 openbookqa 3200 / 4000
TRAIN fedexlora 19 openbookqa 3400 / 4000
TRAIN fedexlora 19 openbookqa 3600 / 4000
TRAIN fedexlora 19 openbookqa 3800 / 4000
TRAIN fedexlora 19 openbookqa 4000 / 4000
Round 19 Client 1: samples=4000 updates=500 loss=0.078218
Round 19 Test: openbookqa_accuracy=0.686000 macro_accuracy=0.686000 worst_domain_accuracy=0.686000
TRAIN fedexlora 19 sciq 200 / 4000
TRAIN fedexlora 19 sciq 400 / 4000
TRAIN fedexlora 19 sciq 600 / 4000
TRAIN fedexlora 19 sciq 800 / 4000
TRAIN fedexlora 19 sciq 1000 / 4000
TRAIN fedexlora 19 sciq 1200 / 4000
TRAIN fedexlora 19 sciq 1400 / 4000
TRAIN fedexlora 19 sciq 1600 / 4000
TRAIN fedexlora 19 sciq 1800 / 4000
TRAIN fedexlora 19 sciq 2000 / 4000
TRAIN fedexlora 19 sciq 2200 / 4000
TRAIN fedexlora 19 sciq 2400 / 4000
TRAIN fedexlora 19 sciq 2600 / 4000
TRAIN fedexlora 19 sciq 2800 / 4000
TRAIN fedexlora 19 sciq 3000 / 4000
TRAIN fedexlora 19 sciq 3200 / 4000
TRAIN fedexlora 19 sciq 3400 / 4000
TRAIN fedexlora 19 sciq 3600 / 4000
TRAIN fedexlora 19 sciq 3800 / 4000
TRAIN fedexlora 19 sciq 4000 / 4000
Round 19 Client 2: samples=4000 updates=500 loss=0.030010
Round 19 Test: sciq_accuracy=0.844845 macro_accuracy=0.844845 worst_domain_accuracy=0.844845
TRAIN fedexlora 19 hellaswag 200 / 4000
TRAIN fedexlora 19 hellaswag 400 / 4000
TRAIN fedexlora 19 hellaswag 600 / 4000
TRAIN fedexlora 19 hellaswag 800 / 4000
TRAIN fedexlora 19 hellaswag 1000 / 4000
TRAIN fedexlora 19 hellaswag 1200 / 4000
TRAIN fedexlora 19 hellaswag 1400 / 4000
TRAIN fedexlora 19 hellaswag 1600 / 4000
TRAIN fedexlora 19 hellaswag 1800 / 4000
TRAIN fedexlora 19 hellaswag 2000 / 4000
TRAIN fedexlora 19 hellaswag 2200 / 4000
TRAIN fedexlora 19 hellaswag 2400 / 4000
TRAIN fedexlora 19 hellaswag 2600 / 4000
TRAIN fedexlora 19 hellaswag 2800 / 4000
TRAIN fedexlora 19 hellaswag 3000 / 4000
TRAIN fedexlora 19 hellaswag 3200 / 4000
TRAIN fedexlora 19 hellaswag 3400 / 4000
TRAIN fedexlora 19 hellaswag 3600 / 4000
TRAIN fedexlora 19 hellaswag 3800 / 4000
TRAIN fedexlora 19 hellaswag 4000 / 4000
Round 19 Client 3: samples=4000 updates=500 loss=0.055784
Round 19 Test: hellaswag_accuracy=0.759333 macro_accuracy=0.759333 worst_domain_accuracy=0.759333
TRAIN fedexlora 19 race 200 / 4000
TRAIN fedexlora 19 race 400 / 4000
TRAIN fedexlora 19 race 600 / 4000
TRAIN fedexlora 19 race 800 / 4000
TRAIN fedexlora 19 race 1000 / 4000
TRAIN fedexlora 19 race 1200 / 4000
TRAIN fedexlora 19 race 1400 / 4000
TRAIN fedexlora 19 race 1600 / 4000
TRAIN fedexlora 19 race 1800 / 4000
TRAIN fedexlora 19 race 2000 / 4000
TRAIN fedexlora 19 race 2200 / 4000
TRAIN fedexlora 19 race 2400 / 4000
TRAIN fedexlora 19 race 2600 / 4000
TRAIN fedexlora 19 race 2800 / 4000
TRAIN fedexlora 19 race 3000 / 4000
TRAIN fedexlora 19 race 3200 / 4000
TRAIN fedexlora 19 race 3400 / 4000
TRAIN fedexlora 19 race 3600 / 4000
TRAIN fedexlora 19 race 3800 / 4000
TRAIN fedexlora 19 race 4000 / 4000
Round 19 Client 4: samples=4000 updates=500 loss=0.114954
Round 19 Test: race_accuracy=0.665333 macro_accuracy=0.665333 worst_domain_accuracy=0.665333
Aggregated model updated.
Round 19 Test: cosmosqa_accuracy=0.662667 openbookqa_accuracy=0.652000 sciq_accuracy=0.829830 hellaswag_accuracy=0.724667 race_accuracy=0.660667 macro_accuracy=0.705966 worst_domain_accuracy=0.652000
ROUND fedexlora 19 GLOBAL MACRO 0.705965965965966
TRAIN fedexlora 20 cosmosqa 200 / 4000
TRAIN fedexlora 20 cosmosqa 400 / 4000
TRAIN fedexlora 20 cosmosqa 600 / 4000
TRAIN fedexlora 20 cosmosqa 800 / 4000
TRAIN fedexlora 20 cosmosqa 1000 / 4000
TRAIN fedexlora 20 cosmosqa 1200 / 4000
TRAIN fedexlora 20 cosmosqa 1400 / 4000
TRAIN fedexlora 20 cosmosqa 1600 / 4000
TRAIN fedexlora 20 cosmosqa 1800 / 4000
TRAIN fedexlora 20 cosmosqa 2000 / 4000
TRAIN fedexlora 20 cosmosqa 2200 / 4000
TRAIN fedexlora 20 cosmosqa 2400 / 4000
TRAIN fedexlora 20 cosmosqa 2600 / 4000
TRAIN fedexlora 20 cosmosqa 2800 / 4000
TRAIN fedexlora 20 cosmosqa 3000 / 4000
TRAIN fedexlora 20 cosmosqa 3200 / 4000
TRAIN fedexlora 20 cosmosqa 3400 / 4000
TRAIN fedexlora 20 cosmosqa 3600 / 4000
TRAIN fedexlora 20 cosmosqa 3800 / 4000
TRAIN fedexlora 20 cosmosqa 4000 / 4000
Round 20 Client 0: samples=4000 updates=500 loss=0.081656
Round 20 Test: cosmosqa_accuracy=0.671333 macro_accuracy=0.671333 worst_domain_accuracy=0.671333
TRAIN fedexlora 20 openbookqa 200 / 4000
TRAIN fedexlora 20 openbookqa 400 / 4000
TRAIN fedexlora 20 openbookqa 600 / 4000
TRAIN fedexlora 20 openbookqa 800 / 4000
TRAIN fedexlora 20 openbookqa 1000 / 4000
TRAIN fedexlora 20 openbookqa 1200 / 4000
TRAIN fedexlora 20 openbookqa 1400 / 4000
TRAIN fedexlora 20 openbookqa 1600 / 4000
TRAIN fedexlora 20 openbookqa 1800 / 4000
TRAIN fedexlora 20 openbookqa 2000 / 4000
TRAIN fedexlora 20 openbookqa 2200 / 4000
TRAIN fedexlora 20 openbookqa 2400 / 4000
TRAIN fedexlora 20 openbookqa 2600 / 4000
TRAIN fedexlora 20 openbookqa 2800 / 4000
TRAIN fedexlora 20 openbookqa 3000 / 4000
TRAIN fedexlora 20 openbookqa 3200 / 4000
TRAIN fedexlora 20 openbookqa 3400 / 4000
TRAIN fedexlora 20 openbookqa 3600 / 4000
TRAIN fedexlora 20 openbookqa 3800 / 4000
TRAIN fedexlora 20 openbookqa 4000 / 4000
Round 20 Client 1: samples=4000 updates=500 loss=0.068657
Round 20 Test: openbookqa_accuracy=0.678000 macro_accuracy=0.678000 worst_domain_accuracy=0.678000
TRAIN fedexlora 20 sciq 200 / 4000
TRAIN fedexlora 20 sciq 400 / 4000
TRAIN fedexlora 20 sciq 600 / 4000
TRAIN fedexlora 20 sciq 800 / 4000
TRAIN fedexlora 20 sciq 1000 / 4000
TRAIN fedexlora 20 sciq 1200 / 4000
TRAIN fedexlora 20 sciq 1400 / 4000
TRAIN fedexlora 20 sciq 1600 / 4000
TRAIN fedexlora 20 sciq 1800 / 4000
TRAIN fedexlora 20 sciq 2000 / 4000
TRAIN fedexlora 20 sciq 2200 / 4000
TRAIN fedexlora 20 sciq 2400 / 4000
TRAIN fedexlora 20 sciq 2600 / 4000
TRAIN fedexlora 20 sciq 2800 / 4000
TRAIN fedexlora 20 sciq 3000 / 4000
TRAIN fedexlora 20 sciq 3200 / 4000
TRAIN fedexlora 20 sciq 3400 / 4000
TRAIN fedexlora 20 sciq 3600 / 4000
TRAIN fedexlora 20 sciq 3800 / 4000
TRAIN fedexlora 20 sciq 4000 / 4000
Round 20 Client 2: samples=4000 updates=500 loss=0.036494
Round 20 Test: sciq_accuracy=0.838338 macro_accuracy=0.838338 worst_domain_accuracy=0.838338
TRAIN fedexlora 20 hellaswag 200 / 4000
TRAIN fedexlora 20 hellaswag 400 / 4000
TRAIN fedexlora 20 hellaswag 600 / 4000
TRAIN fedexlora 20 hellaswag 800 / 4000
TRAIN fedexlora 20 hellaswag 1000 / 4000
TRAIN fedexlora 20 hellaswag 1200 / 4000
TRAIN fedexlora 20 hellaswag 1400 / 4000
TRAIN fedexlora 20 hellaswag 1600 / 4000
TRAIN fedexlora 20 hellaswag 1800 / 4000
TRAIN fedexlora 20 hellaswag 2000 / 4000
TRAIN fedexlora 20 hellaswag 2200 / 4000
TRAIN fedexlora 20 hellaswag 2400 / 4000
TRAIN fedexlora 20 hellaswag 2600 / 4000
TRAIN fedexlora 20 hellaswag 2800 / 4000
TRAIN fedexlora 20 hellaswag 3000 / 4000
TRAIN fedexlora 20 hellaswag 3200 / 4000
TRAIN fedexlora 20 hellaswag 3400 / 4000
TRAIN fedexlora 20 hellaswag 3600 / 4000
TRAIN fedexlora 20 hellaswag 3800 / 4000
TRAIN fedexlora 20 hellaswag 4000 / 4000
Round 20 Client 3: samples=4000 updates=500 loss=0.055031
Round 20 Test: hellaswag_accuracy=0.764667 macro_accuracy=0.764667 worst_domain_accuracy=0.764667
TRAIN fedexlora 20 race 200 / 4000
TRAIN fedexlora 20 race 400 / 4000
TRAIN fedexlora 20 race 600 / 4000
TRAIN fedexlora 20 race 800 / 4000
TRAIN fedexlora 20 race 1000 / 4000
TRAIN fedexlora 20 race 1200 / 4000
TRAIN fedexlora 20 race 1400 / 4000
TRAIN fedexlora 20 race 1600 / 4000
TRAIN fedexlora 20 race 1800 / 4000
TRAIN fedexlora 20 race 2000 / 4000
TRAIN fedexlora 20 race 2200 / 4000
TRAIN fedexlora 20 race 2400 / 4000
TRAIN fedexlora 20 race 2600 / 4000
TRAIN fedexlora 20 race 2800 / 4000
TRAIN fedexlora 20 race 3000 / 4000
TRAIN fedexlora 20 race 3200 / 4000
TRAIN fedexlora 20 race 3400 / 4000
TRAIN fedexlora 20 race 3600 / 4000
TRAIN fedexlora 20 race 3800 / 4000
TRAIN fedexlora 20 race 4000 / 4000
Round 20 Client 4: samples=4000 updates=500 loss=0.111343
Round 20 Test: race_accuracy=0.654000 macro_accuracy=0.654000 worst_domain_accuracy=0.654000
Aggregated model updated.
Round 20 Test: cosmosqa_accuracy=0.662667 openbookqa_accuracy=0.660000 sciq_accuracy=0.821321 hellaswag_accuracy=0.708667 race_accuracy=0.654667 macro_accuracy=0.701464 worst_domain_accuracy=0.654667
ROUND fedexlora 20 GLOBAL MACRO 0.7014642642642642
