
START 2026-10-07T21:47:54.069318+00:00
TRANSFER CHECK PASSED (file hashes disabled): four complete round10 states; 20000 train / 7498 tests
SERVER ENVIRONMENT {'torch': '2.7.1+cu118', 'transformers': '4.57.6', 'peft': '0.20.0', 'numpy': '2.1.2', 'datasets': '4.2.0', 'safetensors': '0.6.2', 'PyYAML': '6.0.3', 'accelerate': '1.14.0'}
CUDA_VISIBLE_DEVICES=1 is already set; leaving it in place instead of overriding --device 0.
TRAIN fedmomentum 11 cosmosqa 200 / 4000
TRAIN fedmomentum 11 cosmosqa 400 / 4000
TRAIN fedmomentum 11 cosmosqa 600 / 4000
TRAIN fedmomentum 11 cosmosqa 800 / 4000
TRAIN fedmomentum 11 cosmosqa 1000 / 4000
TRAIN fedmomentum 11 cosmosqa 1200 / 4000
TRAIN fedmomentum 11 cosmosqa 1400 / 4000
TRAIN fedmomentum 11 cosmosqa 1600 / 4000
TRAIN fedmomentum 11 cosmosqa 1800 / 4000
TRAIN fedmomentum 11 cosmosqa 2000 / 4000
TRAIN fedmomentum 11 cosmosqa 2200 / 4000
TRAIN fedmomentum 11 cosmosqa 2400 / 4000
TRAIN fedmomentum 11 cosmosqa 2600 / 4000
TRAIN fedmomentum 11 cosmosqa 2800 / 4000
TRAIN fedmomentum 11 cosmosqa 3000 / 4000
TRAIN fedmomentum 11 cosmosqa 3200 / 4000
TRAIN fedmomentum 11 cosmosqa 3400 / 4000
TRAIN fedmomentum 11 cosmosqa 3600 / 4000
TRAIN fedmomentum 11 cosmosqa 3800 / 4000
TRAIN fedmomentum 11 cosmosqa 4000 / 4000
Round 11 Client 0: samples=4000 updates=500 loss=0.147741
Round 11 Test: cosmosqa_accuracy=0.666667 macro_accuracy=0.666667 worst_domain_accuracy=0.666667
TRAIN fedmomentum 11 openbookqa 200 / 4000
TRAIN fedmomentum 11 openbookqa 400 / 4000
TRAIN fedmomentum 11 openbookqa 600 / 4000
TRAIN fedmomentum 11 openbookqa 800 / 4000
TRAIN fedmomentum 11 openbookqa 1000 / 4000
TRAIN fedmomentum 11 openbookqa 1200 / 4000
TRAIN fedmomentum 11 openbookqa 1400 / 4000
TRAIN fedmomentum 11 openbookqa 1600 / 4000
TRAIN fedmomentum 11 openbookqa 1800 / 4000
TRAIN fedmomentum 11 openbookqa 2000 / 4000
TRAIN fedmomentum 11 openbookqa 2200 / 4000
TRAIN fedmomentum 11 openbookqa 2400 / 4000
TRAIN fedmomentum 11 openbookqa 2600 / 4000
TRAIN fedmomentum 11 openbookqa 2800 / 4000
TRAIN fedmomentum 11 openbookqa 3000 / 4000
TRAIN fedmomentum 11 openbookqa 3200 / 4000
TRAIN fedmomentum 11 openbookqa 3400 / 4000
TRAIN fedmomentum 11 openbookqa 3600 / 4000
TRAIN fedmomentum 11 openbookqa 3800 / 4000
TRAIN fedmomentum 11 openbookqa 4000 / 4000
Round 11 Client 1: samples=4000 updates=500 loss=0.125648
Round 11 Test: openbookqa_accuracy=0.667000 macro_accuracy=0.667000 worst_domain_accuracy=0.667000
TRAIN fedmomentum 11 sciq 200 / 4000
TRAIN fedmomentum 11 sciq 400 / 4000
TRAIN fedmomentum 11 sciq 600 / 4000
TRAIN fedmomentum 11 sciq 800 / 4000
TRAIN fedmomentum 11 sciq 1000 / 4000
TRAIN fedmomentum 11 sciq 1200 / 4000
TRAIN fedmomentum 11 sciq 1400 / 4000
TRAIN fedmomentum 11 sciq 1600 / 4000
TRAIN fedmomentum 11 sciq 1800 / 4000
TRAIN fedmomentum 11 sciq 2000 / 4000
TRAIN fedmomentum 11 sciq 2200 / 4000
TRAIN fedmomentum 11 sciq 2400 / 4000
TRAIN fedmomentum 11 sciq 2600 / 4000
TRAIN fedmomentum 11 sciq 2800 / 4000
TRAIN fedmomentum 11 sciq 3000 / 4000
TRAIN fedmomentum 11 sciq 3200 / 4000
TRAIN fedmomentum 11 sciq 3400 / 4000
TRAIN fedmomentum 11 sciq 3600 / 4000
TRAIN fedmomentum 11 sciq 3800 / 4000
TRAIN fedmomentum 11 sciq 4000 / 4000
Round 11 Client 2: samples=4000 updates=500 loss=0.058777
Round 11 Test: sciq_accuracy=0.844344 macro_accuracy=0.844344 worst_domain_accuracy=0.844344
TRAIN fedmomentum 11 hellaswag 200 / 4000
TRAIN fedmomentum 11 hellaswag 400 / 4000
TRAIN fedmomentum 11 hellaswag 600 / 4000
TRAIN fedmomentum 11 hellaswag 800 / 4000
TRAIN fedmomentum 11 hellaswag 1000 / 4000
TRAIN fedmomentum 11 hellaswag 1200 / 4000
TRAIN fedmomentum 11 hellaswag 1400 / 4000
TRAIN fedmomentum 11 hellaswag 1600 / 4000
TRAIN fedmomentum 11 hellaswag 1800 / 4000
TRAIN fedmomentum 11 hellaswag 2000 / 4000
TRAIN fedmomentum 11 hellaswag 2200 / 4000
TRAIN fedmomentum 11 hellaswag 2400 / 4000
TRAIN fedmomentum 11 hellaswag 2600 / 4000
TRAIN fedmomentum 11 hellaswag 2800 / 4000
TRAIN fedmomentum 11 hellaswag 3000 / 4000
TRAIN fedmomentum 11 hellaswag 3200 / 4000
TRAIN fedmomentum 11 hellaswag 3400 / 4000
TRAIN fedmomentum 11 hellaswag 3600 / 4000
TRAIN fedmomentum 11 hellaswag 3800 / 4000
TRAIN fedmomentum 11 hellaswag 4000 / 4000
Round 11 Client 3: samples=4000 updates=500 loss=0.109766
Round 11 Test: hellaswag_accuracy=0.764000 macro_accuracy=0.764000 worst_domain_accuracy=0.764000
TRAIN fedmomentum 11 race 200 / 4000
TRAIN fedmomentum 11 race 400 / 4000
TRAIN fedmomentum 11 race 600 / 4000
TRAIN fedmomentum 11 race 800 / 4000
TRAIN fedmomentum 11 race 1000 / 4000
TRAIN fedmomentum 11 race 1200 / 4000
TRAIN fedmomentum 11 race 1400 / 4000
TRAIN fedmomentum 11 race 1600 / 4000
TRAIN fedmomentum 11 race 1800 / 4000
TRAIN fedmomentum 11 race 2000 / 4000
TRAIN fedmomentum 11 race 2200 / 4000
TRAIN fedmomentum 11 race 2400 / 4000
TRAIN fedmomentum 11 race 2600 / 4000
TRAIN fedmomentum 11 race 2800 / 4000
TRAIN fedmomentum 11 race 3000 / 4000
TRAIN fedmomentum 11 race 3200 / 4000
TRAIN fedmomentum 11 race 3400 / 4000
TRAIN fedmomentum 11 race 3600 / 4000
TRAIN fedmomentum 11 race 3800 / 4000
TRAIN fedmomentum 11 race 4000 / 4000
Round 11 Client 4: samples=4000 updates=500 loss=0.188594
Round 11 Test: race_accuracy=0.660667 macro_accuracy=0.660667 worst_domain_accuracy=0.660667
Round 11 Test: cosmosqa_accuracy=0.643333 openbookqa_accuracy=0.648000 sciq_accuracy=0.830831 hellaswag_accuracy=0.706667 race_accuracy=0.640000 macro_accuracy=0.693766 worst_domain_accuracy=0.640000
ROUND fedmomentum 11 GLOBAL MACRO 0.6937661661661662
TRAIN fedmomentum 12 cosmosqa 200 / 4000
TRAIN fedmomentum 12 cosmosqa 400 / 4000
TRAIN fedmomentum 12 cosmosqa 600 / 4000
TRAIN fedmomentum 12 cosmosqa 800 / 4000
TRAIN fedmomentum 12 cosmosqa 1000 / 4000
TRAIN fedmomentum 12 cosmosqa 1200 / 4000
TRAIN fedmomentum 12 cosmosqa 1400 / 4000
TRAIN fedmomentum 12 cosmosqa 1600 / 4000
TRAIN fedmomentum 12 cosmosqa 1800 / 4000
TRAIN fedmomentum 12 cosmosqa 2000 / 4000
TRAIN fedmomentum 12 cosmosqa 2200 / 4000
TRAIN fedmomentum 12 cosmosqa 2400 / 4000
TRAIN fedmomentum 12 cosmosqa 2600 / 4000
TRAIN fedmomentum 12 cosmosqa 2800 / 4000
TRAIN fedmomentum 12 cosmosqa 3000 / 4000
TRAIN fedmomentum 12 cosmosqa 3200 / 4000
TRAIN fedmomentum 12 cosmosqa 3400 / 4000
TRAIN fedmomentum 12 cosmosqa 3600 / 4000
TRAIN fedmomentum 12 cosmosqa 3800 / 4000
TRAIN fedmomentum 12 cosmosqa 4000 / 4000
Round 12 Client 0: samples=4000 updates=500 loss=0.130102
Round 12 Test: cosmosqa_accuracy=0.674667 macro_accuracy=0.674667 worst_domain_accuracy=0.674667
TRAIN fedmomentum 12 openbookqa 200 / 4000
TRAIN fedmomentum 12 openbookqa 400 / 4000
TRAIN fedmomentum 12 openbookqa 600 / 4000
TRAIN fedmomentum 12 openbookqa 800 / 4000
TRAIN fedmomentum 12 openbookqa 1000 / 4000
TRAIN fedmomentum 12 openbookqa 1200 / 4000
TRAIN fedmomentum 12 openbookqa 1400 / 4000
TRAIN fedmomentum 12 openbookqa 1600 / 4000
TRAIN fedmomentum 12 openbookqa 1800 / 4000
TRAIN fedmomentum 12 openbookqa 2000 / 4000
TRAIN fedmomentum 12 openbookqa 2200 / 4000
TRAIN fedmomentum 12 openbookqa 2400 / 4000
TRAIN fedmomentum 12 openbookqa 2600 / 4000
TRAIN fedmomentum 12 openbookqa 2800 / 4000
TRAIN fedmomentum 12 openbookqa 3000 / 4000
TRAIN fedmomentum 12 openbookqa 3200 / 4000
TRAIN fedmomentum 12 openbookqa 3400 / 4000
TRAIN fedmomentum 12 openbookqa 3600 / 4000
TRAIN fedmomentum 12 openbookqa 3800 / 4000
TRAIN fedmomentum 12 openbookqa 4000 / 4000
Round 12 Client 1: samples=4000 updates=500 loss=0.114239
Round 12 Test: openbookqa_accuracy=0.692000 macro_accuracy=0.692000 worst_domain_accuracy=0.692000
TRAIN fedmomentum 12 sciq 200 / 4000
TRAIN fedmomentum 12 sciq 400 / 4000
TRAIN fedmomentum 12 sciq 600 / 4000
TRAIN fedmomentum 12 sciq 800 / 4000
TRAIN fedmomentum 12 sciq 1000 / 4000
TRAIN fedmomentum 12 sciq 1200 / 4000
TRAIN fedmomentum 12 sciq 1400 / 4000
TRAIN fedmomentum 12 sciq 1600 / 4000
TRAIN fedmomentum 12 sciq 1800 / 4000
TRAIN fedmomentum 12 sciq 2000 / 4000
TRAIN fedmomentum 12 sciq 2200 / 4000
TRAIN fedmomentum 12 sciq 2400 / 4000
TRAIN fedmomentum 12 sciq 2600 / 4000
TRAIN fedmomentum 12 sciq 2800 / 4000
TRAIN fedmomentum 12 sciq 3000 / 4000
TRAIN fedmomentum 12 sciq 3200 / 4000
TRAIN fedmomentum 12 sciq 3400 / 4000
TRAIN fedmomentum 12 sciq 3600 / 4000
TRAIN fedmomentum 12 sciq 3800 / 4000
TRAIN fedmomentum 12 sciq 4000 / 4000
Round 12 Client 2: samples=4000 updates=500 loss=0.051969
Round 12 Test: sciq_accuracy=0.843844 macro_accuracy=0.843844 worst_domain_accuracy=0.843844
TRAIN fedmomentum 12 hellaswag 200 / 4000
TRAIN fedmomentum 12 hellaswag 400 / 4000
TRAIN fedmomentum 12 hellaswag 600 / 4000
TRAIN fedmomentum 12 hellaswag 800 / 4000
TRAIN fedmomentum 12 hellaswag 1000 / 4000
TRAIN fedmomentum 12 hellaswag 1200 / 4000
TRAIN fedmomentum 12 hellaswag 1400 / 4000
TRAIN fedmomentum 12 hellaswag 1600 / 4000
TRAIN fedmomentum 12 hellaswag 1800 / 4000
TRAIN fedmomentum 12 hellaswag 2000 / 4000
TRAIN fedmomentum 12 hellaswag 2200 / 4000
TRAIN fedmomentum 12 hellaswag 2400 / 4000
TRAIN fedmomentum 12 hellaswag 2600 / 4000
TRAIN fedmomentum 12 hellaswag 2800 / 4000
TRAIN fedmomentum 12 hellaswag 3000 / 4000
TRAIN fedmomentum 12 hellaswag 3200 / 4000
TRAIN fedmomentum 12 hellaswag 3400 / 4000
TRAIN fedmomentum 12 hellaswag 3600 / 4000
TRAIN fedmomentum 12 hellaswag 3800 / 4000
TRAIN fedmomentum 12 hellaswag 4000 / 4000
Round 12 Client 3: samples=4000 updates=500 loss=0.094953
Round 12 Test: hellaswag_accuracy=0.758000 macro_accuracy=0.758000 worst_domain_accuracy=0.758000
TRAIN fedmomentum 12 race 200 / 4000
TRAIN fedmomentum 12 race 400 / 4000
TRAIN fedmomentum 12 race 600 / 4000
TRAIN fedmomentum 12 race 800 / 4000
TRAIN fedmomentum 12 race 1000 / 4000
TRAIN fedmomentum 12 race 1200 / 4000
TRAIN fedmomentum 12 race 1400 / 4000
TRAIN fedmomentum 12 race 1600 / 4000
TRAIN fedmomentum 12 race 1800 / 4000
TRAIN fedmomentum 12 race 2000 / 4000
TRAIN fedmomentum 12 race 2200 / 4000
TRAIN fedmomentum 12 race 2400 / 4000
TRAIN fedmomentum 12 race 2600 / 4000
TRAIN fedmomentum 12 race 2800 / 4000
TRAIN fedmomentum 12 race 3000 / 4000
TRAIN fedmomentum 12 race 3200 / 4000
TRAIN fedmomentum 12 race 3400 / 4000
TRAIN fedmomentum 12 race 3600 / 4000
TRAIN fedmomentum 12 race 3800 / 4000
TRAIN fedmomentum 12 race 4000 / 4000
Round 12 Client 4: samples=4000 updates=500 loss=0.177559
Round 12 Test: race_accuracy=0.677333 macro_accuracy=0.677333 worst_domain_accuracy=0.677333
Round 12 Test: cosmosqa_accuracy=0.655333 openbookqa_accuracy=0.654000 sciq_accuracy=0.834835 hellaswag_accuracy=0.710000 race_accuracy=0.641333 macro_accuracy=0.699100 worst_domain_accuracy=0.641333
ROUND fedmomentum 12 GLOBAL MACRO 0.6991003003003003
TRAIN fedmomentum 13 cosmosqa 200 / 4000
TRAIN fedmomentum 13 cosmosqa 400 / 4000
TRAIN fedmomentum 13 cosmosqa 600 / 4000
TRAIN fedmomentum 13 cosmosqa 800 / 4000
TRAIN fedmomentum 13 cosmosqa 1000 / 4000
TRAIN fedmomentum 13 cosmosqa 1200 / 4000
TRAIN fedmomentum 13 cosmosqa 1400 / 4000
TRAIN fedmomentum 13 cosmosqa 1600 / 4000
TRAIN fedmomentum 13 cosmosqa 1800 / 4000
TRAIN fedmomentum 13 cosmosqa 2000 / 4000
TRAIN fedmomentum 13 cosmosqa 2200 / 4000
TRAIN fedmomentum 13 cosmosqa 2400 / 4000
TRAIN fedmomentum 13 cosmosqa 2600 / 4000
TRAIN fedmomentum 13 cosmosqa 2800 / 4000
TRAIN fedmomentum 13 cosmosqa 3000 / 4000
TRAIN fedmomentum 13 cosmosqa 3200 / 4000
TRAIN fedmomentum 13 cosmosqa 3400 / 4000
TRAIN fedmomentum 13 cosmosqa 3600 / 4000
TRAIN fedmomentum 13 cosmosqa 3800 / 4000
TRAIN fedmomentum 13 cosmosqa 4000 / 4000
Round 13 Client 0: samples=4000 updates=500 loss=0.118664
Round 13 Test: cosmosqa_accuracy=0.653333 macro_accuracy=0.653333 worst_domain_accuracy=0.653333
TRAIN fedmomentum 13 openbookqa 200 / 4000
TRAIN fedmomentum 13 openbookqa 400 / 4000
TRAIN fedmomentum 13 openbookqa 600 / 4000
TRAIN fedmomentum 13 openbookqa 800 / 4000
TRAIN fedmomentum 13 openbookqa 1000 / 4000
TRAIN fedmomentum 13 openbookqa 1200 / 4000
TRAIN fedmomentum 13 openbookqa 1400 / 4000
TRAIN fedmomentum 13 openbookqa 1600 / 4000
TRAIN fedmomentum 13 openbookqa 1800 / 4000
TRAIN fedmomentum 13 openbookqa 2000 / 4000
TRAIN fedmomentum 13 openbookqa 2200 / 4000
TRAIN fedmomentum 13 openbookqa 2400 / 4000
TRAIN fedmomentum 13 openbookqa 2600 / 4000
TRAIN fedmomentum 13 openbookqa 2800 / 4000
TRAIN fedmomentum 13 openbookqa 3000 / 4000
TRAIN fedmomentum 13 openbookqa 3200 / 4000
TRAIN fedmomentum 13 openbookqa 3400 / 4000
TRAIN fedmomentum 13 openbookqa 3600 / 4000
TRAIN fedmomentum 13 openbookqa 3800 / 4000
TRAIN fedmomentum 13 openbookqa 4000 / 4000
Round 13 Client 1: samples=4000 updates=500 loss=0.104426
Round 13 Test: openbookqa_accuracy=0.707000 macro_accuracy=0.707000 worst_domain_accuracy=0.707000
TRAIN fedmomentum 13 sciq 200 / 4000
TRAIN fedmomentum 13 sciq 400 / 4000
TRAIN fedmomentum 13 sciq 600 / 4000
TRAIN fedmomentum 13 sciq 800 / 4000
TRAIN fedmomentum 13 sciq 1000 / 4000
TRAIN fedmomentum 13 sciq 1200 / 4000
TRAIN fedmomentum 13 sciq 1400 / 4000
TRAIN fedmomentum 13 sciq 1600 / 4000
TRAIN fedmomentum 13 sciq 1800 / 4000
TRAIN fedmomentum 13 sciq 2000 / 4000
TRAIN fedmomentum 13 sciq 2200 / 4000
TRAIN fedmomentum 13 sciq 2400 / 4000
TRAIN fedmomentum 13 sciq 2600 / 4000
TRAIN fedmomentum 13 sciq 2800 / 4000
TRAIN fedmomentum 13 sciq 3000 / 4000
TRAIN fedmomentum 13 sciq 3200 / 4000
TRAIN fedmomentum 13 sciq 3400 / 4000
TRAIN fedmomentum 13 sciq 3600 / 4000
TRAIN fedmomentum 13 sciq 3800 / 4000
TRAIN fedmomentum 13 sciq 4000 / 4000
Round 13 Client 2: samples=4000 updates=500 loss=0.046029
Round 13 Test: sciq_accuracy=0.844845 macro_accuracy=0.844845 worst_domain_accuracy=0.844845
TRAIN fedmomentum 13 hellaswag 200 / 4000
TRAIN fedmomentum 13 hellaswag 400 / 4000
TRAIN fedmomentum 13 hellaswag 600 / 4000
TRAIN fedmomentum 13 hellaswag 800 / 4000
TRAIN fedmomentum 13 hellaswag 1000 / 4000
TRAIN fedmomentum 13 hellaswag 1200 / 4000
TRAIN fedmomentum 13 hellaswag 1400 / 4000
TRAIN fedmomentum 13 hellaswag 1600 / 4000
TRAIN fedmomentum 13 hellaswag 1800 / 4000
TRAIN fedmomentum 13 hellaswag 2000 / 4000
TRAIN fedmomentum 13 hellaswag 2200 / 4000
TRAIN fedmomentum 13 hellaswag 2400 / 4000
TRAIN fedmomentum 13 hellaswag 2600 / 4000
TRAIN fedmomentum 13 hellaswag 2800 / 4000
TRAIN fedmomentum 13 hellaswag 3000 / 4000
TRAIN fedmomentum 13 hellaswag 3200 / 4000
TRAIN fedmomentum 13 hellaswag 3400 / 4000
TRAIN fedmomentum 13 hellaswag 3600 / 4000
TRAIN fedmomentum 13 hellaswag 3800 / 4000
TRAIN fedmomentum 13 hellaswag 4000 / 4000
Round 13 Client 3: samples=4000 updates=500 loss=0.084399
Round 13 Test: hellaswag_accuracy=0.772000 macro_accuracy=0.772000 worst_domain_accuracy=0.772000
TRAIN fedmomentum 13 race 200 / 4000
TRAIN fedmomentum 13 race 400 / 4000
TRAIN fedmomentum 13 race 600 / 4000
TRAIN fedmomentum 13 race 800 / 4000
TRAIN fedmomentum 13 race 1000 / 4000
TRAIN fedmomentum 13 race 1200 / 4000
TRAIN fedmomentum 13 race 1400 / 4000
TRAIN fedmomentum 13 race 1600 / 4000
TRAIN fedmomentum 13 race 1800 / 4000
TRAIN fedmomentum 13 race 2000 / 4000
TRAIN fedmomentum 13 race 2200 / 4000
TRAIN fedmomentum 13 race 2400 / 4000
TRAIN fedmomentum 13 race 2600 / 4000
TRAIN fedmomentum 13 race 2800 / 4000
TRAIN fedmomentum 13 race 3000 / 4000
TRAIN fedmomentum 13 race 3200 / 4000
TRAIN fedmomentum 13 race 3400 / 4000
TRAIN fedmomentum 13 race 3600 / 4000
TRAIN fedmomentum 13 race 3800 / 4000
TRAIN fedmomentum 13 race 4000 / 4000
Round 13 Client 4: samples=4000 updates=500 loss=0.156859
Round 13 Test: race_accuracy=0.659333 macro_accuracy=0.659333 worst_domain_accuracy=0.659333
Round 13 Test: cosmosqa_accuracy=0.651333 openbookqa_accuracy=0.642000 sciq_accuracy=0.834835 hellaswag_accuracy=0.728000 race_accuracy=0.643333 macro_accuracy=0.699900 worst_domain_accuracy=0.642000
ROUND fedmomentum 13 GLOBAL MACRO 0.6999003003003003
TRAIN fedmomentum 14 cosmosqa 200 / 4000
TRAIN fedmomentum 14 cosmosqa 400 / 4000
TRAIN fedmomentum 14 cosmosqa 600 / 4000
TRAIN fedmomentum 14 cosmosqa 800 / 4000
TRAIN fedmomentum 14 cosmosqa 1000 / 4000
TRAIN fedmomentum 14 cosmosqa 1200 / 4000
TRAIN fedmomentum 14 cosmosqa 1400 / 4000
TRAIN fedmomentum 14 cosmosqa 1600 / 4000
TRAIN fedmomentum 14 cosmosqa 1800 / 4000
TRAIN fedmomentum 14 cosmosqa 2000 / 4000
TRAIN fedmomentum 14 cosmosqa 2200 / 4000
TRAIN fedmomentum 14 cosmosqa 2400 / 4000
TRAIN fedmomentum 14 cosmosqa 2600 / 4000
TRAIN fedmomentum 14 cosmosqa 2800 / 4000
TRAIN fedmomentum 14 cosmosqa 3000 / 4000
TRAIN fedmomentum 14 cosmosqa 3200 / 4000
TRAIN fedmomentum 14 cosmosqa 3400 / 4000
TRAIN fedmomentum 14 cosmosqa 3600 / 4000
TRAIN fedmomentum 14 cosmosqa 3800 / 4000
TRAIN fedmomentum 14 cosmosqa 4000 / 4000
Round 14 Client 0: samples=4000 updates=500 loss=0.106483
Round 14 Test: cosmosqa_accuracy=0.666000 macro_accuracy=0.666000 worst_domain_accuracy=0.666000
TRAIN fedmomentum 14 openbookqa 200 / 4000
TRAIN fedmomentum 14 openbookqa 400 / 4000
TRAIN fedmomentum 14 openbookqa 600 / 4000
TRAIN fedmomentum 14 openbookqa 800 / 4000
TRAIN fedmomentum 14 openbookqa 1000 / 4000
TRAIN fedmomentum 14 openbookqa 1200 / 4000
TRAIN fedmomentum 14 openbookqa 1400 / 4000
TRAIN fedmomentum 14 openbookqa 1600 / 4000
TRAIN fedmomentum 14 openbookqa 1800 / 4000
TRAIN fedmomentum 14 openbookqa 2000 / 4000
TRAIN fedmomentum 14 openbookqa 2200 / 4000
TRAIN fedmomentum 14 openbookqa 2400 / 4000
TRAIN fedmomentum 14 openbookqa 2600 / 4000
TRAIN fedmomentum 14 openbookqa 2800 / 4000
TRAIN fedmomentum 14 openbookqa 3000 / 4000
TRAIN fedmomentum 14 openbookqa 3200 / 4000
TRAIN fedmomentum 14 openbookqa 3400 / 4000
TRAIN fedmomentum 14 openbookqa 3600 / 4000
TRAIN fedmomentum 14 openbookqa 3800 / 4000
TRAIN fedmomentum 14 openbookqa 4000 / 4000
Round 14 Client 1: samples=4000 updates=500 loss=0.092942
Round 14 Test: openbookqa_accuracy=0.689000 macro_accuracy=0.689000 worst_domain_accuracy=0.689000
TRAIN fedmomentum 14 sciq 200 / 4000
TRAIN fedmomentum 14 sciq 400 / 4000
TRAIN fedmomentum 14 sciq 600 / 4000
TRAIN fedmomentum 14 sciq 800 / 4000
TRAIN fedmomentum 14 sciq 1000 / 4000
TRAIN fedmomentum 14 sciq 1200 / 4000
TRAIN fedmomentum 14 sciq 1400 / 4000
TRAIN fedmomentum 14 sciq 1600 / 4000
TRAIN fedmomentum 14 sciq 1800 / 4000
TRAIN fedmomentum 14 sciq 2000 / 4000
TRAIN fedmomentum 14 sciq 2200 / 4000
TRAIN fedmomentum 14 sciq 2400 / 4000
TRAIN fedmomentum 14 sciq 2600 / 4000
TRAIN fedmomentum 14 sciq 2800 / 4000
TRAIN fedmomentum 14 sciq 3000 / 4000
TRAIN fedmomentum 14 sciq 3200 / 4000
TRAIN fedmomentum 14 sciq 3400 / 4000
TRAIN fedmomentum 14 sciq 3600 / 4000
TRAIN fedmomentum 14 sciq 3800 / 4000
TRAIN fedmomentum 14 sciq 4000 / 4000
Round 14 Client 2: samples=4000 updates=500 loss=0.039013
Round 14 Test: sciq_accuracy=0.836336 macro_accuracy=0.836336 worst_domain_accuracy=0.836336
TRAIN fedmomentum 14 hellaswag 200 / 4000
TRAIN fedmomentum 14 hellaswag 400 / 4000
TRAIN fedmomentum 14 hellaswag 600 / 4000
TRAIN fedmomentum 14 hellaswag 800 / 4000
TRAIN fedmomentum 14 hellaswag 1000 / 4000
TRAIN fedmomentum 14 hellaswag 1200 / 4000
TRAIN fedmomentum 14 hellaswag 1400 / 4000
TRAIN fedmomentum 14 hellaswag 1600 / 4000
TRAIN fedmomentum 14 hellaswag 1800 / 4000
TRAIN fedmomentum 14 hellaswag 2000 / 4000
TRAIN fedmomentum 14 hellaswag 2200 / 4000
TRAIN fedmomentum 14 hellaswag 2400 / 4000
TRAIN fedmomentum 14 hellaswag 2600 / 4000
TRAIN fedmomentum 14 hellaswag 2800 / 4000
TRAIN fedmomentum 14 hellaswag 3000 / 4000
TRAIN fedmomentum 14 hellaswag 3200 / 4000
TRAIN fedmomentum 14 hellaswag 3400 / 4000
TRAIN fedmomentum 14 hellaswag 3600 / 4000
TRAIN fedmomentum 14 hellaswag 3800 / 4000
TRAIN fedmomentum 14 hellaswag 4000 / 4000
Round 14 Client 3: samples=4000 updates=500 loss=0.075020
Round 14 Test: hellaswag_accuracy=0.752667 macro_accuracy=0.752667 worst_domain_accuracy=0.752667
TRAIN fedmomentum 14 race 200 / 4000
TRAIN fedmomentum 14 race 400 / 4000
TRAIN fedmomentum 14 race 600 / 4000
TRAIN fedmomentum 14 race 800 / 4000
TRAIN fedmomentum 14 race 1000 / 4000
TRAIN fedmomentum 14 race 1200 / 4000
TRAIN fedmomentum 14 race 1400 / 4000
TRAIN fedmomentum 14 race 1600 / 4000
TRAIN fedmomentum 14 race 1800 / 4000
TRAIN fedmomentum 14 race 2000 / 4000
TRAIN fedmomentum 14 race 2200 / 4000
TRAIN fedmomentum 14 race 2400 / 4000
TRAIN fedmomentum 14 race 2600 / 4000
TRAIN fedmomentum 14 race 2800 / 4000
TRAIN fedmomentum 14 race 3000 / 4000
TRAIN fedmomentum 14 race 3200 / 4000
TRAIN fedmomentum 14 race 3400 / 4000
TRAIN fedmomentum 14 race 3600 / 4000
TRAIN fedmomentum 14 race 3800 / 4000
TRAIN fedmomentum 14 race 4000 / 4000
Round 14 Client 4: samples=4000 updates=500 loss=0.146118
Round 14 Test: race_accuracy=0.662667 macro_accuracy=0.662667 worst_domain_accuracy=0.662667
Round 14 Test: cosmosqa_accuracy=0.648667 openbookqa_accuracy=0.657000 sciq_accuracy=0.830330 hellaswag_accuracy=0.720667 race_accuracy=0.644000 macro_accuracy=0.700133 worst_domain_accuracy=0.644000
ROUND fedmomentum 14 GLOBAL MACRO 0.7001327327327328
TRAIN fedmomentum 15 cosmosqa 200 / 4000
TRAIN fedmomentum 15 cosmosqa 400 / 4000
TRAIN fedmomentum 15 cosmosqa 600 / 4000
TRAIN fedmomentum 15 cosmosqa 800 / 4000
TRAIN fedmomentum 15 cosmosqa 1000 / 4000
TRAIN fedmomentum 15 cosmosqa 1200 / 4000
TRAIN fedmomentum 15 cosmosqa 1400 / 4000
TRAIN fedmomentum 15 cosmosqa 1600 / 4000
TRAIN fedmomentum 15 cosmosqa 1800 / 4000
TRAIN fedmomentum 15 cosmosqa 2000 / 4000
TRAIN fedmomentum 15 cosmosqa 2200 / 4000
TRAIN fedmomentum 15 cosmosqa 2400 / 4000
TRAIN fedmomentum 15 cosmosqa 2600 / 4000
TRAIN fedmomentum 15 cosmosqa 2800 / 4000
TRAIN fedmomentum 15 cosmosqa 3000 / 4000
TRAIN fedmomentum 15 cosmosqa 3200 / 4000
TRAIN fedmomentum 15 cosmosqa 3400 / 4000
TRAIN fedmomentum 15 cosmosqa 3600 / 4000
TRAIN fedmomentum 15 cosmosqa 3800 / 4000
TRAIN fedmomentum 15 cosmosqa 4000 / 4000
Round 15 Client 0: samples=4000 updates=500 loss=0.106686
Round 15 Test: cosmosqa_accuracy=0.682667 macro_accuracy=0.682667 worst_domain_accuracy=0.682667
TRAIN fedmomentum 15 openbookqa 200 / 4000
TRAIN fedmomentum 15 openbookqa 400 / 4000
TRAIN fedmomentum 15 openbookqa 600 / 4000
TRAIN fedmomentum 15 openbookqa 800 / 4000
TRAIN fedmomentum 15 openbookqa 1000 / 4000
TRAIN fedmomentum 15 openbookqa 1200 / 4000
TRAIN fedmomentum 15 openbookqa 1400 / 4000
TRAIN fedmomentum 15 openbookqa 1600 / 4000
TRAIN fedmomentum 15 openbookqa 1800 / 4000
TRAIN fedmomentum 15 openbookqa 2000 / 4000
TRAIN fedmomentum 15 openbookqa 2200 / 4000
TRAIN fedmomentum 15 openbookqa 2400 / 4000
TRAIN fedmomentum 15 openbookqa 2600 / 4000
TRAIN fedmomentum 15 openbookqa 2800 / 4000
TRAIN fedmomentum 15 openbookqa 3000 / 4000
TRAIN fedmomentum 15 openbookqa 3200 / 4000
TRAIN fedmomentum 15 openbookqa 3400 / 4000
TRAIN fedmomentum 15 openbookqa 3600 / 4000
TRAIN fedmomentum 15 openbookqa 3800 / 4000
TRAIN fedmomentum 15 openbookqa 4000 / 4000
Round 15 Client 1: samples=4000 updates=500 loss=0.082937
Round 15 Test: openbookqa_accuracy=0.693000 macro_accuracy=0.693000 worst_domain_accuracy=0.693000
TRAIN fedmomentum 15 sciq 200 / 4000
TRAIN fedmomentum 15 sciq 400 / 4000
TRAIN fedmomentum 15 sciq 600 / 4000
TRAIN fedmomentum 15 sciq 800 / 4000
TRAIN fedmomentum 15 sciq 1000 / 4000
TRAIN fedmomentum 15 sciq 1200 / 4000
TRAIN fedmomentum 15 sciq 1400 / 4000
TRAIN fedmomentum 15 sciq 1600 / 4000
TRAIN fedmomentum 15 sciq 1800 / 4000
TRAIN fedmomentum 15 sciq 2000 / 4000
TRAIN fedmomentum 15 sciq 2200 / 4000
TRAIN fedmomentum 15 sciq 2400 / 4000
TRAIN fedmomentum 15 sciq 2600 / 4000
TRAIN fedmomentum 15 sciq 2800 / 4000
TRAIN fedmomentum 15 sciq 3000 / 4000
TRAIN fedmomentum 15 sciq 3200 / 4000
TRAIN fedmomentum 15 sciq 3400 / 4000
TRAIN fedmomentum 15 sciq 3600 / 4000
TRAIN fedmomentum 15 sciq 3800 / 4000
TRAIN fedmomentum 15 sciq 4000 / 4000
Round 15 Client 2: samples=4000 updates=500 loss=0.043140
Round 15 Test: sciq_accuracy=0.854354 macro_accuracy=0.854354 worst_domain_accuracy=0.854354
TRAIN fedmomentum 15 hellaswag 200 / 4000
TRAIN fedmomentum 15 hellaswag 400 / 4000
TRAIN fedmomentum 15 hellaswag 600 / 4000
TRAIN fedmomentum 15 hellaswag 800 / 4000
TRAIN fedmomentum 15 hellaswag 1000 / 4000
TRAIN fedmomentum 15 hellaswag 1200 / 4000
TRAIN fedmomentum 15 hellaswag 1400 / 4000
TRAIN fedmomentum 15 hellaswag 1600 / 4000
TRAIN fedmomentum 15 hellaswag 1800 / 4000
TRAIN fedmomentum 15 hellaswag 2000 / 4000
TRAIN fedmomentum 15 hellaswag 2200 / 4000
TRAIN fedmomentum 15 hellaswag 2400 / 4000
TRAIN fedmomentum 15 hellaswag 2600 / 4000
TRAIN fedmomentum 15 hellaswag 2800 / 4000
TRAIN fedmomentum 15 hellaswag 3000 / 4000
TRAIN fedmomentum 15 hellaswag 3200 / 4000
TRAIN fedmomentum 15 hellaswag 3400 / 4000
TRAIN fedmomentum 15 hellaswag 3600 / 4000
TRAIN fedmomentum 15 hellaswag 3800 / 4000
TRAIN fedmomentum 15 hellaswag 4000 / 4000
Round 15 Client 3: samples=4000 updates=500 loss=0.063300
Round 15 Test: hellaswag_accuracy=0.751333 macro_accuracy=0.751333 worst_domain_accuracy=0.751333
TRAIN fedmomentum 15 race 200 / 4000
TRAIN fedmomentum 15 race 400 / 4000
TRAIN fedmomentum 15 race 600 / 4000
TRAIN fedmomentum 15 race 800 / 4000
TRAIN fedmomentum 15 race 1000 / 4000
TRAIN fedmomentum 15 race 1200 / 4000
TRAIN fedmomentum 15 race 1400 / 4000
TRAIN fedmomentum 15 race 1600 / 4000
TRAIN fedmomentum 15 race 1800 / 4000
TRAIN fedmomentum 15 race 2000 / 4000
TRAIN fedmomentum 15 race 2200 / 4000
TRAIN fedmomentum 15 race 2400 / 4000
TRAIN fedmomentum 15 race 2600 / 4000
TRAIN fedmomentum 15 race 2800 / 4000
TRAIN fedmomentum 15 race 3000 / 4000
TRAIN fedmomentum 15 race 3200 / 4000
TRAIN fedmomentum 15 race 3400 / 4000
TRAIN fedmomentum 15 race 3600 / 4000
TRAIN fedmomentum 15 race 3800 / 4000
TRAIN fedmomentum 15 race 4000 / 4000
Round 15 Client 4: samples=4000 updates=500 loss=0.126374
Round 15 Test: race_accuracy=0.658667 macro_accuracy=0.658667 worst_domain_accuracy=0.658667
Round 15 Test: cosmosqa_accuracy=0.648000 openbookqa_accuracy=0.654000 sciq_accuracy=0.829830 hellaswag_accuracy=0.722667 race_accuracy=0.642667 macro_accuracy=0.699433 worst_domain_accuracy=0.642667
ROUND fedmomentum 15 GLOBAL MACRO 0.6994326326326327
TRAIN fedmomentum 16 cosmosqa 200 / 4000
TRAIN fedmomentum 16 cosmosqa 400 / 4000
TRAIN fedmomentum 16 cosmosqa 600 / 4000
TRAIN fedmomentum 16 cosmosqa 800 / 4000
TRAIN fedmomentum 16 cosmosqa 1000 / 4000
TRAIN fedmomentum 16 cosmosqa 1200 / 4000
TRAIN fedmomentum 16 cosmosqa 1400 / 4000
TRAIN fedmomentum 16 cosmosqa 1600 / 4000
TRAIN fedmomentum 16 cosmosqa 1800 / 4000
TRAIN fedmomentum 16 cosmosqa 2000 / 4000
TRAIN fedmomentum 16 cosmosqa 2200 / 4000
TRAIN fedmomentum 16 cosmosqa 2400 / 4000
TRAIN fedmomentum 16 cosmosqa 2600 / 4000
TRAIN fedmomentum 16 cosmosqa 2800 / 4000
TRAIN fedmomentum 16 cosmosqa 3000 / 4000
TRAIN fedmomentum 16 cosmosqa 3200 / 4000
TRAIN fedmomentum 16 cosmosqa 3400 / 4000
TRAIN fedmomentum 16 cosmosqa 3600 / 4000
TRAIN fedmomentum 16 cosmosqa 3800 / 4000
TRAIN fedmomentum 16 cosmosqa 4000 / 4000
Round 16 Client 0: samples=4000 updates=500 loss=0.092238
Round 16 Test: cosmosqa_accuracy=0.653333 macro_accuracy=0.653333 worst_domain_accuracy=0.653333
TRAIN fedmomentum 16 openbookqa 200 / 4000
TRAIN fedmomentum 16 openbookqa 400 / 4000
TRAIN fedmomentum 16 openbookqa 600 / 4000
TRAIN fedmomentum 16 openbookqa 800 / 4000
TRAIN fedmomentum 16 openbookqa 1000 / 4000
TRAIN fedmomentum 16 openbookqa 1200 / 4000
TRAIN fedmomentum 16 openbookqa 1400 / 4000
TRAIN fedmomentum 16 openbookqa 1600 / 4000
TRAIN fedmomentum 16 openbookqa 1800 / 4000
TRAIN fedmomentum 16 openbookqa 2000 / 4000
TRAIN fedmomentum 16 openbookqa 2200 / 4000
TRAIN fedmomentum 16 openbookqa 2400 / 4000
TRAIN fedmomentum 16 openbookqa 2600 / 4000
TRAIN fedmomentum 16 openbookqa 2800 / 4000
TRAIN fedmomentum 16 openbookqa 3000 / 4000
TRAIN fedmomentum 16 openbookqa 3200 / 4000
TRAIN fedmomentum 16 openbookqa 3400 / 4000
TRAIN fedmomentum 16 openbookqa 3600 / 4000
TRAIN fedmomentum 16 openbookqa 3800 / 4000
TRAIN fedmomentum 16 openbookqa 4000 / 4000
Round 16 Client 1: samples=4000 updates=500 loss=0.080213
Round 16 Test: openbookqa_accuracy=0.690000 macro_accuracy=0.690000 worst_domain_accuracy=0.690000
TRAIN fedmomentum 16 sciq 200 / 4000
TRAIN fedmomentum 16 sciq 400 / 4000
TRAIN fedmomentum 16 sciq 600 / 4000
TRAIN fedmomentum 16 sciq 800 / 4000
TRAIN fedmomentum 16 sciq 1000 / 4000
TRAIN fedmomentum 16 sciq 1200 / 4000
TRAIN fedmomentum 16 sciq 1400 / 4000
TRAIN fedmomentum 16 sciq 1600 / 4000
TRAIN fedmomentum 16 sciq 1800 / 4000
TRAIN fedmomentum 16 sciq 2000 / 4000
TRAIN fedmomentum 16 sciq 2200 / 4000
TRAIN fedmomentum 16 sciq 2400 / 4000
TRAIN fedmomentum 16 sciq 2600 / 4000
TRAIN fedmomentum 16 sciq 2800 / 4000
TRAIN fedmomentum 16 sciq 3000 / 4000
TRAIN fedmomentum 16 sciq 3200 / 4000
TRAIN fedmomentum 16 sciq 3400 / 4000
TRAIN fedmomentum 16 sciq 3600 / 4000
TRAIN fedmomentum 16 sciq 3800 / 4000
TRAIN fedmomentum 16 sciq 4000 / 4000
Round 16 Client 2: samples=4000 updates=500 loss=0.038478
Round 16 Test: sciq_accuracy=0.841341 macro_accuracy=0.841341 worst_domain_accuracy=0.841341
TRAIN fedmomentum 16 hellaswag 200 / 4000
TRAIN fedmomentum 16 hellaswag 400 / 4000
TRAIN fedmomentum 16 hellaswag 600 / 4000
TRAIN fedmomentum 16 hellaswag 800 / 4000
TRAIN fedmomentum 16 hellaswag 1000 / 4000
TRAIN fedmomentum 16 hellaswag 1200 / 4000
TRAIN fedmomentum 16 hellaswag 1400 / 4000
TRAIN fedmomentum 16 hellaswag 1600 / 4000
TRAIN fedmomentum 16 hellaswag 1800 / 4000
TRAIN fedmomentum 16 hellaswag 2000 / 4000
TRAIN fedmomentum 16 hellaswag 2200 / 4000
TRAIN fedmomentum 16 hellaswag 2400 / 4000
TRAIN fedmomentum 16 hellaswag 2600 / 4000
TRAIN fedmomentum 16 hellaswag 2800 / 4000
TRAIN fedmomentum 16 hellaswag 3000 / 4000
TRAIN fedmomentum 16 hellaswag 3200 / 4000
TRAIN fedmomentum 16 hellaswag 3400 / 4000
TRAIN fedmomentum 16 hellaswag 3600 / 4000
TRAIN fedmomentum 16 hellaswag 3800 / 4000
TRAIN fedmomentum 16 hellaswag 4000 / 4000
Round 16 Client 3: samples=4000 updates=500 loss=0.062981
Round 16 Test: hellaswag_accuracy=0.758667 macro_accuracy=0.758667 worst_domain_accuracy=0.758667
TRAIN fedmomentum 16 race 200 / 4000
TRAIN fedmomentum 16 race 400 / 4000
TRAIN fedmomentum 16 race 600 / 4000
TRAIN fedmomentum 16 race 800 / 4000
TRAIN fedmomentum 16 race 1000 / 4000
TRAIN fedmomentum 16 race 1200 / 4000
TRAIN fedmomentum 16 race 1400 / 4000
TRAIN fedmomentum 16 race 1600 / 4000
TRAIN fedmomentum 16 race 1800 / 4000
TRAIN fedmomentum 16 race 2000 / 4000
TRAIN fedmomentum 16 race 2200 / 4000
TRAIN fedmomentum 16 race 2400 / 4000
TRAIN fedmomentum 16 race 2600 / 4000
TRAIN fedmomentum 16 race 2800 / 4000
TRAIN fedmomentum 16 race 3000 / 4000
TRAIN fedmomentum 16 race 3200 / 4000
TRAIN fedmomentum 16 race 3400 / 4000
TRAIN fedmomentum 16 race 3600 / 4000
TRAIN fedmomentum 16 race 3800 / 4000
TRAIN fedmomentum 16 race 4000 / 4000
Round 16 Client 4: samples=4000 updates=500 loss=0.120722
Round 16 Test: race_accuracy=0.668000 macro_accuracy=0.668000 worst_domain_accuracy=0.668000
Round 16 Test: cosmosqa_accuracy=0.655333 openbookqa_accuracy=0.658000 sciq_accuracy=0.829830 hellaswag_accuracy=0.720000 race_accuracy=0.654667 macro_accuracy=0.703566 worst_domain_accuracy=0.654667
ROUND fedmomentum 16 GLOBAL MACRO 0.7035659659659659
TRAIN fedmomentum 17 cosmosqa 200 / 4000
TRAIN fedmomentum 17 cosmosqa 400 / 4000
TRAIN fedmomentum 17 cosmosqa 600 / 4000
TRAIN fedmomentum 17 cosmosqa 800 / 4000
TRAIN fedmomentum 17 cosmosqa 1000 / 4000
TRAIN fedmomentum 17 cosmosqa 1200 / 4000
TRAIN fedmomentum 17 cosmosqa 1400 / 4000
TRAIN fedmomentum 17 cosmosqa 1600 / 4000
TRAIN fedmomentum 17 cosmosqa 1800 / 4000
TRAIN fedmomentum 17 cosmosqa 2000 / 4000
TRAIN fedmomentum 17 cosmosqa 2200 / 4000
TRAIN fedmomentum 17 cosmosqa 2400 / 4000
TRAIN fedmomentum 17 cosmosqa 2600 / 4000
TRAIN fedmomentum 17 cosmosqa 2800 / 4000
TRAIN fedmomentum 17 cosmosqa 3000 / 4000
TRAIN fedmomentum 17 cosmosqa 3200 / 4000
TRAIN fedmomentum 17 cosmosqa 3400 / 4000
TRAIN fedmomentum 17 cosmosqa 3600 / 4000
TRAIN fedmomentum 17 cosmosqa 3800 / 4000
TRAIN fedmomentum 17 cosmosqa 4000 / 4000
Round 17 Client 0: samples=4000 updates=500 loss=0.081399
Round 17 Test: cosmosqa_accuracy=0.655333 macro_accuracy=0.655333 worst_domain_accuracy=0.655333
TRAIN fedmomentum 17 openbookqa 200 / 4000
TRAIN fedmomentum 17 openbookqa 400 / 4000
TRAIN fedmomentum 17 openbookqa 600 / 4000
TRAIN fedmomentum 17 openbookqa 800 / 4000
TRAIN fedmomentum 17 openbookqa 1000 / 4000
TRAIN fedmomentum 17 openbookqa 1200 / 4000
TRAIN fedmomentum 17 openbookqa 1400 / 4000
TRAIN fedmomentum 17 openbookqa 1600 / 4000
TRAIN fedmomentum 17 openbookqa 1800 / 4000
TRAIN fedmomentum 17 openbookqa 2000 / 4000
TRAIN fedmomentum 17 openbookqa 2200 / 4000
TRAIN fedmomentum 17 openbookqa 2400 / 4000
TRAIN fedmomentum 17 openbookqa 2600 / 4000
TRAIN fedmomentum 17 openbookqa 2800 / 4000
TRAIN fedmomentum 17 openbookqa 3000 / 4000
TRAIN fedmomentum 17 openbookqa 3200 / 4000
TRAIN fedmomentum 17 openbookqa 3400 / 4000
TRAIN fedmomentum 17 openbookqa 3600 / 4000
TRAIN fedmomentum 17 openbookqa 3800 / 4000
TRAIN fedmomentum 17 openbookqa 4000 / 4000
Round 17 Client 1: samples=4000 updates=500 loss=0.076758
Round 17 Test: openbookqa_accuracy=0.679000 macro_accuracy=0.679000 worst_domain_accuracy=0.679000
TRAIN fedmomentum 17 sciq 200 / 4000
TRAIN fedmomentum 17 sciq 400 / 4000
TRAIN fedmomentum 17 sciq 600 / 4000
TRAIN fedmomentum 17 sciq 800 / 4000
TRAIN fedmomentum 17 sciq 1000 / 4000
TRAIN fedmomentum 17 sciq 1200 / 4000
TRAIN fedmomentum 17 sciq 1400 / 4000
TRAIN fedmomentum 17 sciq 1600 / 4000
TRAIN fedmomentum 17 sciq 1800 / 4000
TRAIN fedmomentum 17 sciq 2000 / 4000
TRAIN fedmomentum 17 sciq 2200 / 4000
TRAIN fedmomentum 17 sciq 2400 / 4000
TRAIN fedmomentum 17 sciq 2600 / 4000
TRAIN fedmomentum 17 sciq 2800 / 4000
TRAIN fedmomentum 17 sciq 3000 / 4000
TRAIN fedmomentum 17 sciq 3200 / 4000
TRAIN fedmomentum 17 sciq 3400 / 4000
TRAIN fedmomentum 17 sciq 3600 / 4000
TRAIN fedmomentum 17 sciq 3800 / 4000
TRAIN fedmomentum 17 sciq 4000 / 4000
Round 17 Client 2: samples=4000 updates=500 loss=0.037861
Round 17 Test: sciq_accuracy=0.844344 macro_accuracy=0.844344 worst_domain_accuracy=0.844344
TRAIN fedmomentum 17 hellaswag 200 / 4000
TRAIN fedmomentum 17 hellaswag 400 / 4000
TRAIN fedmomentum 17 hellaswag 600 / 4000
TRAIN fedmomentum 17 hellaswag 800 / 4000
TRAIN fedmomentum 17 hellaswag 1000 / 4000
TRAIN fedmomentum 17 hellaswag 1200 / 4000
TRAIN fedmomentum 17 hellaswag 1400 / 4000
TRAIN fedmomentum 17 hellaswag 1600 / 4000
TRAIN fedmomentum 17 hellaswag 1800 / 4000
TRAIN fedmomentum 17 hellaswag 2000 / 4000
TRAIN fedmomentum 17 hellaswag 2200 / 4000
TRAIN fedmomentum 17 hellaswag 2400 / 4000
TRAIN fedmomentum 17 hellaswag 2600 / 4000
TRAIN fedmomentum 17 hellaswag 2800 / 4000
TRAIN fedmomentum 17 hellaswag 3000 / 4000
TRAIN fedmomentum 17 hellaswag 3200 / 4000
TRAIN fedmomentum 17 hellaswag 3400 / 4000
TRAIN fedmomentum 17 hellaswag 3600 / 4000
TRAIN fedmomentum 17 hellaswag 3800 / 4000
TRAIN fedmomentum 17 hellaswag 4000 / 4000
Round 17 Client 3: samples=4000 updates=500 loss=0.059186
Round 17 Test: hellaswag_accuracy=0.754667 macro_accuracy=0.754667 worst_domain_accuracy=0.754667
TRAIN fedmomentum 17 race 200 / 4000
TRAIN fedmomentum 17 race 400 / 4000
TRAIN fedmomentum 17 race 600 / 4000
TRAIN fedmomentum 17 race 800 / 4000
TRAIN fedmomentum 17 race 1000 / 4000
TRAIN fedmomentum 17 race 1200 / 4000
TRAIN fedmomentum 17 race 1400 / 4000
TRAIN fedmomentum 17 race 1600 / 4000
TRAIN fedmomentum 17 race 1800 / 4000
TRAIN fedmomentum 17 race 2000 / 4000
TRAIN fedmomentum 17 race 2200 / 4000
TRAIN fedmomentum 17 race 2400 / 4000
TRAIN fedmomentum 17 race 2600 / 4000
TRAIN fedmomentum 17 race 2800 / 4000
TRAIN fedmomentum 17 race 3000 / 4000
TRAIN fedmomentum 17 race 3200 / 4000
TRAIN fedmomentum 17 race 3400 / 4000
TRAIN fedmomentum 17 race 3600 / 4000
TRAIN fedmomentum 17 race 3800 / 4000
TRAIN fedmomentum 17 race 4000 / 4000
Round 17 Client 4: samples=4000 updates=500 loss=0.104170
Round 17 Test: race_accuracy=0.654667 macro_accuracy=0.654667 worst_domain_accuracy=0.654667
Round 17 Test: cosmosqa_accuracy=0.641333 openbookqa_accuracy=0.657000 sciq_accuracy=0.830330 hellaswag_accuracy=0.728000 race_accuracy=0.648667 macro_accuracy=0.701066 worst_domain_accuracy=0.641333
ROUND fedmomentum 17 GLOBAL MACRO 0.701066066066066
TRAIN fedmomentum 18 cosmosqa 200 / 4000
TRAIN fedmomentum 18 cosmosqa 400 / 4000
TRAIN fedmomentum 18 cosmosqa 600 / 4000
TRAIN fedmomentum 18 cosmosqa 800 / 4000
TRAIN fedmomentum 18 cosmosqa 1000 / 4000
TRAIN fedmomentum 18 cosmosqa 1200 / 4000
TRAIN fedmomentum 18 cosmosqa 1400 / 4000
TRAIN fedmomentum 18 cosmosqa 1600 / 4000
TRAIN fedmomentum 18 cosmosqa 1800 / 4000
TRAIN fedmomentum 18 cosmosqa 2000 / 4000
TRAIN fedmomentum 18 cosmosqa 2200 / 4000
TRAIN fedmomentum 18 cosmosqa 2400 / 4000
TRAIN fedmomentum 18 cosmosqa 2600 / 4000
TRAIN fedmomentum 18 cosmosqa 2800 / 4000
TRAIN fedmomentum 18 cosmosqa 3000 / 4000
TRAIN fedmomentum 18 cosmosqa 3200 / 4000
TRAIN fedmomentum 18 cosmosqa 3400 / 4000
TRAIN fedmomentum 18 cosmosqa 3600 / 4000
TRAIN fedmomentum 18 cosmosqa 3800 / 4000
TRAIN fedmomentum 18 cosmosqa 4000 / 4000
Round 18 Client 0: samples=4000 updates=500 loss=0.075814
Round 18 Test: cosmosqa_accuracy=0.659333 macro_accuracy=0.659333 worst_domain_accuracy=0.659333
TRAIN fedmomentum 18 openbookqa 200 / 4000
TRAIN fedmomentum 18 openbookqa 400 / 4000
TRAIN fedmomentum 18 openbookqa 600 / 4000
TRAIN fedmomentum 18 openbookqa 800 / 4000
TRAIN fedmomentum 18 openbookqa 1000 / 4000
TRAIN fedmomentum 18 openbookqa 1200 / 4000
TRAIN fedmomentum 18 openbookqa 1400 / 4000
TRAIN fedmomentum 18 openbookqa 1600 / 4000
TRAIN fedmomentum 18 openbookqa 1800 / 4000
TRAIN fedmomentum 18 openbookqa 2000 / 4000
TRAIN fedmomentum 18 openbookqa 2200 / 4000
TRAIN fedmomentum 18 openbookqa 2400 / 4000
TRAIN fedmomentum 18 openbookqa 2600 / 4000
TRAIN fedmomentum 18 openbookqa 2800 / 4000
TRAIN fedmomentum 18 openbookqa 3000 / 4000
TRAIN fedmomentum 18 openbookqa 3200 / 4000
TRAIN fedmomentum 18 openbookqa 3400 / 4000
TRAIN fedmomentum 18 openbookqa 3600 / 4000
TRAIN fedmomentum 18 openbookqa 3800 / 4000
TRAIN fedmomentum 18 openbookqa 4000 / 4000
Round 18 Client 1: samples=4000 updates=500 loss=0.068294
Round 18 Test: openbookqa_accuracy=0.696000 macro_accuracy=0.696000 worst_domain_accuracy=0.696000
TRAIN fedmomentum 18 sciq 200 / 4000
TRAIN fedmomentum 18 sciq 400 / 4000
TRAIN fedmomentum 18 sciq 600 / 4000
TRAIN fedmomentum 18 sciq 800 / 4000
TRAIN fedmomentum 18 sciq 1000 / 4000
TRAIN fedmomentum 18 sciq 1200 / 4000
TRAIN fedmomentum 18 sciq 1400 / 4000
TRAIN fedmomentum 18 sciq 1600 / 4000
TRAIN fedmomentum 18 sciq 1800 / 4000
TRAIN fedmomentum 18 sciq 2000 / 4000
TRAIN fedmomentum 18 sciq 2200 / 4000
TRAIN fedmomentum 18 sciq 2400 / 4000
TRAIN fedmomentum 18 sciq 2600 / 4000
TRAIN fedmomentum 18 sciq 2800 / 4000
TRAIN fedmomentum 18 sciq 3000 / 4000
TRAIN fedmomentum 18 sciq 3200 / 4000
TRAIN fedmomentum 18 sciq 3400 / 4000
TRAIN fedmomentum 18 sciq 3600 / 4000
TRAIN fedmomentum 18 sciq 3800 / 4000
TRAIN fedmomentum 18 sciq 4000 / 4000
Round 18 Client 2: samples=4000 updates=500 loss=0.034229
Round 18 Test: sciq_accuracy=0.849349 macro_accuracy=0.849349 worst_domain_accuracy=0.849349
TRAIN fedmomentum 18 hellaswag 200 / 4000
TRAIN fedmomentum 18 hellaswag 400 / 4000
TRAIN fedmomentum 18 hellaswag 600 / 4000
TRAIN fedmomentum 18 hellaswag 800 / 4000
TRAIN fedmomentum 18 hellaswag 1000 / 4000
TRAIN fedmomentum 18 hellaswag 1200 / 4000
TRAIN fedmomentum 18 hellaswag 1400 / 4000
TRAIN fedmomentum 18 hellaswag 1600 / 4000
TRAIN fedmomentum 18 hellaswag 1800 / 4000
TRAIN fedmomentum 18 hellaswag 2000 / 4000
TRAIN fedmomentum 18 hellaswag 2200 / 4000
TRAIN fedmomentum 18 hellaswag 2400 / 4000
TRAIN fedmomentum 18 hellaswag 2600 / 4000
TRAIN fedmomentum 18 hellaswag 2800 / 4000
TRAIN fedmomentum 18 hellaswag 3000 / 4000
TRAIN fedmomentum 18 hellaswag 3200 / 4000
TRAIN fedmomentum 18 hellaswag 3400 / 4000
TRAIN fedmomentum 18 hellaswag 3600 / 4000
TRAIN fedmomentum 18 hellaswag 3800 / 4000
TRAIN fedmomentum 18 hellaswag 4000 / 4000
Round 18 Client 3: samples=4000 updates=500 loss=0.055460
Round 18 Test: hellaswag_accuracy=0.762000 macro_accuracy=0.762000 worst_domain_accuracy=0.762000
TRAIN fedmomentum 18 race 200 / 4000
TRAIN fedmomentum 18 race 400 / 4000
TRAIN fedmomentum 18 race 600 / 4000
TRAIN fedmomentum 18 race 800 / 4000
TRAIN fedmomentum 18 race 1000 / 4000
TRAIN fedmomentum 18 race 1200 / 4000
TRAIN fedmomentum 18 race 1400 / 4000
TRAIN fedmomentum 18 race 1600 / 4000
TRAIN fedmomentum 18 race 1800 / 4000
TRAIN fedmomentum 18 race 2000 / 4000
TRAIN fedmomentum 18 race 2200 / 4000
TRAIN fedmomentum 18 race 2400 / 4000
TRAIN fedmomentum 18 race 2600 / 4000
TRAIN fedmomentum 18 race 2800 / 4000
TRAIN fedmomentum 18 race 3000 / 4000
TRAIN fedmomentum 18 race 3200 / 4000
TRAIN fedmomentum 18 race 3400 / 4000
TRAIN fedmomentum 18 race 3600 / 4000
TRAIN fedmomentum 18 race 3800 / 4000
TRAIN fedmomentum 18 race 4000 / 4000
Round 18 Client 4: samples=4000 updates=500 loss=0.103753
Round 18 Test: race_accuracy=0.660000 macro_accuracy=0.660000 worst_domain_accuracy=0.660000
Round 18 Test: cosmosqa_accuracy=0.659333 openbookqa_accuracy=0.647000 sciq_accuracy=0.840340 hellaswag_accuracy=0.720000 race_accuracy=0.645333 macro_accuracy=0.702401 worst_domain_accuracy=0.645333
ROUND fedmomentum 18 GLOBAL MACRO 0.7024014014014014
TRAIN fedmomentum 19 cosmosqa 200 / 4000
TRAIN fedmomentum 19 cosmosqa 400 / 4000
TRAIN fedmomentum 19 cosmosqa 600 / 4000
TRAIN fedmomentum 19 cosmosqa 800 / 4000
TRAIN fedmomentum 19 cosmosqa 1000 / 4000
TRAIN fedmomentum 19 cosmosqa 1200 / 4000
TRAIN fedmomentum 19 cosmosqa 1400 / 4000
TRAIN fedmomentum 19 cosmosqa 1600 / 4000
TRAIN fedmomentum 19 cosmosqa 1800 / 4000
TRAIN fedmomentum 19 cosmosqa 2000 / 4000
TRAIN fedmomentum 19 cosmosqa 2200 / 4000
TRAIN fedmomentum 19 cosmosqa 2400 / 4000
TRAIN fedmomentum 19 cosmosqa 2600 / 4000
TRAIN fedmomentum 19 cosmosqa 2800 / 4000
TRAIN fedmomentum 19 cosmosqa 3000 / 4000
TRAIN fedmomentum 19 cosmosqa 3200 / 4000
TRAIN fedmomentum 19 cosmosqa 3400 / 4000
TRAIN fedmomentum 19 cosmosqa 3600 / 4000
TRAIN fedmomentum 19 cosmosqa 3800 / 4000
TRAIN fedmomentum 19 cosmosqa 4000 / 4000
Round 19 Client 0: samples=4000 updates=500 loss=0.069357
Round 19 Test: cosmosqa_accuracy=0.657333 macro_accuracy=0.657333 worst_domain_accuracy=0.657333
TRAIN fedmomentum 19 openbookqa 200 / 4000
TRAIN fedmomentum 19 openbookqa 400 / 4000
TRAIN fedmomentum 19 openbookqa 600 / 4000
TRAIN fedmomentum 19 openbookqa 800 / 4000
TRAIN fedmomentum 19 openbookqa 1000 / 4000
TRAIN fedmomentum 19 openbookqa 1200 / 4000
TRAIN fedmomentum 19 openbookqa 1400 / 4000
TRAIN fedmomentum 19 openbookqa 1600 / 4000
TRAIN fedmomentum 19 openbookqa 1800 / 4000
TRAIN fedmomentum 19 openbookqa 2000 / 4000
TRAIN fedmomentum 19 openbookqa 2200 / 4000
TRAIN fedmomentum 19 openbookqa 2400 / 4000
TRAIN fedmomentum 19 openbookqa 2600 / 4000
TRAIN fedmomentum 19 openbookqa 2800 / 4000
TRAIN fedmomentum 19 openbookqa 3000 / 4000
TRAIN fedmomentum 19 openbookqa 3200 / 4000
TRAIN fedmomentum 19 openbookqa 3400 / 4000
TRAIN fedmomentum 19 openbookqa 3600 / 4000
TRAIN fedmomentum 19 openbookqa 3800 / 4000
TRAIN fedmomentum 19 openbookqa 4000 / 4000
Round 19 Client 1: samples=4000 updates=500 loss=0.062351
Round 19 Test: openbookqa_accuracy=0.691000 macro_accuracy=0.691000 worst_domain_accuracy=0.691000
TRAIN fedmomentum 19 sciq 200 / 4000
TRAIN fedmomentum 19 sciq 400 / 4000
TRAIN fedmomentum 19 sciq 600 / 4000
TRAIN fedmomentum 19 sciq 800 / 4000
TRAIN fedmomentum 19 sciq 1000 / 4000
TRAIN fedmomentum 19 sciq 1200 / 4000
TRAIN fedmomentum 19 sciq 1400 / 4000
TRAIN fedmomentum 19 sciq 1600 / 4000
TRAIN fedmomentum 19 sciq 1800 / 4000
TRAIN fedmomentum 19 sciq 2000 / 4000
TRAIN fedmomentum 19 sciq 2200 / 4000
TRAIN fedmomentum 19 sciq 2400 / 4000
TRAIN fedmomentum 19 sciq 2600 / 4000
TRAIN fedmomentum 19 sciq 2800 / 4000
TRAIN fedmomentum 19 sciq 3000 / 4000
TRAIN fedmomentum 19 sciq 3200 / 4000
TRAIN fedmomentum 19 sciq 3400 / 4000
TRAIN fedmomentum 19 sciq 3600 / 4000
TRAIN fedmomentum 19 sciq 3800 / 4000
TRAIN fedmomentum 19 sciq 4000 / 4000
Round 19 Client 2: samples=4000 updates=500 loss=0.030419
Round 19 Test: sciq_accuracy=0.839840 macro_accuracy=0.839840 worst_domain_accuracy=0.839840
TRAIN fedmomentum 19 hellaswag 200 / 4000
TRAIN fedmomentum 19 hellaswag 400 / 4000
TRAIN fedmomentum 19 hellaswag 600 / 4000
TRAIN fedmomentum 19 hellaswag 800 / 4000
TRAIN fedmomentum 19 hellaswag 1000 / 4000
TRAIN fedmomentum 19 hellaswag 1200 / 4000
TRAIN fedmomentum 19 hellaswag 1400 / 4000
TRAIN fedmomentum 19 hellaswag 1600 / 4000
TRAIN fedmomentum 19 hellaswag 1800 / 4000
TRAIN fedmomentum 19 hellaswag 2000 / 4000
TRAIN fedmomentum 19 hellaswag 2200 / 4000
TRAIN fedmomentum 19 hellaswag 2400 / 4000
TRAIN fedmomentum 19 hellaswag 2600 / 4000
TRAIN fedmomentum 19 hellaswag 2800 / 4000
TRAIN fedmomentum 19 hellaswag 3000 / 4000
TRAIN fedmomentum 19 hellaswag 3200 / 4000
TRAIN fedmomentum 19 hellaswag 3400 / 4000
TRAIN fedmomentum 19 hellaswag 3600 / 4000
TRAIN fedmomentum 19 hellaswag 3800 / 4000
TRAIN fedmomentum 19 hellaswag 4000 / 4000
Round 19 Client 3: samples=4000 updates=500 loss=0.043944
Round 19 Test: hellaswag_accuracy=0.762000 macro_accuracy=0.762000 worst_domain_accuracy=0.762000
TRAIN fedmomentum 19 race 200 / 4000
TRAIN fedmomentum 19 race 400 / 4000
TRAIN fedmomentum 19 race 600 / 4000
TRAIN fedmomentum 19 race 800 / 4000
TRAIN fedmomentum 19 race 1000 / 4000
TRAIN fedmomentum 19 race 1200 / 4000
TRAIN fedmomentum 19 race 1400 / 4000
TRAIN fedmomentum 19 race 1600 / 4000
TRAIN fedmomentum 19 race 1800 / 4000
TRAIN fedmomentum 19 race 2000 / 4000
TRAIN fedmomentum 19 race 2200 / 4000
TRAIN fedmomentum 19 race 2400 / 4000
TRAIN fedmomentum 19 race 2600 / 4000
TRAIN fedmomentum 19 race 2800 / 4000
TRAIN fedmomentum 19 race 3000 / 4000
TRAIN fedmomentum 19 race 3200 / 4000
TRAIN fedmomentum 19 race 3400 / 4000
TRAIN fedmomentum 19 race 3600 / 4000
TRAIN fedmomentum 19 race 3800 / 4000
TRAIN fedmomentum 19 race 4000 / 4000
Round 19 Client 4: samples=4000 updates=500 loss=0.093879
Round 19 Test: race_accuracy=0.662000 macro_accuracy=0.662000 worst_domain_accuracy=0.662000
Round 19 Test: cosmosqa_accuracy=0.653333 openbookqa_accuracy=0.648000 sciq_accuracy=0.822823 hellaswag_accuracy=0.739333 race_accuracy=0.639333 macro_accuracy=0.700565 worst_domain_accuracy=0.639333
ROUND fedmomentum 19 GLOBAL MACRO 0.7005645645645646
TRAIN fedmomentum 20 cosmosqa 200 / 4000
TRAIN fedmomentum 20 cosmosqa 400 / 4000
TRAIN fedmomentum 20 cosmosqa 600 / 4000
TRAIN fedmomentum 20 cosmosqa 800 / 4000
TRAIN fedmomentum 20 cosmosqa 1000 / 4000
TRAIN fedmomentum 20 cosmosqa 1200 / 4000
TRAIN fedmomentum 20 cosmosqa 1400 / 4000
TRAIN fedmomentum 20 cosmosqa 1600 / 4000
TRAIN fedmomentum 20 cosmosqa 1800 / 4000
TRAIN fedmomentum 20 cosmosqa 2000 / 4000
TRAIN fedmomentum 20 cosmosqa 2200 / 4000
TRAIN fedmomentum 20 cosmosqa 2400 / 4000
TRAIN fedmomentum 20 cosmosqa 2600 / 4000
TRAIN fedmomentum 20 cosmosqa 2800 / 4000
TRAIN fedmomentum 20 cosmosqa 3000 / 4000
TRAIN fedmomentum 20 cosmosqa 3200 / 4000
TRAIN fedmomentum 20 cosmosqa 3400 / 4000
TRAIN fedmomentum 20 cosmosqa 3600 / 4000
TRAIN fedmomentum 20 cosmosqa 3800 / 4000
TRAIN fedmomentum 20 cosmosqa 4000 / 4000
Round 20 Client 0: samples=4000 updates=500 loss=0.064444
Round 20 Test: cosmosqa_accuracy=0.643333 macro_accuracy=0.643333 worst_domain_accuracy=0.643333
TRAIN fedmomentum 20 openbookqa 200 / 4000
TRAIN fedmomentum 20 openbookqa 400 / 4000
TRAIN fedmomentum 20 openbookqa 600 / 4000
TRAIN fedmomentum 20 openbookqa 800 / 4000
TRAIN fedmomentum 20 openbookqa 1000 / 4000
TRAIN fedmomentum 20 openbookqa 1200 / 4000
TRAIN fedmomentum 20 openbookqa 1400 / 4000
TRAIN fedmomentum 20 openbookqa 1600 / 4000
TRAIN fedmomentum 20 openbookqa 1800 / 4000
TRAIN fedmomentum 20 openbookqa 2000 / 4000
TRAIN fedmomentum 20 openbookqa 2200 / 4000
TRAIN fedmomentum 20 openbookqa 2400 / 4000
TRAIN fedmomentum 20 openbookqa 2600 / 4000
TRAIN fedmomentum 20 openbookqa 2800 / 4000
TRAIN fedmomentum 20 openbookqa 3000 / 4000
TRAIN fedmomentum 20 openbookqa 3200 / 4000
TRAIN fedmomentum 20 openbookqa 3400 / 4000
TRAIN fedmomentum 20 openbookqa 3600 / 4000
TRAIN fedmomentum 20 openbookqa 3800 / 4000
TRAIN fedmomentum 20 openbookqa 4000 / 4000
Round 20 Client 1: samples=4000 updates=500 loss=0.059456
Round 20 Test: openbookqa_accuracy=0.725000 macro_accuracy=0.725000 worst_domain_accuracy=0.725000
TRAIN fedmomentum 20 sciq 200 / 4000
TRAIN fedmomentum 20 sciq 400 / 4000
TRAIN fedmomentum 20 sciq 600 / 4000
TRAIN fedmomentum 20 sciq 800 / 4000
TRAIN fedmomentum 20 sciq 1000 / 4000
TRAIN fedmomentum 20 sciq 1200 / 4000
TRAIN fedmomentum 20 sciq 1400 / 4000
TRAIN fedmomentum 20 sciq 1600 / 4000
TRAIN fedmomentum 20 sciq 1800 / 4000
TRAIN fedmomentum 20 sciq 2000 / 4000
TRAIN fedmomentum 20 sciq 2200 / 4000
TRAIN fedmomentum 20 sciq 2400 / 4000
TRAIN fedmomentum 20 sciq 2600 / 4000
TRAIN fedmomentum 20 sciq 2800 / 4000
TRAIN fedmomentum 20 sciq 3000 / 4000
TRAIN fedmomentum 20 sciq 3200 / 4000
TRAIN fedmomentum 20 sciq 3400 / 4000
TRAIN fedmomentum 20 sciq 3600 / 4000
TRAIN fedmomentum 20 sciq 3800 / 4000
TRAIN fedmomentum 20 sciq 4000 / 4000
Round 20 Client 2: samples=4000 updates=500 loss=0.027377
Round 20 Test: sciq_accuracy=0.830330 macro_accuracy=0.830330 worst_domain_accuracy=0.830330
TRAIN fedmomentum 20 hellaswag 200 / 4000
TRAIN fedmomentum 20 hellaswag 400 / 4000
TRAIN fedmomentum 20 hellaswag 600 / 4000
TRAIN fedmomentum 20 hellaswag 800 / 4000
TRAIN fedmomentum 20 hellaswag 1000 / 4000
TRAIN fedmomentum 20 hellaswag 1200 / 4000
TRAIN fedmomentum 20 hellaswag 1400 / 4000
TRAIN fedmomentum 20 hellaswag 1600 / 4000
TRAIN fedmomentum 20 hellaswag 1800 / 4000
TRAIN fedmomentum 20 hellaswag 2000 / 4000
TRAIN fedmomentum 20 hellaswag 2200 / 4000
TRAIN fedmomentum 20 hellaswag 2400 / 4000
TRAIN fedmomentum 20 hellaswag 2600 / 4000
TRAIN fedmomentum 20 hellaswag 2800 / 4000
TRAIN fedmomentum 20 hellaswag 3000 / 4000
TRAIN fedmomentum 20 hellaswag 3200 / 4000
TRAIN fedmomentum 20 hellaswag 3400 / 4000
TRAIN fedmomentum 20 hellaswag 3600 / 4000
TRAIN fedmomentum 20 hellaswag 3800 / 4000
TRAIN fedmomentum 20 hellaswag 4000 / 4000
Round 20 Client 3: samples=4000 updates=500 loss=0.045535
Round 20 Test: hellaswag_accuracy=0.766000 macro_accuracy=0.766000 worst_domain_accuracy=0.766000
TRAIN fedmomentum 20 race 200 / 4000
TRAIN fedmomentum 20 race 400 / 4000
TRAIN fedmomentum 20 race 600 / 4000
TRAIN fedmomentum 20 race 800 / 4000
TRAIN fedmomentum 20 race 1000 / 4000
TRAIN fedmomentum 20 race 1200 / 4000
TRAIN fedmomentum 20 race 1400 / 4000
TRAIN fedmomentum 20 race 1600 / 4000
TRAIN fedmomentum 20 race 1800 / 4000
TRAIN fedmomentum 20 race 2000 / 4000
TRAIN fedmomentum 20 race 2200 / 4000
TRAIN fedmomentum 20 race 2400 / 4000
TRAIN fedmomentum 20 race 2600 / 4000
TRAIN fedmomentum 20 race 2800 / 4000
TRAIN fedmomentum 20 race 3000 / 4000
TRAIN fedmomentum 20 race 3200 / 4000
TRAIN fedmomentum 20 race 3400 / 4000
TRAIN fedmomentum 20 race 3600 / 4000
TRAIN fedmomentum 20 race 3800 / 4000
TRAIN fedmomentum 20 race 4000 / 4000
Round 20 Client 4: samples=4000 updates=500 loss=0.088868
Round 20 Test: race_accuracy=0.649333 macro_accuracy=0.649333 worst_domain_accuracy=0.649333
Round 20 Test: cosmosqa_accuracy=0.652000 openbookqa_accuracy=0.659000 sciq_accuracy=0.829830 hellaswag_accuracy=0.726000 race_accuracy=0.658000 macro_accuracy=0.704966 worst_domain_accuracy=0.652000
ROUND fedmomentum 20 GLOBAL MACRO 0.704965965965966
