
START 2026-10-07T17:45:16.220769+00:00
TRANSFER CHECK PASSED (file hashes disabled): four complete round10 states; 20000 train / 7498 tests
SERVER ENVIRONMENT {'torch': '2.7.1+cu118', 'transformers': '4.57.6', 'peft': '0.20.0', 'numpy': '2.1.2', 'datasets': '4.2.0', 'safetensors': '0.6.2', 'PyYAML': '6.0.3', 'accelerate': '1.14.0'}
CUDA_VISIBLE_DEVICES=1 is already set; leaving it in place instead of overriding --device 0.
TRAIN fedrotlora 11 cosmosqa 200 / 4000
TRAIN fedrotlora 11 cosmosqa 400 / 4000
TRAIN fedrotlora 11 cosmosqa 600 / 4000
TRAIN fedrotlora 11 cosmosqa 800 / 4000
TRAIN fedrotlora 11 cosmosqa 1000 / 4000
TRAIN fedrotlora 11 cosmosqa 1200 / 4000
TRAIN fedrotlora 11 cosmosqa 1400 / 4000
TRAIN fedrotlora 11 cosmosqa 1600 / 4000
TRAIN fedrotlora 11 cosmosqa 1800 / 4000
TRAIN fedrotlora 11 cosmosqa 2000 / 4000
TRAIN fedrotlora 11 cosmosqa 2200 / 4000
TRAIN fedrotlora 11 cosmosqa 2400 / 4000
TRAIN fedrotlora 11 cosmosqa 2600 / 4000
TRAIN fedrotlora 11 cosmosqa 2800 / 4000
TRAIN fedrotlora 11 cosmosqa 3000 / 4000
TRAIN fedrotlora 11 cosmosqa 3200 / 4000
TRAIN fedrotlora 11 cosmosqa 3400 / 4000
TRAIN fedrotlora 11 cosmosqa 3600 / 4000
TRAIN fedrotlora 11 cosmosqa 3800 / 4000
TRAIN fedrotlora 11 cosmosqa 4000 / 4000
Round 11 Client 0: samples=4000 updates=500 loss=0.170626
Round 11 Test: cosmosqa_accuracy=0.656667 macro_accuracy=0.656667 worst_domain_accuracy=0.656667
TRAIN fedrotlora 11 openbookqa 200 / 4000
TRAIN fedrotlora 11 openbookqa 400 / 4000
TRAIN fedrotlora 11 openbookqa 600 / 4000
TRAIN fedrotlora 11 openbookqa 800 / 4000
TRAIN fedrotlora 11 openbookqa 1000 / 4000
TRAIN fedrotlora 11 openbookqa 1200 / 4000
TRAIN fedrotlora 11 openbookqa 1400 / 4000
TRAIN fedrotlora 11 openbookqa 1600 / 4000
TRAIN fedrotlora 11 openbookqa 1800 / 4000
TRAIN fedrotlora 11 openbookqa 2000 / 4000
TRAIN fedrotlora 11 openbookqa 2200 / 4000
TRAIN fedrotlora 11 openbookqa 2400 / 4000
TRAIN fedrotlora 11 openbookqa 2600 / 4000
TRAIN fedrotlora 11 openbookqa 2800 / 4000
TRAIN fedrotlora 11 openbookqa 3000 / 4000
TRAIN fedrotlora 11 openbookqa 3200 / 4000
TRAIN fedrotlora 11 openbookqa 3400 / 4000
TRAIN fedrotlora 11 openbookqa 3600 / 4000
TRAIN fedrotlora 11 openbookqa 3800 / 4000
TRAIN fedrotlora 11 openbookqa 4000 / 4000
Round 11 Client 1: samples=4000 updates=500 loss=0.164787
Round 11 Test: openbookqa_accuracy=0.691000 macro_accuracy=0.691000 worst_domain_accuracy=0.691000
TRAIN fedrotlora 11 sciq 200 / 4000
TRAIN fedrotlora 11 sciq 400 / 4000
TRAIN fedrotlora 11 sciq 600 / 4000
TRAIN fedrotlora 11 sciq 800 / 4000
TRAIN fedrotlora 11 sciq 1000 / 4000
TRAIN fedrotlora 11 sciq 1200 / 4000
TRAIN fedrotlora 11 sciq 1400 / 4000
TRAIN fedrotlora 11 sciq 1600 / 4000
TRAIN fedrotlora 11 sciq 1800 / 4000
TRAIN fedrotlora 11 sciq 2000 / 4000
TRAIN fedrotlora 11 sciq 2200 / 4000
TRAIN fedrotlora 11 sciq 2400 / 4000
TRAIN fedrotlora 11 sciq 2600 / 4000
TRAIN fedrotlora 11 sciq 2800 / 4000
TRAIN fedrotlora 11 sciq 3000 / 4000
TRAIN fedrotlora 11 sciq 3200 / 4000
TRAIN fedrotlora 11 sciq 3400 / 4000
TRAIN fedrotlora 11 sciq 3600 / 4000
TRAIN fedrotlora 11 sciq 3800 / 4000
TRAIN fedrotlora 11 sciq 4000 / 4000
Round 11 Client 2: samples=4000 updates=500 loss=0.067692
Round 11 Test: sciq_accuracy=0.847347 macro_accuracy=0.847347 worst_domain_accuracy=0.847347
TRAIN fedrotlora 11 hellaswag 200 / 4000
TRAIN fedrotlora 11 hellaswag 400 / 4000
TRAIN fedrotlora 11 hellaswag 600 / 4000
TRAIN fedrotlora 11 hellaswag 800 / 4000
TRAIN fedrotlora 11 hellaswag 1000 / 4000
TRAIN fedrotlora 11 hellaswag 1200 / 4000
TRAIN fedrotlora 11 hellaswag 1400 / 4000
TRAIN fedrotlora 11 hellaswag 1600 / 4000
TRAIN fedrotlora 11 hellaswag 1800 / 4000
TRAIN fedrotlora 11 hellaswag 2000 / 4000
TRAIN fedrotlora 11 hellaswag 2200 / 4000
TRAIN fedrotlora 11 hellaswag 2400 / 4000
TRAIN fedrotlora 11 hellaswag 2600 / 4000
TRAIN fedrotlora 11 hellaswag 2800 / 4000
TRAIN fedrotlora 11 hellaswag 3000 / 4000
TRAIN fedrotlora 11 hellaswag 3200 / 4000
TRAIN fedrotlora 11 hellaswag 3400 / 4000
TRAIN fedrotlora 11 hellaswag 3600 / 4000
TRAIN fedrotlora 11 hellaswag 3800 / 4000
TRAIN fedrotlora 11 hellaswag 4000 / 4000
Round 11 Client 3: samples=4000 updates=500 loss=0.133774
Round 11 Test: hellaswag_accuracy=0.767333 macro_accuracy=0.767333 worst_domain_accuracy=0.767333
TRAIN fedrotlora 11 race 200 / 4000
TRAIN fedrotlora 11 race 400 / 4000
TRAIN fedrotlora 11 race 600 / 4000
TRAIN fedrotlora 11 race 800 / 4000
TRAIN fedrotlora 11 race 1000 / 4000
TRAIN fedrotlora 11 race 1200 / 4000
TRAIN fedrotlora 11 race 1400 / 4000
TRAIN fedrotlora 11 race 1600 / 4000
TRAIN fedrotlora 11 race 1800 / 4000
TRAIN fedrotlora 11 race 2000 / 4000
TRAIN fedrotlora 11 race 2200 / 4000
TRAIN fedrotlora 11 race 2400 / 4000
TRAIN fedrotlora 11 race 2600 / 4000
TRAIN fedrotlora 11 race 2800 / 4000
TRAIN fedrotlora 11 race 3000 / 4000
TRAIN fedrotlora 11 race 3200 / 4000
TRAIN fedrotlora 11 race 3400 / 4000
TRAIN fedrotlora 11 race 3600 / 4000
TRAIN fedrotlora 11 race 3800 / 4000
TRAIN fedrotlora 11 race 4000 / 4000
Round 11 Client 4: samples=4000 updates=500 loss=0.219994
Round 11 Test: race_accuracy=0.680000 macro_accuracy=0.680000 worst_domain_accuracy=0.680000
Aggregated model updated.
Round 11 Test: cosmosqa_accuracy=0.650000 openbookqa_accuracy=0.647000 sciq_accuracy=0.830330 hellaswag_accuracy=0.695333 race_accuracy=0.651333 macro_accuracy=0.694799 worst_domain_accuracy=0.647000
ROUND fedrotlora 11 GLOBAL MACRO 0.6947993993993994
TRAIN fedrotlora 12 cosmosqa 200 / 4000
TRAIN fedrotlora 12 cosmosqa 400 / 4000
TRAIN fedrotlora 12 cosmosqa 600 / 4000
TRAIN fedrotlora 12 cosmosqa 800 / 4000
TRAIN fedrotlora 12 cosmosqa 1000 / 4000
TRAIN fedrotlora 12 cosmosqa 1200 / 4000
TRAIN fedrotlora 12 cosmosqa 1400 / 4000
TRAIN fedrotlora 12 cosmosqa 1600 / 4000
TRAIN fedrotlora 12 cosmosqa 1800 / 4000
TRAIN fedrotlora 12 cosmosqa 2000 / 4000
TRAIN fedrotlora 12 cosmosqa 2200 / 4000
TRAIN fedrotlora 12 cosmosqa 2400 / 4000
TRAIN fedrotlora 12 cosmosqa 2600 / 4000
TRAIN fedrotlora 12 cosmosqa 2800 / 4000
TRAIN fedrotlora 12 cosmosqa 3000 / 4000
TRAIN fedrotlora 12 cosmosqa 3200 / 4000
TRAIN fedrotlora 12 cosmosqa 3400 / 4000
TRAIN fedrotlora 12 cosmosqa 3600 / 4000
TRAIN fedrotlora 12 cosmosqa 3800 / 4000
TRAIN fedrotlora 12 cosmosqa 4000 / 4000
Round 12 Client 0: samples=4000 updates=500 loss=0.150984
Round 12 Test: cosmosqa_accuracy=0.689333 macro_accuracy=0.689333 worst_domain_accuracy=0.689333
TRAIN fedrotlora 12 openbookqa 200 / 4000
TRAIN fedrotlora 12 openbookqa 400 / 4000
TRAIN fedrotlora 12 openbookqa 600 / 4000
TRAIN fedrotlora 12 openbookqa 800 / 4000
TRAIN fedrotlora 12 openbookqa 1000 / 4000
TRAIN fedrotlora 12 openbookqa 1200 / 4000
TRAIN fedrotlora 12 openbookqa 1400 / 4000
TRAIN fedrotlora 12 openbookqa 1600 / 4000
TRAIN fedrotlora 12 openbookqa 1800 / 4000
TRAIN fedrotlora 12 openbookqa 2000 / 4000
TRAIN fedrotlora 12 openbookqa 2200 / 4000
TRAIN fedrotlora 12 openbookqa 2400 / 4000
TRAIN fedrotlora 12 openbookqa 2600 / 4000
TRAIN fedrotlora 12 openbookqa 2800 / 4000
TRAIN fedrotlora 12 openbookqa 3000 / 4000
TRAIN fedrotlora 12 openbookqa 3200 / 4000
TRAIN fedrotlora 12 openbookqa 3400 / 4000
TRAIN fedrotlora 12 openbookqa 3600 / 4000
TRAIN fedrotlora 12 openbookqa 3800 / 4000
TRAIN fedrotlora 12 openbookqa 4000 / 4000
Round 12 Client 1: samples=4000 updates=500 loss=0.152509
Round 12 Test: openbookqa_accuracy=0.686000 macro_accuracy=0.686000 worst_domain_accuracy=0.686000
TRAIN fedrotlora 12 sciq 200 / 4000
TRAIN fedrotlora 12 sciq 400 / 4000
TRAIN fedrotlora 12 sciq 600 / 4000
TRAIN fedrotlora 12 sciq 800 / 4000
TRAIN fedrotlora 12 sciq 1000 / 4000
TRAIN fedrotlora 12 sciq 1200 / 4000
TRAIN fedrotlora 12 sciq 1400 / 4000
TRAIN fedrotlora 12 sciq 1600 / 4000
TRAIN fedrotlora 12 sciq 1800 / 4000
TRAIN fedrotlora 12 sciq 2000 / 4000
TRAIN fedrotlora 12 sciq 2200 / 4000
TRAIN fedrotlora 12 sciq 2400 / 4000
TRAIN fedrotlora 12 sciq 2600 / 4000
TRAIN fedrotlora 12 sciq 2800 / 4000
TRAIN fedrotlora 12 sciq 3000 / 4000
TRAIN fedrotlora 12 sciq 3200 / 4000
TRAIN fedrotlora 12 sciq 3400 / 4000
TRAIN fedrotlora 12 sciq 3600 / 4000
TRAIN fedrotlora 12 sciq 3800 / 4000
TRAIN fedrotlora 12 sciq 4000 / 4000
Round 12 Client 2: samples=4000 updates=500 loss=0.063741
Round 12 Test: sciq_accuracy=0.845846 macro_accuracy=0.845846 worst_domain_accuracy=0.845846
TRAIN fedrotlora 12 hellaswag 200 / 4000
TRAIN fedrotlora 12 hellaswag 400 / 4000
TRAIN fedrotlora 12 hellaswag 600 / 4000
TRAIN fedrotlora 12 hellaswag 800 / 4000
TRAIN fedrotlora 12 hellaswag 1000 / 4000
TRAIN fedrotlora 12 hellaswag 1200 / 4000
TRAIN fedrotlora 12 hellaswag 1400 / 4000
TRAIN fedrotlora 12 hellaswag 1600 / 4000
TRAIN fedrotlora 12 hellaswag 1800 / 4000
TRAIN fedrotlora 12 hellaswag 2000 / 4000
TRAIN fedrotlora 12 hellaswag 2200 / 4000
TRAIN fedrotlora 12 hellaswag 2400 / 4000
TRAIN fedrotlora 12 hellaswag 2600 / 4000
TRAIN fedrotlora 12 hellaswag 2800 / 4000
TRAIN fedrotlora 12 hellaswag 3000 / 4000
TRAIN fedrotlora 12 hellaswag 3200 / 4000
TRAIN fedrotlora 12 hellaswag 3400 / 4000
TRAIN fedrotlora 12 hellaswag 3600 / 4000
TRAIN fedrotlora 12 hellaswag 3800 / 4000
TRAIN fedrotlora 12 hellaswag 4000 / 4000
Round 12 Client 3: samples=4000 updates=500 loss=0.119250
Round 12 Test: hellaswag_accuracy=0.771333 macro_accuracy=0.771333 worst_domain_accuracy=0.771333
TRAIN fedrotlora 12 race 200 / 4000
TRAIN fedrotlora 12 race 400 / 4000
TRAIN fedrotlora 12 race 600 / 4000
TRAIN fedrotlora 12 race 800 / 4000
TRAIN fedrotlora 12 race 1000 / 4000
TRAIN fedrotlora 12 race 1200 / 4000
TRAIN fedrotlora 12 race 1400 / 4000
TRAIN fedrotlora 12 race 1600 / 4000
TRAIN fedrotlora 12 race 1800 / 4000
TRAIN fedrotlora 12 race 2000 / 4000
TRAIN fedrotlora 12 race 2200 / 4000
TRAIN fedrotlora 12 race 2400 / 4000
TRAIN fedrotlora 12 race 2600 / 4000
TRAIN fedrotlora 12 race 2800 / 4000
TRAIN fedrotlora 12 race 3000 / 4000
TRAIN fedrotlora 12 race 3200 / 4000
TRAIN fedrotlora 12 race 3400 / 4000
TRAIN fedrotlora 12 race 3600 / 4000
TRAIN fedrotlora 12 race 3800 / 4000
TRAIN fedrotlora 12 race 4000 / 4000
Round 12 Client 4: samples=4000 updates=500 loss=0.201116
Round 12 Test: race_accuracy=0.668000 macro_accuracy=0.668000 worst_domain_accuracy=0.668000
Aggregated model updated.
Round 12 Test: cosmosqa_accuracy=0.659333 openbookqa_accuracy=0.643000 sciq_accuracy=0.832332 hellaswag_accuracy=0.687333 race_accuracy=0.647333 macro_accuracy=0.693866 worst_domain_accuracy=0.643000
ROUND fedrotlora 12 GLOBAL MACRO 0.6938664664664664
TRAIN fedrotlora 13 cosmosqa 200 / 4000
TRAIN fedrotlora 13 cosmosqa 400 / 4000
TRAIN fedrotlora 13 cosmosqa 600 / 4000
TRAIN fedrotlora 13 cosmosqa 800 / 4000
TRAIN fedrotlora 13 cosmosqa 1000 / 4000
TRAIN fedrotlora 13 cosmosqa 1200 / 4000
TRAIN fedrotlora 13 cosmosqa 1400 / 4000
TRAIN fedrotlora 13 cosmosqa 1600 / 4000
TRAIN fedrotlora 13 cosmosqa 1800 / 4000
TRAIN fedrotlora 13 cosmosqa 2000 / 4000
TRAIN fedrotlora 13 cosmosqa 2200 / 4000
TRAIN fedrotlora 13 cosmosqa 2400 / 4000
TRAIN fedrotlora 13 cosmosqa 2600 / 4000
TRAIN fedrotlora 13 cosmosqa 2800 / 4000
TRAIN fedrotlora 13 cosmosqa 3000 / 4000
TRAIN fedrotlora 13 cosmosqa 3200 / 4000
TRAIN fedrotlora 13 cosmosqa 3400 / 4000
TRAIN fedrotlora 13 cosmosqa 3600 / 4000
TRAIN fedrotlora 13 cosmosqa 3800 / 4000
TRAIN fedrotlora 13 cosmosqa 4000 / 4000
Round 13 Client 0: samples=4000 updates=500 loss=0.142268
Round 13 Test: cosmosqa_accuracy=0.663333 macro_accuracy=0.663333 worst_domain_accuracy=0.663333
TRAIN fedrotlora 13 openbookqa 200 / 4000
TRAIN fedrotlora 13 openbookqa 400 / 4000
TRAIN fedrotlora 13 openbookqa 600 / 4000
TRAIN fedrotlora 13 openbookqa 800 / 4000
TRAIN fedrotlora 13 openbookqa 1000 / 4000
TRAIN fedrotlora 13 openbookqa 1200 / 4000
TRAIN fedrotlora 13 openbookqa 1400 / 4000
TRAIN fedrotlora 13 openbookqa 1600 / 4000
TRAIN fedrotlora 13 openbookqa 1800 / 4000
TRAIN fedrotlora 13 openbookqa 2000 / 4000
TRAIN fedrotlora 13 openbookqa 2200 / 4000
TRAIN fedrotlora 13 openbookqa 2400 / 4000
TRAIN fedrotlora 13 openbookqa 2600 / 4000
TRAIN fedrotlora 13 openbookqa 2800 / 4000
TRAIN fedrotlora 13 openbookqa 3000 / 4000
TRAIN fedrotlora 13 openbookqa 3200 / 4000
TRAIN fedrotlora 13 openbookqa 3400 / 4000
TRAIN fedrotlora 13 openbookqa 3600 / 4000
TRAIN fedrotlora 13 openbookqa 3800 / 4000
TRAIN fedrotlora 13 openbookqa 4000 / 4000
Round 13 Client 1: samples=4000 updates=500 loss=0.135109
Round 13 Test: openbookqa_accuracy=0.709000 macro_accuracy=0.709000 worst_domain_accuracy=0.709000
TRAIN fedrotlora 13 sciq 200 / 4000
TRAIN fedrotlora 13 sciq 400 / 4000
TRAIN fedrotlora 13 sciq 600 / 4000
TRAIN fedrotlora 13 sciq 800 / 4000
TRAIN fedrotlora 13 sciq 1000 / 4000
TRAIN fedrotlora 13 sciq 1200 / 4000
TRAIN fedrotlora 13 sciq 1400 / 4000
TRAIN fedrotlora 13 sciq 1600 / 4000
TRAIN fedrotlora 13 sciq 1800 / 4000
TRAIN fedrotlora 13 sciq 2000 / 4000
TRAIN fedrotlora 13 sciq 2200 / 4000
TRAIN fedrotlora 13 sciq 2400 / 4000
TRAIN fedrotlora 13 sciq 2600 / 4000
TRAIN fedrotlora 13 sciq 2800 / 4000
TRAIN fedrotlora 13 sciq 3000 / 4000
TRAIN fedrotlora 13 sciq 3200 / 4000
TRAIN fedrotlora 13 sciq 3400 / 4000
TRAIN fedrotlora 13 sciq 3600 / 4000
TRAIN fedrotlora 13 sciq 3800 / 4000
TRAIN fedrotlora 13 sciq 4000 / 4000
Round 13 Client 2: samples=4000 updates=500 loss=0.056636
Round 13 Test: sciq_accuracy=0.844845 macro_accuracy=0.844845 worst_domain_accuracy=0.844845
TRAIN fedrotlora 13 hellaswag 200 / 4000
TRAIN fedrotlora 13 hellaswag 400 / 4000
TRAIN fedrotlora 13 hellaswag 600 / 4000
TRAIN fedrotlora 13 hellaswag 800 / 4000
TRAIN fedrotlora 13 hellaswag 1000 / 4000
TRAIN fedrotlora 13 hellaswag 1200 / 4000
TRAIN fedrotlora 13 hellaswag 1400 / 4000
TRAIN fedrotlora 13 hellaswag 1600 / 4000
TRAIN fedrotlora 13 hellaswag 1800 / 4000
TRAIN fedrotlora 13 hellaswag 2000 / 4000
TRAIN fedrotlora 13 hellaswag 2200 / 4000
TRAIN fedrotlora 13 hellaswag 2400 / 4000
TRAIN fedrotlora 13 hellaswag 2600 / 4000
TRAIN fedrotlora 13 hellaswag 2800 / 4000
TRAIN fedrotlora 13 hellaswag 3000 / 4000
TRAIN fedrotlora 13 hellaswag 3200 / 4000
TRAIN fedrotlora 13 hellaswag 3400 / 4000
TRAIN fedrotlora 13 hellaswag 3600 / 4000
TRAIN fedrotlora 13 hellaswag 3800 / 4000
TRAIN fedrotlora 13 hellaswag 4000 / 4000
Round 13 Client 3: samples=4000 updates=500 loss=0.107700
Round 13 Test: hellaswag_accuracy=0.779333 macro_accuracy=0.779333 worst_domain_accuracy=0.779333
TRAIN fedrotlora 13 race 200 / 4000
TRAIN fedrotlora 13 race 400 / 4000
TRAIN fedrotlora 13 race 600 / 4000
TRAIN fedrotlora 13 race 800 / 4000
TRAIN fedrotlora 13 race 1000 / 4000
TRAIN fedrotlora 13 race 1200 / 4000
TRAIN fedrotlora 13 race 1400 / 4000
TRAIN fedrotlora 13 race 1600 / 4000
TRAIN fedrotlora 13 race 1800 / 4000
TRAIN fedrotlora 13 race 2000 / 4000
TRAIN fedrotlora 13 race 2200 / 4000
TRAIN fedrotlora 13 race 2400 / 4000
TRAIN fedrotlora 13 race 2600 / 4000
TRAIN fedrotlora 13 race 2800 / 4000
TRAIN fedrotlora 13 race 3000 / 4000
TRAIN fedrotlora 13 race 3200 / 4000
TRAIN fedrotlora 13 race 3400 / 4000
TRAIN fedrotlora 13 race 3600 / 4000
TRAIN fedrotlora 13 race 3800 / 4000
TRAIN fedrotlora 13 race 4000 / 4000
Round 13 Client 4: samples=4000 updates=500 loss=0.182183
Round 13 Test: race_accuracy=0.662000 macro_accuracy=0.662000 worst_domain_accuracy=0.662000
Aggregated model updated.
Round 13 Test: cosmosqa_accuracy=0.652667 openbookqa_accuracy=0.652000 sciq_accuracy=0.830330 hellaswag_accuracy=0.707333 race_accuracy=0.664667 macro_accuracy=0.701399 worst_domain_accuracy=0.652000
ROUND fedrotlora 13 GLOBAL MACRO 0.7013993993993994
TRAIN fedrotlora 14 cosmosqa 200 / 4000
TRAIN fedrotlora 14 cosmosqa 400 / 4000
TRAIN fedrotlora 14 cosmosqa 600 / 4000
TRAIN fedrotlora 14 cosmosqa 800 / 4000
TRAIN fedrotlora 14 cosmosqa 1000 / 4000
TRAIN fedrotlora 14 cosmosqa 1200 / 4000
TRAIN fedrotlora 14 cosmosqa 1400 / 4000
TRAIN fedrotlora 14 cosmosqa 1600 / 4000
TRAIN fedrotlora 14 cosmosqa 1800 / 4000
TRAIN fedrotlora 14 cosmosqa 2000 / 4000
TRAIN fedrotlora 14 cosmosqa 2200 / 4000
TRAIN fedrotlora 14 cosmosqa 2400 / 4000
TRAIN fedrotlora 14 cosmosqa 2600 / 4000
TRAIN fedrotlora 14 cosmosqa 2800 / 4000
TRAIN fedrotlora 14 cosmosqa 3000 / 4000
TRAIN fedrotlora 14 cosmosqa 3200 / 4000
TRAIN fedrotlora 14 cosmosqa 3400 / 4000
TRAIN fedrotlora 14 cosmosqa 3600 / 4000
TRAIN fedrotlora 14 cosmosqa 3800 / 4000
TRAIN fedrotlora 14 cosmosqa 4000 / 4000
Round 14 Client 0: samples=4000 updates=500 loss=0.124707
Round 14 Test: cosmosqa_accuracy=0.675333 macro_accuracy=0.675333 worst_domain_accuracy=0.675333
TRAIN fedrotlora 14 openbookqa 200 / 4000
TRAIN fedrotlora 14 openbookqa 400 / 4000
TRAIN fedrotlora 14 openbookqa 600 / 4000
TRAIN fedrotlora 14 openbookqa 800 / 4000
TRAIN fedrotlora 14 openbookqa 1000 / 4000
TRAIN fedrotlora 14 openbookqa 1200 / 4000
TRAIN fedrotlora 14 openbookqa 1400 / 4000
TRAIN fedrotlora 14 openbookqa 1600 / 4000
TRAIN fedrotlora 14 openbookqa 1800 / 4000
TRAIN fedrotlora 14 openbookqa 2000 / 4000
TRAIN fedrotlora 14 openbookqa 2200 / 4000
TRAIN fedrotlora 14 openbookqa 2400 / 4000
TRAIN fedrotlora 14 openbookqa 2600 / 4000
TRAIN fedrotlora 14 openbookqa 2800 / 4000
TRAIN fedrotlora 14 openbookqa 3000 / 4000
TRAIN fedrotlora 14 openbookqa 3200 / 4000
TRAIN fedrotlora 14 openbookqa 3400 / 4000
TRAIN fedrotlora 14 openbookqa 3600 / 4000
TRAIN fedrotlora 14 openbookqa 3800 / 4000
TRAIN fedrotlora 14 openbookqa 4000 / 4000
Round 14 Client 1: samples=4000 updates=500 loss=0.123359
Round 14 Test: openbookqa_accuracy=0.700000 macro_accuracy=0.700000 worst_domain_accuracy=0.700000
TRAIN fedrotlora 14 sciq 200 / 4000
TRAIN fedrotlora 14 sciq 400 / 4000
TRAIN fedrotlora 14 sciq 600 / 4000
TRAIN fedrotlora 14 sciq 800 / 4000
TRAIN fedrotlora 14 sciq 1000 / 4000
TRAIN fedrotlora 14 sciq 1200 / 4000
TRAIN fedrotlora 14 sciq 1400 / 4000
TRAIN fedrotlora 14 sciq 1600 / 4000
TRAIN fedrotlora 14 sciq 1800 / 4000
TRAIN fedrotlora 14 sciq 2000 / 4000
TRAIN fedrotlora 14 sciq 2200 / 4000
TRAIN fedrotlora 14 sciq 2400 / 4000
TRAIN fedrotlora 14 sciq 2600 / 4000
TRAIN fedrotlora 14 sciq 2800 / 4000
TRAIN fedrotlora 14 sciq 3000 / 4000
TRAIN fedrotlora 14 sciq 3200 / 4000
TRAIN fedrotlora 14 sciq 3400 / 4000
TRAIN fedrotlora 14 sciq 3600 / 4000
TRAIN fedrotlora 14 sciq 3800 / 4000
TRAIN fedrotlora 14 sciq 4000 / 4000
Round 14 Client 2: samples=4000 updates=500 loss=0.046847
Round 14 Test: sciq_accuracy=0.840841 macro_accuracy=0.840841 worst_domain_accuracy=0.840841
TRAIN fedrotlora 14 hellaswag 200 / 4000
TRAIN fedrotlora 14 hellaswag 400 / 4000
TRAIN fedrotlora 14 hellaswag 600 / 4000
TRAIN fedrotlora 14 hellaswag 800 / 4000
TRAIN fedrotlora 14 hellaswag 1000 / 4000
TRAIN fedrotlora 14 hellaswag 1200 / 4000
TRAIN fedrotlora 14 hellaswag 1400 / 4000
TRAIN fedrotlora 14 hellaswag 1600 / 4000
TRAIN fedrotlora 14 hellaswag 1800 / 4000
TRAIN fedrotlora 14 hellaswag 2000 / 4000
TRAIN fedrotlora 14 hellaswag 2200 / 4000
TRAIN fedrotlora 14 hellaswag 2400 / 4000
TRAIN fedrotlora 14 hellaswag 2600 / 4000
TRAIN fedrotlora 14 hellaswag 2800 / 4000
TRAIN fedrotlora 14 hellaswag 3000 / 4000
TRAIN fedrotlora 14 hellaswag 3200 / 4000
TRAIN fedrotlora 14 hellaswag 3400 / 4000
TRAIN fedrotlora 14 hellaswag 3600 / 4000
TRAIN fedrotlora 14 hellaswag 3800 / 4000
TRAIN fedrotlora 14 hellaswag 4000 / 4000
Round 14 Client 3: samples=4000 updates=500 loss=0.099144
Round 14 Test: hellaswag_accuracy=0.781333 macro_accuracy=0.781333 worst_domain_accuracy=0.781333
TRAIN fedrotlora 14 race 200 / 4000
TRAIN fedrotlora 14 race 400 / 4000
TRAIN fedrotlora 14 race 600 / 4000
TRAIN fedrotlora 14 race 800 / 4000
TRAIN fedrotlora 14 race 1000 / 4000
TRAIN fedrotlora 14 race 1200 / 4000
TRAIN fedrotlora 14 race 1400 / 4000
TRAIN fedrotlora 14 race 1600 / 4000
TRAIN fedrotlora 14 race 1800 / 4000
TRAIN fedrotlora 14 race 2000 / 4000
TRAIN fedrotlora 14 race 2200 / 4000
TRAIN fedrotlora 14 race 2400 / 4000
TRAIN fedrotlora 14 race 2600 / 4000
TRAIN fedrotlora 14 race 2800 / 4000
TRAIN fedrotlora 14 race 3000 / 4000
TRAIN fedrotlora 14 race 3200 / 4000
TRAIN fedrotlora 14 race 3400 / 4000
TRAIN fedrotlora 14 race 3600 / 4000
TRAIN fedrotlora 14 race 3800 / 4000
TRAIN fedrotlora 14 race 4000 / 4000
Round 14 Client 4: samples=4000 updates=500 loss=0.169644
Round 14 Test: race_accuracy=0.664000 macro_accuracy=0.664000 worst_domain_accuracy=0.664000
Aggregated model updated.
Round 14 Test: cosmosqa_accuracy=0.649333 openbookqa_accuracy=0.650000 sciq_accuracy=0.832833 hellaswag_accuracy=0.714667 race_accuracy=0.644667 macro_accuracy=0.698300 worst_domain_accuracy=0.644667
ROUND fedrotlora 14 GLOBAL MACRO 0.6982998998998999
TRAIN fedrotlora 15 cosmosqa 200 / 4000
TRAIN fedrotlora 15 cosmosqa 400 / 4000
TRAIN fedrotlora 15 cosmosqa 600 / 4000
TRAIN fedrotlora 15 cosmosqa 800 / 4000
TRAIN fedrotlora 15 cosmosqa 1000 / 4000
TRAIN fedrotlora 15 cosmosqa 1200 / 4000
TRAIN fedrotlora 15 cosmosqa 1400 / 4000
TRAIN fedrotlora 15 cosmosqa 1600 / 4000
TRAIN fedrotlora 15 cosmosqa 1800 / 4000
TRAIN fedrotlora 15 cosmosqa 2000 / 4000
TRAIN fedrotlora 15 cosmosqa 2200 / 4000
TRAIN fedrotlora 15 cosmosqa 2400 / 4000
TRAIN fedrotlora 15 cosmosqa 2600 / 4000
TRAIN fedrotlora 15 cosmosqa 2800 / 4000
TRAIN fedrotlora 15 cosmosqa 3000 / 4000
TRAIN fedrotlora 15 cosmosqa 3200 / 4000
TRAIN fedrotlora 15 cosmosqa 3400 / 4000
TRAIN fedrotlora 15 cosmosqa 3600 / 4000
TRAIN fedrotlora 15 cosmosqa 3800 / 4000
TRAIN fedrotlora 15 cosmosqa 4000 / 4000
Round 15 Client 0: samples=4000 updates=500 loss=0.119354
Round 15 Test: cosmosqa_accuracy=0.672667 macro_accuracy=0.672667 worst_domain_accuracy=0.672667
TRAIN fedrotlora 15 openbookqa 200 / 4000
TRAIN fedrotlora 15 openbookqa 400 / 4000
TRAIN fedrotlora 15 openbookqa 600 / 4000
TRAIN fedrotlora 15 openbookqa 800 / 4000
TRAIN fedrotlora 15 openbookqa 1000 / 4000
TRAIN fedrotlora 15 openbookqa 1200 / 4000
TRAIN fedrotlora 15 openbookqa 1400 / 4000
TRAIN fedrotlora 15 openbookqa 1600 / 4000
TRAIN fedrotlora 15 openbookqa 1800 / 4000
TRAIN fedrotlora 15 openbookqa 2000 / 4000
TRAIN fedrotlora 15 openbookqa 2200 / 4000
TRAIN fedrotlora 15 openbookqa 2400 / 4000
TRAIN fedrotlora 15 openbookqa 2600 / 4000
TRAIN fedrotlora 15 openbookqa 2800 / 4000
TRAIN fedrotlora 15 openbookqa 3000 / 4000
TRAIN fedrotlora 15 openbookqa 3200 / 4000
TRAIN fedrotlora 15 openbookqa 3400 / 4000
TRAIN fedrotlora 15 openbookqa 3600 / 4000
TRAIN fedrotlora 15 openbookqa 3800 / 4000
TRAIN fedrotlora 15 openbookqa 4000 / 4000
Round 15 Client 1: samples=4000 updates=500 loss=0.105525
Round 15 Test: openbookqa_accuracy=0.700000 macro_accuracy=0.700000 worst_domain_accuracy=0.700000
TRAIN fedrotlora 15 sciq 200 / 4000
TRAIN fedrotlora 15 sciq 400 / 4000
TRAIN fedrotlora 15 sciq 600 / 4000
TRAIN fedrotlora 15 sciq 800 / 4000
TRAIN fedrotlora 15 sciq 1000 / 4000
TRAIN fedrotlora 15 sciq 1200 / 4000
TRAIN fedrotlora 15 sciq 1400 / 4000
TRAIN fedrotlora 15 sciq 1600 / 4000
TRAIN fedrotlora 15 sciq 1800 / 4000
TRAIN fedrotlora 15 sciq 2000 / 4000
TRAIN fedrotlora 15 sciq 2200 / 4000
TRAIN fedrotlora 15 sciq 2400 / 4000
TRAIN fedrotlora 15 sciq 2600 / 4000
TRAIN fedrotlora 15 sciq 2800 / 4000
TRAIN fedrotlora 15 sciq 3000 / 4000
TRAIN fedrotlora 15 sciq 3200 / 4000
TRAIN fedrotlora 15 sciq 3400 / 4000
TRAIN fedrotlora 15 sciq 3600 / 4000
TRAIN fedrotlora 15 sciq 3800 / 4000
TRAIN fedrotlora 15 sciq 4000 / 4000
Round 15 Client 2: samples=4000 updates=500 loss=0.046488
Round 15 Test: sciq_accuracy=0.843844 macro_accuracy=0.843844 worst_domain_accuracy=0.843844
TRAIN fedrotlora 15 hellaswag 200 / 4000
TRAIN fedrotlora 15 hellaswag 400 / 4000
TRAIN fedrotlora 15 hellaswag 600 / 4000
TRAIN fedrotlora 15 hellaswag 800 / 4000
TRAIN fedrotlora 15 hellaswag 1000 / 4000
TRAIN fedrotlora 15 hellaswag 1200 / 4000
TRAIN fedrotlora 15 hellaswag 1400 / 4000
TRAIN fedrotlora 15 hellaswag 1600 / 4000
TRAIN fedrotlora 15 hellaswag 1800 / 4000
TRAIN fedrotlora 15 hellaswag 2000 / 4000
TRAIN fedrotlora 15 hellaswag 2200 / 4000
TRAIN fedrotlora 15 hellaswag 2400 / 4000
TRAIN fedrotlora 15 hellaswag 2600 / 4000
TRAIN fedrotlora 15 hellaswag 2800 / 4000
TRAIN fedrotlora 15 hellaswag 3000 / 4000
TRAIN fedrotlora 15 hellaswag 3200 / 4000
TRAIN fedrotlora 15 hellaswag 3400 / 4000
TRAIN fedrotlora 15 hellaswag 3600 / 4000
TRAIN fedrotlora 15 hellaswag 3800 / 4000
TRAIN fedrotlora 15 hellaswag 4000 / 4000
Round 15 Client 3: samples=4000 updates=500 loss=0.091533
Round 15 Test: hellaswag_accuracy=0.770000 macro_accuracy=0.770000 worst_domain_accuracy=0.770000
TRAIN fedrotlora 15 race 200 / 4000
TRAIN fedrotlora 15 race 400 / 4000
TRAIN fedrotlora 15 race 600 / 4000
TRAIN fedrotlora 15 race 800 / 4000
TRAIN fedrotlora 15 race 1000 / 4000
TRAIN fedrotlora 15 race 1200 / 4000
TRAIN fedrotlora 15 race 1400 / 4000
TRAIN fedrotlora 15 race 1600 / 4000
TRAIN fedrotlora 15 race 1800 / 4000
TRAIN fedrotlora 15 race 2000 / 4000
TRAIN fedrotlora 15 race 2200 / 4000
TRAIN fedrotlora 15 race 2400 / 4000
TRAIN fedrotlora 15 race 2600 / 4000
TRAIN fedrotlora 15 race 2800 / 4000
TRAIN fedrotlora 15 race 3000 / 4000
TRAIN fedrotlora 15 race 3200 / 4000
TRAIN fedrotlora 15 race 3400 / 4000
TRAIN fedrotlora 15 race 3600 / 4000
TRAIN fedrotlora 15 race 3800 / 4000
TRAIN fedrotlora 15 race 4000 / 4000
Round 15 Client 4: samples=4000 updates=500 loss=0.156463
Round 15 Test: race_accuracy=0.674000 macro_accuracy=0.674000 worst_domain_accuracy=0.674000
Aggregated model updated.
Round 15 Test: cosmosqa_accuracy=0.650667 openbookqa_accuracy=0.653000 sciq_accuracy=0.834835 hellaswag_accuracy=0.712667 race_accuracy=0.652667 macro_accuracy=0.700767 worst_domain_accuracy=0.650667
ROUND fedrotlora 15 GLOBAL MACRO 0.7007669669669669
TRAIN fedrotlora 16 cosmosqa 200 / 4000
TRAIN fedrotlora 16 cosmosqa 400 / 4000
TRAIN fedrotlora 16 cosmosqa 600 / 4000
TRAIN fedrotlora 16 cosmosqa 800 / 4000
TRAIN fedrotlora 16 cosmosqa 1000 / 4000
TRAIN fedrotlora 16 cosmosqa 1200 / 4000
TRAIN fedrotlora 16 cosmosqa 1400 / 4000
TRAIN fedrotlora 16 cosmosqa 1600 / 4000
TRAIN fedrotlora 16 cosmosqa 1800 / 4000
TRAIN fedrotlora 16 cosmosqa 2000 / 4000
TRAIN fedrotlora 16 cosmosqa 2200 / 4000
TRAIN fedrotlora 16 cosmosqa 2400 / 4000
TRAIN fedrotlora 16 cosmosqa 2600 / 4000
TRAIN fedrotlora 16 cosmosqa 2800 / 4000
TRAIN fedrotlora 16 cosmosqa 3000 / 4000
TRAIN fedrotlora 16 cosmosqa 3200 / 4000
TRAIN fedrotlora 16 cosmosqa 3400 / 4000
TRAIN fedrotlora 16 cosmosqa 3600 / 4000
TRAIN fedrotlora 16 cosmosqa 3800 / 4000
TRAIN fedrotlora 16 cosmosqa 4000 / 4000
Round 16 Client 0: samples=4000 updates=500 loss=0.103237
Round 16 Test: cosmosqa_accuracy=0.662667 macro_accuracy=0.662667 worst_domain_accuracy=0.662667
TRAIN fedrotlora 16 openbookqa 200 / 4000
TRAIN fedrotlora 16 openbookqa 400 / 4000
TRAIN fedrotlora 16 openbookqa 600 / 4000
TRAIN fedrotlora 16 openbookqa 800 / 4000
TRAIN fedrotlora 16 openbookqa 1000 / 4000
TRAIN fedrotlora 16 openbookqa 1200 / 4000
TRAIN fedrotlora 16 openbookqa 1400 / 4000
TRAIN fedrotlora 16 openbookqa 1600 / 4000
TRAIN fedrotlora 16 openbookqa 1800 / 4000
TRAIN fedrotlora 16 openbookqa 2000 / 4000
TRAIN fedrotlora 16 openbookqa 2200 / 4000
TRAIN fedrotlora 16 openbookqa 2400 / 4000
TRAIN fedrotlora 16 openbookqa 2600 / 4000
TRAIN fedrotlora 16 openbookqa 2800 / 4000
TRAIN fedrotlora 16 openbookqa 3000 / 4000
TRAIN fedrotlora 16 openbookqa 3200 / 4000
TRAIN fedrotlora 16 openbookqa 3400 / 4000
TRAIN fedrotlora 16 openbookqa 3600 / 4000
TRAIN fedrotlora 16 openbookqa 3800 / 4000
TRAIN fedrotlora 16 openbookqa 4000 / 4000
Round 16 Client 1: samples=4000 updates=500 loss=0.103128
Round 16 Test: openbookqa_accuracy=0.708000 macro_accuracy=0.708000 worst_domain_accuracy=0.708000
TRAIN fedrotlora 16 sciq 200 / 4000
TRAIN fedrotlora 16 sciq 400 / 4000
TRAIN fedrotlora 16 sciq 600 / 4000
TRAIN fedrotlora 16 sciq 800 / 4000
TRAIN fedrotlora 16 sciq 1000 / 4000
TRAIN fedrotlora 16 sciq 1200 / 4000
TRAIN fedrotlora 16 sciq 1400 / 4000
TRAIN fedrotlora 16 sciq 1600 / 4000
TRAIN fedrotlora 16 sciq 1800 / 4000
TRAIN fedrotlora 16 sciq 2000 / 4000
TRAIN fedrotlora 16 sciq 2200 / 4000
TRAIN fedrotlora 16 sciq 2400 / 4000
TRAIN fedrotlora 16 sciq 2600 / 4000
TRAIN fedrotlora 16 sciq 2800 / 4000
TRAIN fedrotlora 16 sciq 3000 / 4000
TRAIN fedrotlora 16 sciq 3200 / 4000
TRAIN fedrotlora 16 sciq 3400 / 4000
TRAIN fedrotlora 16 sciq 3600 / 4000
TRAIN fedrotlora 16 sciq 3800 / 4000
TRAIN fedrotlora 16 sciq 4000 / 4000
Round 16 Client 2: samples=4000 updates=500 loss=0.043117
Round 16 Test: sciq_accuracy=0.849349 macro_accuracy=0.849349 worst_domain_accuracy=0.849349
TRAIN fedrotlora 16 hellaswag 200 / 4000
TRAIN fedrotlora 16 hellaswag 400 / 4000
TRAIN fedrotlora 16 hellaswag 600 / 4000
TRAIN fedrotlora 16 hellaswag 800 / 4000
TRAIN fedrotlora 16 hellaswag 1000 / 4000
TRAIN fedrotlora 16 hellaswag 1200 / 4000
TRAIN fedrotlora 16 hellaswag 1400 / 4000
TRAIN fedrotlora 16 hellaswag 1600 / 4000
TRAIN fedrotlora 16 hellaswag 1800 / 4000
TRAIN fedrotlora 16 hellaswag 2000 / 4000
TRAIN fedrotlora 16 hellaswag 2200 / 4000
TRAIN fedrotlora 16 hellaswag 2400 / 4000
TRAIN fedrotlora 16 hellaswag 2600 / 4000
TRAIN fedrotlora 16 hellaswag 2800 / 4000
TRAIN fedrotlora 16 hellaswag 3000 / 4000
TRAIN fedrotlora 16 hellaswag 3200 / 4000
TRAIN fedrotlora 16 hellaswag 3400 / 4000
TRAIN fedrotlora 16 hellaswag 3600 / 4000
TRAIN fedrotlora 16 hellaswag 3800 / 4000
TRAIN fedrotlora 16 hellaswag 4000 / 4000
Round 16 Client 3: samples=4000 updates=500 loss=0.078957
Round 16 Test: hellaswag_accuracy=0.772000 macro_accuracy=0.772000 worst_domain_accuracy=0.772000
TRAIN fedrotlora 16 race 200 / 4000
TRAIN fedrotlora 16 race 400 / 4000
TRAIN fedrotlora 16 race 600 / 4000
TRAIN fedrotlora 16 race 800 / 4000
TRAIN fedrotlora 16 race 1000 / 4000
TRAIN fedrotlora 16 race 1200 / 4000
TRAIN fedrotlora 16 race 1400 / 4000
TRAIN fedrotlora 16 race 1600 / 4000
TRAIN fedrotlora 16 race 1800 / 4000
TRAIN fedrotlora 16 race 2000 / 4000
TRAIN fedrotlora 16 race 2200 / 4000
TRAIN fedrotlora 16 race 2400 / 4000
TRAIN fedrotlora 16 race 2600 / 4000
TRAIN fedrotlora 16 race 2800 / 4000
TRAIN fedrotlora 16 race 3000 / 4000
TRAIN fedrotlora 16 race 3200 / 4000
TRAIN fedrotlora 16 race 3400 / 4000
TRAIN fedrotlora 16 race 3600 / 4000
TRAIN fedrotlora 16 race 3800 / 4000
TRAIN fedrotlora 16 race 4000 / 4000
Round 16 Client 4: samples=4000 updates=500 loss=0.144598
Round 16 Test: race_accuracy=0.671333 macro_accuracy=0.671333 worst_domain_accuracy=0.671333
Aggregated model updated.
Round 16 Test: cosmosqa_accuracy=0.646667 openbookqa_accuracy=0.655000 sciq_accuracy=0.825826 hellaswag_accuracy=0.724000 race_accuracy=0.656000 macro_accuracy=0.701498 worst_domain_accuracy=0.646667
ROUND fedrotlora 16 GLOBAL MACRO 0.7014984984984985
TRAIN fedrotlora 17 cosmosqa 200 / 4000
TRAIN fedrotlora 17 cosmosqa 400 / 4000
TRAIN fedrotlora 17 cosmosqa 600 / 4000
TRAIN fedrotlora 17 cosmosqa 800 / 4000
TRAIN fedrotlora 17 cosmosqa 1000 / 4000
TRAIN fedrotlora 17 cosmosqa 1200 / 4000
TRAIN fedrotlora 17 cosmosqa 1400 / 4000
TRAIN fedrotlora 17 cosmosqa 1600 / 4000
TRAIN fedrotlora 17 cosmosqa 1800 / 4000
TRAIN fedrotlora 17 cosmosqa 2000 / 4000
TRAIN fedrotlora 17 cosmosqa 2200 / 4000
TRAIN fedrotlora 17 cosmosqa 2400 / 4000
TRAIN fedrotlora 17 cosmosqa 2600 / 4000
TRAIN fedrotlora 17 cosmosqa 2800 / 4000
TRAIN fedrotlora 17 cosmosqa 3000 / 4000
TRAIN fedrotlora 17 cosmosqa 3200 / 4000
TRAIN fedrotlora 17 cosmosqa 3400 / 4000
TRAIN fedrotlora 17 cosmosqa 3600 / 4000
TRAIN fedrotlora 17 cosmosqa 3800 / 4000
TRAIN fedrotlora 17 cosmosqa 4000 / 4000
Round 17 Client 0: samples=4000 updates=500 loss=0.090544
Round 17 Test: cosmosqa_accuracy=0.674000 macro_accuracy=0.674000 worst_domain_accuracy=0.674000
TRAIN fedrotlora 17 openbookqa 200 / 4000
TRAIN fedrotlora 17 openbookqa 400 / 4000
TRAIN fedrotlora 17 openbookqa 600 / 4000
TRAIN fedrotlora 17 openbookqa 800 / 4000
TRAIN fedrotlora 17 openbookqa 1000 / 4000
TRAIN fedrotlora 17 openbookqa 1200 / 4000
TRAIN fedrotlora 17 openbookqa 1400 / 4000
TRAIN fedrotlora 17 openbookqa 1600 / 4000
TRAIN fedrotlora 17 openbookqa 1800 / 4000
TRAIN fedrotlora 17 openbookqa 2000 / 4000
TRAIN fedrotlora 17 openbookqa 2200 / 4000
TRAIN fedrotlora 17 openbookqa 2400 / 4000
TRAIN fedrotlora 17 openbookqa 2600 / 4000
TRAIN fedrotlora 17 openbookqa 2800 / 4000
TRAIN fedrotlora 17 openbookqa 3000 / 4000
TRAIN fedrotlora 17 openbookqa 3200 / 4000
TRAIN fedrotlora 17 openbookqa 3400 / 4000
TRAIN fedrotlora 17 openbookqa 3600 / 4000
TRAIN fedrotlora 17 openbookqa 3800 / 4000
TRAIN fedrotlora 17 openbookqa 4000 / 4000
Round 17 Client 1: samples=4000 updates=500 loss=0.098667
Round 17 Test: openbookqa_accuracy=0.693000 macro_accuracy=0.693000 worst_domain_accuracy=0.693000
TRAIN fedrotlora 17 sciq 200 / 4000
TRAIN fedrotlora 17 sciq 400 / 4000
TRAIN fedrotlora 17 sciq 600 / 4000
TRAIN fedrotlora 17 sciq 800 / 4000
TRAIN fedrotlora 17 sciq 1000 / 4000
TRAIN fedrotlora 17 sciq 1200 / 4000
TRAIN fedrotlora 17 sciq 1400 / 4000
TRAIN fedrotlora 17 sciq 1600 / 4000
TRAIN fedrotlora 17 sciq 1800 / 4000
TRAIN fedrotlora 17 sciq 2000 / 4000
TRAIN fedrotlora 17 sciq 2200 / 4000
TRAIN fedrotlora 17 sciq 2400 / 4000
TRAIN fedrotlora 17 sciq 2600 / 4000
TRAIN fedrotlora 17 sciq 2800 / 4000
TRAIN fedrotlora 17 sciq 3000 / 4000
TRAIN fedrotlora 17 sciq 3200 / 4000
TRAIN fedrotlora 17 sciq 3400 / 4000
TRAIN fedrotlora 17 sciq 3600 / 4000
TRAIN fedrotlora 17 sciq 3800 / 4000
TRAIN fedrotlora 17 sciq 4000 / 4000
Round 17 Client 2: samples=4000 updates=500 loss=0.044068
Round 17 Test: sciq_accuracy=0.837838 macro_accuracy=0.837838 worst_domain_accuracy=0.837838
TRAIN fedrotlora 17 hellaswag 200 / 4000
TRAIN fedrotlora 17 hellaswag 400 / 4000
TRAIN fedrotlora 17 hellaswag 600 / 4000
TRAIN fedrotlora 17 hellaswag 800 / 4000
TRAIN fedrotlora 17 hellaswag 1000 / 4000
TRAIN fedrotlora 17 hellaswag 1200 / 4000
TRAIN fedrotlora 17 hellaswag 1400 / 4000
TRAIN fedrotlora 17 hellaswag 1600 / 4000
TRAIN fedrotlora 17 hellaswag 1800 / 4000
TRAIN fedrotlora 17 hellaswag 2000 / 4000
TRAIN fedrotlora 17 hellaswag 2200 / 4000
TRAIN fedrotlora 17 hellaswag 2400 / 4000
TRAIN fedrotlora 17 hellaswag 2600 / 4000
TRAIN fedrotlora 17 hellaswag 2800 / 4000
TRAIN fedrotlora 17 hellaswag 3000 / 4000
TRAIN fedrotlora 17 hellaswag 3200 / 4000
TRAIN fedrotlora 17 hellaswag 3400 / 4000
TRAIN fedrotlora 17 hellaswag 3600 / 4000
TRAIN fedrotlora 17 hellaswag 3800 / 4000
TRAIN fedrotlora 17 hellaswag 4000 / 4000
Round 17 Client 3: samples=4000 updates=500 loss=0.073627
Round 17 Test: hellaswag_accuracy=0.770000 macro_accuracy=0.770000 worst_domain_accuracy=0.770000
TRAIN fedrotlora 17 race 200 / 4000
TRAIN fedrotlora 17 race 400 / 4000
TRAIN fedrotlora 17 race 600 / 4000
TRAIN fedrotlora 17 race 800 / 4000
TRAIN fedrotlora 17 race 1000 / 4000
TRAIN fedrotlora 17 race 1200 / 4000
TRAIN fedrotlora 17 race 1400 / 4000
TRAIN fedrotlora 17 race 1600 / 4000
TRAIN fedrotlora 17 race 1800 / 4000
TRAIN fedrotlora 17 race 2000 / 4000
TRAIN fedrotlora 17 race 2200 / 4000
TRAIN fedrotlora 17 race 2400 / 4000
TRAIN fedrotlora 17 race 2600 / 4000
TRAIN fedrotlora 17 race 2800 / 4000
TRAIN fedrotlora 17 race 3000 / 4000
TRAIN fedrotlora 17 race 3200 / 4000
TRAIN fedrotlora 17 race 3400 / 4000
TRAIN fedrotlora 17 race 3600 / 4000
TRAIN fedrotlora 17 race 3800 / 4000
TRAIN fedrotlora 17 race 4000 / 4000
Round 17 Client 4: samples=4000 updates=500 loss=0.133723
Round 17 Test: race_accuracy=0.680000 macro_accuracy=0.680000 worst_domain_accuracy=0.680000
Aggregated model updated.
Round 17 Test: cosmosqa_accuracy=0.654667 openbookqa_accuracy=0.647000 sciq_accuracy=0.830831 hellaswag_accuracy=0.725333 race_accuracy=0.654000 macro_accuracy=0.702366 worst_domain_accuracy=0.647000
ROUND fedrotlora 17 GLOBAL MACRO 0.7023661661661662
TRAIN fedrotlora 18 cosmosqa 200 / 4000
TRAIN fedrotlora 18 cosmosqa 400 / 4000
TRAIN fedrotlora 18 cosmosqa 600 / 4000
TRAIN fedrotlora 18 cosmosqa 800 / 4000
TRAIN fedrotlora 18 cosmosqa 1000 / 4000
TRAIN fedrotlora 18 cosmosqa 1200 / 4000
TRAIN fedrotlora 18 cosmosqa 1400 / 4000
TRAIN fedrotlora 18 cosmosqa 1600 / 4000
TRAIN fedrotlora 18 cosmosqa 1800 / 4000
TRAIN fedrotlora 18 cosmosqa 2000 / 4000
TRAIN fedrotlora 18 cosmosqa 2200 / 4000
TRAIN fedrotlora 18 cosmosqa 2400 / 4000
TRAIN fedrotlora 18 cosmosqa 2600 / 4000
TRAIN fedrotlora 18 cosmosqa 2800 / 4000
TRAIN fedrotlora 18 cosmosqa 3000 / 4000
TRAIN fedrotlora 18 cosmosqa 3200 / 4000
TRAIN fedrotlora 18 cosmosqa 3400 / 4000
TRAIN fedrotlora 18 cosmosqa 3600 / 4000
TRAIN fedrotlora 18 cosmosqa 3800 / 4000
TRAIN fedrotlora 18 cosmosqa 4000 / 4000
Round 18 Client 0: samples=4000 updates=500 loss=0.088606
Round 18 Test: cosmosqa_accuracy=0.675333 macro_accuracy=0.675333 worst_domain_accuracy=0.675333
TRAIN fedrotlora 18 openbookqa 200 / 4000
TRAIN fedrotlora 18 openbookqa 400 / 4000
TRAIN fedrotlora 18 openbookqa 600 / 4000
TRAIN fedrotlora 18 openbookqa 800 / 4000
TRAIN fedrotlora 18 openbookqa 1000 / 4000
TRAIN fedrotlora 18 openbookqa 1200 / 4000
TRAIN fedrotlora 18 openbookqa 1400 / 4000
TRAIN fedrotlora 18 openbookqa 1600 / 4000
TRAIN fedrotlora 18 openbookqa 1800 / 4000
TRAIN fedrotlora 18 openbookqa 2000 / 4000
TRAIN fedrotlora 18 openbookqa 2200 / 4000
TRAIN fedrotlora 18 openbookqa 2400 / 4000
TRAIN fedrotlora 18 openbookqa 2600 / 4000
TRAIN fedrotlora 18 openbookqa 2800 / 4000
TRAIN fedrotlora 18 openbookqa 3000 / 4000
TRAIN fedrotlora 18 openbookqa 3200 / 4000
TRAIN fedrotlora 18 openbookqa 3400 / 4000
TRAIN fedrotlora 18 openbookqa 3600 / 4000
TRAIN fedrotlora 18 openbookqa 3800 / 4000
TRAIN fedrotlora 18 openbookqa 4000 / 4000
Round 18 Client 1: samples=4000 updates=500 loss=0.083695
Round 18 Test: openbookqa_accuracy=0.711000 macro_accuracy=0.711000 worst_domain_accuracy=0.711000
TRAIN fedrotlora 18 sciq 200 / 4000
TRAIN fedrotlora 18 sciq 400 / 4000
TRAIN fedrotlora 18 sciq 600 / 4000
TRAIN fedrotlora 18 sciq 800 / 4000
TRAIN fedrotlora 18 sciq 1000 / 4000
TRAIN fedrotlora 18 sciq 1200 / 4000
TRAIN fedrotlora 18 sciq 1400 / 4000
TRAIN fedrotlora 18 sciq 1600 / 4000
TRAIN fedrotlora 18 sciq 1800 / 4000
TRAIN fedrotlora 18 sciq 2000 / 4000
TRAIN fedrotlora 18 sciq 2200 / 4000
TRAIN fedrotlora 18 sciq 2400 / 4000
TRAIN fedrotlora 18 sciq 2600 / 4000
TRAIN fedrotlora 18 sciq 2800 / 4000
TRAIN fedrotlora 18 sciq 3000 / 4000
TRAIN fedrotlora 18 sciq 3200 / 4000
TRAIN fedrotlora 18 sciq 3400 / 4000
TRAIN fedrotlora 18 sciq 3600 / 4000
TRAIN fedrotlora 18 sciq 3800 / 4000
TRAIN fedrotlora 18 sciq 4000 / 4000
Round 18 Client 2: samples=4000 updates=500 loss=0.043875
Round 18 Test: sciq_accuracy=0.839339 macro_accuracy=0.839339 worst_domain_accuracy=0.839339
TRAIN fedrotlora 18 hellaswag 200 / 4000
TRAIN fedrotlora 18 hellaswag 400 / 4000
TRAIN fedrotlora 18 hellaswag 600 / 4000
TRAIN fedrotlora 18 hellaswag 800 / 4000
TRAIN fedrotlora 18 hellaswag 1000 / 4000
TRAIN fedrotlora 18 hellaswag 1200 / 4000
TRAIN fedrotlora 18 hellaswag 1400 / 4000
TRAIN fedrotlora 18 hellaswag 1600 / 4000
TRAIN fedrotlora 18 hellaswag 1800 / 4000
TRAIN fedrotlora 18 hellaswag 2000 / 4000
TRAIN fedrotlora 18 hellaswag 2200 / 4000
TRAIN fedrotlora 18 hellaswag 2400 / 4000
TRAIN fedrotlora 18 hellaswag 2600 / 4000
TRAIN fedrotlora 18 hellaswag 2800 / 4000
TRAIN fedrotlora 18 hellaswag 3000 / 4000
TRAIN fedrotlora 18 hellaswag 3200 / 4000
TRAIN fedrotlora 18 hellaswag 3400 / 4000
TRAIN fedrotlora 18 hellaswag 3600 / 4000
TRAIN fedrotlora 18 hellaswag 3800 / 4000
TRAIN fedrotlora 18 hellaswag 4000 / 4000
Round 18 Client 3: samples=4000 updates=500 loss=0.058365
Round 18 Test: hellaswag_accuracy=0.768667 macro_accuracy=0.768667 worst_domain_accuracy=0.768667
TRAIN fedrotlora 18 race 200 / 4000
TRAIN fedrotlora 18 race 400 / 4000
TRAIN fedrotlora 18 race 600 / 4000
TRAIN fedrotlora 18 race 800 / 4000
TRAIN fedrotlora 18 race 1000 / 4000
TRAIN fedrotlora 18 race 1200 / 4000
TRAIN fedrotlora 18 race 1400 / 4000
TRAIN fedrotlora 18 race 1600 / 4000
TRAIN fedrotlora 18 race 1800 / 4000
TRAIN fedrotlora 18 race 2000 / 4000
TRAIN fedrotlora 18 race 2200 / 4000
TRAIN fedrotlora 18 race 2400 / 4000
TRAIN fedrotlora 18 race 2600 / 4000
TRAIN fedrotlora 18 race 2800 / 4000
TRAIN fedrotlora 18 race 3000 / 4000
TRAIN fedrotlora 18 race 3200 / 4000
TRAIN fedrotlora 18 race 3400 / 4000
TRAIN fedrotlora 18 race 3600 / 4000
TRAIN fedrotlora 18 race 3800 / 4000
TRAIN fedrotlora 18 race 4000 / 4000
Round 18 Client 4: samples=4000 updates=500 loss=0.123461
Round 18 Test: race_accuracy=0.668667 macro_accuracy=0.668667 worst_domain_accuracy=0.668667
Aggregated model updated.
Round 18 Test: cosmosqa_accuracy=0.658000 openbookqa_accuracy=0.654000 sciq_accuracy=0.822823 hellaswag_accuracy=0.710667 race_accuracy=0.659333 macro_accuracy=0.700965 worst_domain_accuracy=0.654000
ROUND fedrotlora 18 GLOBAL MACRO 0.7009645645645646
TRAIN fedrotlora 19 cosmosqa 200 / 4000
TRAIN fedrotlora 19 cosmosqa 400 / 4000
TRAIN fedrotlora 19 cosmosqa 600 / 4000
TRAIN fedrotlora 19 cosmosqa 800 / 4000
TRAIN fedrotlora 19 cosmosqa 1000 / 4000
TRAIN fedrotlora 19 cosmosqa 1200 / 4000
TRAIN fedrotlora 19 cosmosqa 1400 / 4000
TRAIN fedrotlora 19 cosmosqa 1600 / 4000
TRAIN fedrotlora 19 cosmosqa 1800 / 4000
TRAIN fedrotlora 19 cosmosqa 2000 / 4000
TRAIN fedrotlora 19 cosmosqa 2200 / 4000
TRAIN fedrotlora 19 cosmosqa 2400 / 4000
TRAIN fedrotlora 19 cosmosqa 2600 / 4000
TRAIN fedrotlora 19 cosmosqa 2800 / 4000
TRAIN fedrotlora 19 cosmosqa 3000 / 4000
TRAIN fedrotlora 19 cosmosqa 3200 / 4000
TRAIN fedrotlora 19 cosmosqa 3400 / 4000
TRAIN fedrotlora 19 cosmosqa 3600 / 4000
TRAIN fedrotlora 19 cosmosqa 3800 / 4000
TRAIN fedrotlora 19 cosmosqa 4000 / 4000
Round 19 Client 0: samples=4000 updates=500 loss=0.085816
Round 19 Test: cosmosqa_accuracy=0.676667 macro_accuracy=0.676667 worst_domain_accuracy=0.676667
TRAIN fedrotlora 19 openbookqa 200 / 4000
TRAIN fedrotlora 19 openbookqa 400 / 4000
TRAIN fedrotlora 19 openbookqa 600 / 4000
TRAIN fedrotlora 19 openbookqa 800 / 4000
TRAIN fedrotlora 19 openbookqa 1000 / 4000
TRAIN fedrotlora 19 openbookqa 1200 / 4000
TRAIN fedrotlora 19 openbookqa 1400 / 4000
TRAIN fedrotlora 19 openbookqa 1600 / 4000
TRAIN fedrotlora 19 openbookqa 1800 / 4000
TRAIN fedrotlora 19 openbookqa 2000 / 4000
TRAIN fedrotlora 19 openbookqa 2200 / 4000
TRAIN fedrotlora 19 openbookqa 2400 / 4000
TRAIN fedrotlora 19 openbookqa 2600 / 4000
TRAIN fedrotlora 19 openbookqa 2800 / 4000
TRAIN fedrotlora 19 openbookqa 3000 / 4000
TRAIN fedrotlora 19 openbookqa 3200 / 4000
TRAIN fedrotlora 19 openbookqa 3400 / 4000
TRAIN fedrotlora 19 openbookqa 3600 / 4000
TRAIN fedrotlora 19 openbookqa 3800 / 4000
TRAIN fedrotlora 19 openbookqa 4000 / 4000
Round 19 Client 1: samples=4000 updates=500 loss=0.081550
Round 19 Test: openbookqa_accuracy=0.709000 macro_accuracy=0.709000 worst_domain_accuracy=0.709000
TRAIN fedrotlora 19 sciq 200 / 4000
TRAIN fedrotlora 19 sciq 400 / 4000
TRAIN fedrotlora 19 sciq 600 / 4000
TRAIN fedrotlora 19 sciq 800 / 4000
TRAIN fedrotlora 19 sciq 1000 / 4000
TRAIN fedrotlora 19 sciq 1200 / 4000
TRAIN fedrotlora 19 sciq 1400 / 4000
TRAIN fedrotlora 19 sciq 1600 / 4000
TRAIN fedrotlora 19 sciq 1800 / 4000
TRAIN fedrotlora 19 sciq 2000 / 4000
TRAIN fedrotlora 19 sciq 2200 / 4000
TRAIN fedrotlora 19 sciq 2400 / 4000
TRAIN fedrotlora 19 sciq 2600 / 4000
TRAIN fedrotlora 19 sciq 2800 / 4000
TRAIN fedrotlora 19 sciq 3000 / 4000
TRAIN fedrotlora 19 sciq 3200 / 4000
TRAIN fedrotlora 19 sciq 3400 / 4000
TRAIN fedrotlora 19 sciq 3600 / 4000
TRAIN fedrotlora 19 sciq 3800 / 4000
TRAIN fedrotlora 19 sciq 4000 / 4000
Round 19 Client 2: samples=4000 updates=500 loss=0.032072
Round 19 Test: sciq_accuracy=0.849349 macro_accuracy=0.849349 worst_domain_accuracy=0.849349
TRAIN fedrotlora 19 hellaswag 200 / 4000
TRAIN fedrotlora 19 hellaswag 400 / 4000
TRAIN fedrotlora 19 hellaswag 600 / 4000
TRAIN fedrotlora 19 hellaswag 800 / 4000
TRAIN fedrotlora 19 hellaswag 1000 / 4000
TRAIN fedrotlora 19 hellaswag 1200 / 4000
TRAIN fedrotlora 19 hellaswag 1400 / 4000
TRAIN fedrotlora 19 hellaswag 1600 / 4000
TRAIN fedrotlora 19 hellaswag 1800 / 4000
TRAIN fedrotlora 19 hellaswag 2000 / 4000
TRAIN fedrotlora 19 hellaswag 2200 / 4000
TRAIN fedrotlora 19 hellaswag 2400 / 4000
TRAIN fedrotlora 19 hellaswag 2600 / 4000
TRAIN fedrotlora 19 hellaswag 2800 / 4000
TRAIN fedrotlora 19 hellaswag 3000 / 4000
TRAIN fedrotlora 19 hellaswag 3200 / 4000
TRAIN fedrotlora 19 hellaswag 3400 / 4000
TRAIN fedrotlora 19 hellaswag 3600 / 4000
TRAIN fedrotlora 19 hellaswag 3800 / 4000
TRAIN fedrotlora 19 hellaswag 4000 / 4000
Round 19 Client 3: samples=4000 updates=500 loss=0.058856
Round 19 Test: hellaswag_accuracy=0.754667 macro_accuracy=0.754667 worst_domain_accuracy=0.754667
TRAIN fedrotlora 19 race 200 / 4000
TRAIN fedrotlora 19 race 400 / 4000
TRAIN fedrotlora 19 race 600 / 4000
TRAIN fedrotlora 19 race 800 / 4000
TRAIN fedrotlora 19 race 1000 / 4000
TRAIN fedrotlora 19 race 1200 / 4000
TRAIN fedrotlora 19 race 1400 / 4000
TRAIN fedrotlora 19 race 1600 / 4000
TRAIN fedrotlora 19 race 1800 / 4000
TRAIN fedrotlora 19 race 2000 / 4000
TRAIN fedrotlora 19 race 2200 / 4000
TRAIN fedrotlora 19 race 2400 / 4000
TRAIN fedrotlora 19 race 2600 / 4000
TRAIN fedrotlora 19 race 2800 / 4000
TRAIN fedrotlora 19 race 3000 / 4000
TRAIN fedrotlora 19 race 3200 / 4000
TRAIN fedrotlora 19 race 3400 / 4000
TRAIN fedrotlora 19 race 3600 / 4000
TRAIN fedrotlora 19 race 3800 / 4000
TRAIN fedrotlora 19 race 4000 / 4000
Round 19 Client 4: samples=4000 updates=500 loss=0.104582
Round 19 Test: race_accuracy=0.660000 macro_accuracy=0.660000 worst_domain_accuracy=0.660000
Aggregated model updated.
Round 19 Test: cosmosqa_accuracy=0.651333 openbookqa_accuracy=0.655000 sciq_accuracy=0.833333 hellaswag_accuracy=0.718667 race_accuracy=0.658667 macro_accuracy=0.703400 worst_domain_accuracy=0.651333
ROUND fedrotlora 19 GLOBAL MACRO 0.7034
TRAIN fedrotlora 20 cosmosqa 200 / 4000
TRAIN fedrotlora 20 cosmosqa 400 / 4000
TRAIN fedrotlora 20 cosmosqa 600 / 4000
TRAIN fedrotlora 20 cosmosqa 800 / 4000
TRAIN fedrotlora 20 cosmosqa 1000 / 4000
TRAIN fedrotlora 20 cosmosqa 1200 / 4000
TRAIN fedrotlora 20 cosmosqa 1400 / 4000
TRAIN fedrotlora 20 cosmosqa 1600 / 4000
TRAIN fedrotlora 20 cosmosqa 1800 / 4000
TRAIN fedrotlora 20 cosmosqa 2000 / 4000
TRAIN fedrotlora 20 cosmosqa 2200 / 4000
TRAIN fedrotlora 20 cosmosqa 2400 / 4000
TRAIN fedrotlora 20 cosmosqa 2600 / 4000
TRAIN fedrotlora 20 cosmosqa 2800 / 4000
TRAIN fedrotlora 20 cosmosqa 3000 / 4000
TRAIN fedrotlora 20 cosmosqa 3200 / 4000
TRAIN fedrotlora 20 cosmosqa 3400 / 4000
TRAIN fedrotlora 20 cosmosqa 3600 / 4000
TRAIN fedrotlora 20 cosmosqa 3800 / 4000
TRAIN fedrotlora 20 cosmosqa 4000 / 4000
Round 20 Client 0: samples=4000 updates=500 loss=0.074051
Round 20 Test: cosmosqa_accuracy=0.670667 macro_accuracy=0.670667 worst_domain_accuracy=0.670667
TRAIN fedrotlora 20 openbookqa 200 / 4000
TRAIN fedrotlora 20 openbookqa 400 / 4000
TRAIN fedrotlora 20 openbookqa 600 / 4000
TRAIN fedrotlora 20 openbookqa 800 / 4000
TRAIN fedrotlora 20 openbookqa 1000 / 4000
TRAIN fedrotlora 20 openbookqa 1200 / 4000
TRAIN fedrotlora 20 openbookqa 1400 / 4000
TRAIN fedrotlora 20 openbookqa 1600 / 4000
TRAIN fedrotlora 20 openbookqa 1800 / 4000
TRAIN fedrotlora 20 openbookqa 2000 / 4000
TRAIN fedrotlora 20 openbookqa 2200 / 4000
TRAIN fedrotlora 20 openbookqa 2400 / 4000
TRAIN fedrotlora 20 openbookqa 2600 / 4000
TRAIN fedrotlora 20 openbookqa 2800 / 4000
TRAIN fedrotlora 20 openbookqa 3000 / 4000
TRAIN fedrotlora 20 openbookqa 3200 / 4000
TRAIN fedrotlora 20 openbookqa 3400 / 4000
TRAIN fedrotlora 20 openbookqa 3600 / 4000
TRAIN fedrotlora 20 openbookqa 3800 / 4000
TRAIN fedrotlora 20 openbookqa 4000 / 4000
Round 20 Client 1: samples=4000 updates=500 loss=0.070815
Round 20 Test: openbookqa_accuracy=0.692000 macro_accuracy=0.692000 worst_domain_accuracy=0.692000
TRAIN fedrotlora 20 sciq 200 / 4000
TRAIN fedrotlora 20 sciq 400 / 4000
TRAIN fedrotlora 20 sciq 600 / 4000
TRAIN fedrotlora 20 sciq 800 / 4000
TRAIN fedrotlora 20 sciq 1000 / 4000
TRAIN fedrotlora 20 sciq 1200 / 4000
TRAIN fedrotlora 20 sciq 1400 / 4000
TRAIN fedrotlora 20 sciq 1600 / 4000
TRAIN fedrotlora 20 sciq 1800 / 4000
TRAIN fedrotlora 20 sciq 2000 / 4000
TRAIN fedrotlora 20 sciq 2200 / 4000
TRAIN fedrotlora 20 sciq 2400 / 4000
TRAIN fedrotlora 20 sciq 2600 / 4000
TRAIN fedrotlora 20 sciq 2800 / 4000
TRAIN fedrotlora 20 sciq 3000 / 4000
TRAIN fedrotlora 20 sciq 3200 / 4000
TRAIN fedrotlora 20 sciq 3400 / 4000
TRAIN fedrotlora 20 sciq 3600 / 4000
TRAIN fedrotlora 20 sciq 3800 / 4000
TRAIN fedrotlora 20 sciq 4000 / 4000
Round 20 Client 2: samples=4000 updates=500 loss=0.030995
Round 20 Test: sciq_accuracy=0.836837 macro_accuracy=0.836837 worst_domain_accuracy=0.836837
TRAIN fedrotlora 20 hellaswag 200 / 4000
TRAIN fedrotlora 20 hellaswag 400 / 4000
TRAIN fedrotlora 20 hellaswag 600 / 4000
TRAIN fedrotlora 20 hellaswag 800 / 4000
TRAIN fedrotlora 20 hellaswag 1000 / 4000
TRAIN fedrotlora 20 hellaswag 1200 / 4000
TRAIN fedrotlora 20 hellaswag 1400 / 4000
TRAIN fedrotlora 20 hellaswag 1600 / 4000
TRAIN fedrotlora 20 hellaswag 1800 / 4000
TRAIN fedrotlora 20 hellaswag 2000 / 4000
TRAIN fedrotlora 20 hellaswag 2200 / 4000
TRAIN fedrotlora 20 hellaswag 2400 / 4000
TRAIN fedrotlora 20 hellaswag 2600 / 4000
TRAIN fedrotlora 20 hellaswag 2800 / 4000
TRAIN fedrotlora 20 hellaswag 3000 / 4000
TRAIN fedrotlora 20 hellaswag 3200 / 4000
TRAIN fedrotlora 20 hellaswag 3400 / 4000
TRAIN fedrotlora 20 hellaswag 3600 / 4000
TRAIN fedrotlora 20 hellaswag 3800 / 4000
TRAIN fedrotlora 20 hellaswag 4000 / 4000
Round 20 Client 3: samples=4000 updates=500 loss=0.050702
Round 20 Test: hellaswag_accuracy=0.758667 macro_accuracy=0.758667 worst_domain_accuracy=0.758667
TRAIN fedrotlora 20 race 200 / 4000
TRAIN fedrotlora 20 race 400 / 4000
TRAIN fedrotlora 20 race 600 / 4000
TRAIN fedrotlora 20 race 800 / 4000
TRAIN fedrotlora 20 race 1000 / 4000
TRAIN fedrotlora 20 race 1200 / 4000
TRAIN fedrotlora 20 race 1400 / 4000
TRAIN fedrotlora 20 race 1600 / 4000
TRAIN fedrotlora 20 race 1800 / 4000
TRAIN fedrotlora 20 race 2000 / 4000
TRAIN fedrotlora 20 race 2200 / 4000
TRAIN fedrotlora 20 race 2400 / 4000
TRAIN fedrotlora 20 race 2600 / 4000
TRAIN fedrotlora 20 race 2800 / 4000
TRAIN fedrotlora 20 race 3000 / 4000
TRAIN fedrotlora 20 race 3200 / 4000
TRAIN fedrotlora 20 race 3400 / 4000
TRAIN fedrotlora 20 race 3600 / 4000
TRAIN fedrotlora 20 race 3800 / 4000
TRAIN fedrotlora 20 race 4000 / 4000
Round 20 Client 4: samples=4000 updates=500 loss=0.106411
Round 20 Test: race_accuracy=0.658000 macro_accuracy=0.658000 worst_domain_accuracy=0.658000
Aggregated model updated.
Round 20 Test: cosmosqa_accuracy=0.663333 openbookqa_accuracy=0.648000 sciq_accuracy=0.828829 hellaswag_accuracy=0.722000 race_accuracy=0.648667 macro_accuracy=0.702166 worst_domain_accuracy=0.648000
ROUND fedrotlora 20 GLOBAL MACRO 0.7021657657657657
