
START 2026-10-07T19:45:02.676322+00:00
TRANSFER CHECK PASSED (file hashes disabled): four complete round10 states; 20000 train / 7498 tests
SERVER ENVIRONMENT {'torch': '2.7.1+cu118', 'transformers': '4.57.6', 'peft': '0.20.0', 'numpy': '2.1.2', 'datasets': '4.2.0', 'safetensors': '0.6.2', 'PyYAML': '6.0.3', 'accelerate': '1.14.0'}
CUDA_VISIBLE_DEVICES=1 is already set; leaving it in place instead of overriding --device 0.
TRAIN flexlora 11 cosmosqa 200 / 4000
TRAIN flexlora 11 cosmosqa 400 / 4000
TRAIN flexlora 11 cosmosqa 600 / 4000
TRAIN flexlora 11 cosmosqa 800 / 4000
TRAIN flexlora 11 cosmosqa 1000 / 4000
TRAIN flexlora 11 cosmosqa 1200 / 4000
TRAIN flexlora 11 cosmosqa 1400 / 4000
TRAIN flexlora 11 cosmosqa 1600 / 4000
TRAIN flexlora 11 cosmosqa 1800 / 4000
TRAIN flexlora 11 cosmosqa 2000 / 4000
TRAIN flexlora 11 cosmosqa 2200 / 4000
TRAIN flexlora 11 cosmosqa 2400 / 4000
TRAIN flexlora 11 cosmosqa 2600 / 4000
TRAIN flexlora 11 cosmosqa 2800 / 4000
TRAIN flexlora 11 cosmosqa 3000 / 4000
TRAIN flexlora 11 cosmosqa 3200 / 4000
TRAIN flexlora 11 cosmosqa 3400 / 4000
TRAIN flexlora 11 cosmosqa 3600 / 4000
TRAIN flexlora 11 cosmosqa 3800 / 4000
TRAIN flexlora 11 cosmosqa 4000 / 4000
Round 11 Client 0: samples=4000 updates=500 loss=0.138789
Round 11 Test: cosmosqa_accuracy=0.637333 macro_accuracy=0.637333 worst_domain_accuracy=0.637333
TRAIN flexlora 11 openbookqa 200 / 4000
TRAIN flexlora 11 openbookqa 400 / 4000
TRAIN flexlora 11 openbookqa 600 / 4000
TRAIN flexlora 11 openbookqa 800 / 4000
TRAIN flexlora 11 openbookqa 1000 / 4000
TRAIN flexlora 11 openbookqa 1200 / 4000
TRAIN flexlora 11 openbookqa 1400 / 4000
TRAIN flexlora 11 openbookqa 1600 / 4000
TRAIN flexlora 11 openbookqa 1800 / 4000
TRAIN flexlora 11 openbookqa 2000 / 4000
TRAIN flexlora 11 openbookqa 2200 / 4000
TRAIN flexlora 11 openbookqa 2400 / 4000
TRAIN flexlora 11 openbookqa 2600 / 4000
TRAIN flexlora 11 openbookqa 2800 / 4000
TRAIN flexlora 11 openbookqa 3000 / 4000
TRAIN flexlora 11 openbookqa 3200 / 4000
TRAIN flexlora 11 openbookqa 3400 / 4000
TRAIN flexlora 11 openbookqa 3600 / 4000
TRAIN flexlora 11 openbookqa 3800 / 4000
TRAIN flexlora 11 openbookqa 4000 / 4000
Round 11 Client 1: samples=4000 updates=500 loss=0.127018
Round 11 Test: openbookqa_accuracy=0.682000 macro_accuracy=0.682000 worst_domain_accuracy=0.682000
TRAIN flexlora 11 sciq 200 / 4000
TRAIN flexlora 11 sciq 400 / 4000
TRAIN flexlora 11 sciq 600 / 4000
TRAIN flexlora 11 sciq 800 / 4000
TRAIN flexlora 11 sciq 1000 / 4000
TRAIN flexlora 11 sciq 1200 / 4000
TRAIN flexlora 11 sciq 1400 / 4000
TRAIN flexlora 11 sciq 1600 / 4000
TRAIN flexlora 11 sciq 1800 / 4000
TRAIN flexlora 11 sciq 2000 / 4000
TRAIN flexlora 11 sciq 2200 / 4000
TRAIN flexlora 11 sciq 2400 / 4000
TRAIN flexlora 11 sciq 2600 / 4000
TRAIN flexlora 11 sciq 2800 / 4000
TRAIN flexlora 11 sciq 3000 / 4000
TRAIN flexlora 11 sciq 3200 / 4000
TRAIN flexlora 11 sciq 3400 / 4000
TRAIN flexlora 11 sciq 3600 / 4000
TRAIN flexlora 11 sciq 3800 / 4000
TRAIN flexlora 11 sciq 4000 / 4000
Round 11 Client 2: samples=4000 updates=500 loss=0.063199
Round 11 Test: sciq_accuracy=0.820320 macro_accuracy=0.820320 worst_domain_accuracy=0.820320
TRAIN flexlora 11 hellaswag 200 / 4000
TRAIN flexlora 11 hellaswag 400 / 4000
TRAIN flexlora 11 hellaswag 600 / 4000
TRAIN flexlora 11 hellaswag 800 / 4000
TRAIN flexlora 11 hellaswag 1000 / 4000
TRAIN flexlora 11 hellaswag 1200 / 4000
TRAIN flexlora 11 hellaswag 1400 / 4000
TRAIN flexlora 11 hellaswag 1600 / 4000
TRAIN flexlora 11 hellaswag 1800 / 4000
TRAIN flexlora 11 hellaswag 2000 / 4000
TRAIN flexlora 11 hellaswag 2200 / 4000
TRAIN flexlora 11 hellaswag 2400 / 4000
TRAIN flexlora 11 hellaswag 2600 / 4000
TRAIN flexlora 11 hellaswag 2800 / 4000
TRAIN flexlora 11 hellaswag 3000 / 4000
TRAIN flexlora 11 hellaswag 3200 / 4000
TRAIN flexlora 11 hellaswag 3400 / 4000
TRAIN flexlora 11 hellaswag 3600 / 4000
TRAIN flexlora 11 hellaswag 3800 / 4000
TRAIN flexlora 11 hellaswag 4000 / 4000
Round 11 Client 3: samples=4000 updates=500 loss=0.106551
Round 11 Test: hellaswag_accuracy=0.708000 macro_accuracy=0.708000 worst_domain_accuracy=0.708000
TRAIN flexlora 11 race 200 / 4000
TRAIN flexlora 11 race 400 / 4000
TRAIN flexlora 11 race 600 / 4000
TRAIN flexlora 11 race 800 / 4000
TRAIN flexlora 11 race 1000 / 4000
TRAIN flexlora 11 race 1200 / 4000
TRAIN flexlora 11 race 1400 / 4000
TRAIN flexlora 11 race 1600 / 4000
TRAIN flexlora 11 race 1800 / 4000
TRAIN flexlora 11 race 2000 / 4000
TRAIN flexlora 11 race 2200 / 4000
TRAIN flexlora 11 race 2400 / 4000
TRAIN flexlora 11 race 2600 / 4000
TRAIN flexlora 11 race 2800 / 4000
TRAIN flexlora 11 race 3000 / 4000
TRAIN flexlora 11 race 3200 / 4000
TRAIN flexlora 11 race 3400 / 4000
TRAIN flexlora 11 race 3600 / 4000
TRAIN flexlora 11 race 3800 / 4000
TRAIN flexlora 11 race 4000 / 4000
Round 11 Client 4: samples=4000 updates=500 loss=0.184824
Round 11 Test: race_accuracy=0.639333 macro_accuracy=0.639333 worst_domain_accuracy=0.639333
Aggregated model updated.
Round 11 Test: cosmosqa_accuracy=0.624667 openbookqa_accuracy=0.638000 sciq_accuracy=0.803303 hellaswag_accuracy=0.710000 race_accuracy=0.633333 macro_accuracy=0.681861 worst_domain_accuracy=0.624667
ROUND flexlora 11 GLOBAL MACRO 0.6818606606606606
TRAIN flexlora 12 cosmosqa 200 / 4000
TRAIN flexlora 12 cosmosqa 400 / 4000
TRAIN flexlora 12 cosmosqa 600 / 4000
TRAIN flexlora 12 cosmosqa 800 / 4000
TRAIN flexlora 12 cosmosqa 1000 / 4000
TRAIN flexlora 12 cosmosqa 1200 / 4000
TRAIN flexlora 12 cosmosqa 1400 / 4000
TRAIN flexlora 12 cosmosqa 1600 / 4000
TRAIN flexlora 12 cosmosqa 1800 / 4000
TRAIN flexlora 12 cosmosqa 2000 / 4000
TRAIN flexlora 12 cosmosqa 2200 / 4000
TRAIN flexlora 12 cosmosqa 2400 / 4000
TRAIN flexlora 12 cosmosqa 2600 / 4000
TRAIN flexlora 12 cosmosqa 2800 / 4000
TRAIN flexlora 12 cosmosqa 3000 / 4000
TRAIN flexlora 12 cosmosqa 3200 / 4000
TRAIN flexlora 12 cosmosqa 3400 / 4000
TRAIN flexlora 12 cosmosqa 3600 / 4000
TRAIN flexlora 12 cosmosqa 3800 / 4000
TRAIN flexlora 12 cosmosqa 4000 / 4000
Round 12 Client 0: samples=4000 updates=500 loss=0.122992
Round 12 Test: cosmosqa_accuracy=0.634000 macro_accuracy=0.634000 worst_domain_accuracy=0.634000
TRAIN flexlora 12 openbookqa 200 / 4000
TRAIN flexlora 12 openbookqa 400 / 4000
TRAIN flexlora 12 openbookqa 600 / 4000
TRAIN flexlora 12 openbookqa 800 / 4000
TRAIN flexlora 12 openbookqa 1000 / 4000
TRAIN flexlora 12 openbookqa 1200 / 4000
TRAIN flexlora 12 openbookqa 1400 / 4000
TRAIN flexlora 12 openbookqa 1600 / 4000
TRAIN flexlora 12 openbookqa 1800 / 4000
TRAIN flexlora 12 openbookqa 2000 / 4000
TRAIN flexlora 12 openbookqa 2200 / 4000
TRAIN flexlora 12 openbookqa 2400 / 4000
TRAIN flexlora 12 openbookqa 2600 / 4000
TRAIN flexlora 12 openbookqa 2800 / 4000
TRAIN flexlora 12 openbookqa 3000 / 4000
TRAIN flexlora 12 openbookqa 3200 / 4000
TRAIN flexlora 12 openbookqa 3400 / 4000
TRAIN flexlora 12 openbookqa 3600 / 4000
TRAIN flexlora 12 openbookqa 3800 / 4000
TRAIN flexlora 12 openbookqa 4000 / 4000
Round 12 Client 1: samples=4000 updates=500 loss=0.112860
Round 12 Test: openbookqa_accuracy=0.685000 macro_accuracy=0.685000 worst_domain_accuracy=0.685000
TRAIN flexlora 12 sciq 200 / 4000
TRAIN flexlora 12 sciq 400 / 4000
TRAIN flexlora 12 sciq 600 / 4000
TRAIN flexlora 12 sciq 800 / 4000
TRAIN flexlora 12 sciq 1000 / 4000
TRAIN flexlora 12 sciq 1200 / 4000
TRAIN flexlora 12 sciq 1400 / 4000
TRAIN flexlora 12 sciq 1600 / 4000
TRAIN flexlora 12 sciq 1800 / 4000
TRAIN flexlora 12 sciq 2000 / 4000
TRAIN flexlora 12 sciq 2200 / 4000
TRAIN flexlora 12 sciq 2400 / 4000
TRAIN flexlora 12 sciq 2600 / 4000
TRAIN flexlora 12 sciq 2800 / 4000
TRAIN flexlora 12 sciq 3000 / 4000
TRAIN flexlora 12 sciq 3200 / 4000
TRAIN flexlora 12 sciq 3400 / 4000
TRAIN flexlora 12 sciq 3600 / 4000
TRAIN flexlora 12 sciq 3800 / 4000
TRAIN flexlora 12 sciq 4000 / 4000
Round 12 Client 2: samples=4000 updates=500 loss=0.061228
Round 12 Test: sciq_accuracy=0.821321 macro_accuracy=0.821321 worst_domain_accuracy=0.821321
TRAIN flexlora 12 hellaswag 200 / 4000
TRAIN flexlora 12 hellaswag 400 / 4000
TRAIN flexlora 12 hellaswag 600 / 4000
TRAIN flexlora 12 hellaswag 800 / 4000
TRAIN flexlora 12 hellaswag 1000 / 4000
TRAIN flexlora 12 hellaswag 1200 / 4000
TRAIN flexlora 12 hellaswag 1400 / 4000
TRAIN flexlora 12 hellaswag 1600 / 4000
TRAIN flexlora 12 hellaswag 1800 / 4000
TRAIN flexlora 12 hellaswag 2000 / 4000
TRAIN flexlora 12 hellaswag 2200 / 4000
TRAIN flexlora 12 hellaswag 2400 / 4000
TRAIN flexlora 12 hellaswag 2600 / 4000
TRAIN flexlora 12 hellaswag 2800 / 4000
TRAIN flexlora 12 hellaswag 3000 / 4000
TRAIN flexlora 12 hellaswag 3200 / 4000
TRAIN flexlora 12 hellaswag 3400 / 4000
TRAIN flexlora 12 hellaswag 3600 / 4000
TRAIN flexlora 12 hellaswag 3800 / 4000
TRAIN flexlora 12 hellaswag 4000 / 4000
Round 12 Client 3: samples=4000 updates=500 loss=0.103209
Round 12 Test: hellaswag_accuracy=0.718000 macro_accuracy=0.718000 worst_domain_accuracy=0.718000
TRAIN flexlora 12 race 200 / 4000
TRAIN flexlora 12 race 400 / 4000
TRAIN flexlora 12 race 600 / 4000
TRAIN flexlora 12 race 800 / 4000
TRAIN flexlora 12 race 1000 / 4000
TRAIN flexlora 12 race 1200 / 4000
TRAIN flexlora 12 race 1400 / 4000
TRAIN flexlora 12 race 1600 / 4000
TRAIN flexlora 12 race 1800 / 4000
TRAIN flexlora 12 race 2000 / 4000
TRAIN flexlora 12 race 2200 / 4000
TRAIN flexlora 12 race 2400 / 4000
TRAIN flexlora 12 race 2600 / 4000
TRAIN flexlora 12 race 2800 / 4000
TRAIN flexlora 12 race 3000 / 4000
TRAIN flexlora 12 race 3200 / 4000
TRAIN flexlora 12 race 3400 / 4000
TRAIN flexlora 12 race 3600 / 4000
TRAIN flexlora 12 race 3800 / 4000
TRAIN flexlora 12 race 4000 / 4000
Round 12 Client 4: samples=4000 updates=500 loss=0.168597
Round 12 Test: race_accuracy=0.615333 macro_accuracy=0.615333 worst_domain_accuracy=0.615333
Aggregated model updated.
Round 12 Test: cosmosqa_accuracy=0.629333 openbookqa_accuracy=0.633000 sciq_accuracy=0.802803 hellaswag_accuracy=0.708000 race_accuracy=0.627333 macro_accuracy=0.680094 worst_domain_accuracy=0.627333
ROUND flexlora 12 GLOBAL MACRO 0.6800938938938939
TRAIN flexlora 13 cosmosqa 200 / 4000
TRAIN flexlora 13 cosmosqa 400 / 4000
TRAIN flexlora 13 cosmosqa 600 / 4000
TRAIN flexlora 13 cosmosqa 800 / 4000
TRAIN flexlora 13 cosmosqa 1000 / 4000
TRAIN flexlora 13 cosmosqa 1200 / 4000
TRAIN flexlora 13 cosmosqa 1400 / 4000
TRAIN flexlora 13 cosmosqa 1600 / 4000
TRAIN flexlora 13 cosmosqa 1800 / 4000
TRAIN flexlora 13 cosmosqa 2000 / 4000
TRAIN flexlora 13 cosmosqa 2200 / 4000
TRAIN flexlora 13 cosmosqa 2400 / 4000
TRAIN flexlora 13 cosmosqa 2600 / 4000
TRAIN flexlora 13 cosmosqa 2800 / 4000
TRAIN flexlora 13 cosmosqa 3000 / 4000
TRAIN flexlora 13 cosmosqa 3200 / 4000
TRAIN flexlora 13 cosmosqa 3400 / 4000
TRAIN flexlora 13 cosmosqa 3600 / 4000
TRAIN flexlora 13 cosmosqa 3800 / 4000
TRAIN flexlora 13 cosmosqa 4000 / 4000
Round 13 Client 0: samples=4000 updates=500 loss=0.110250
Round 13 Test: cosmosqa_accuracy=0.631333 macro_accuracy=0.631333 worst_domain_accuracy=0.631333
TRAIN flexlora 13 openbookqa 200 / 4000
TRAIN flexlora 13 openbookqa 400 / 4000
TRAIN flexlora 13 openbookqa 600 / 4000
TRAIN flexlora 13 openbookqa 800 / 4000
TRAIN flexlora 13 openbookqa 1000 / 4000
TRAIN flexlora 13 openbookqa 1200 / 4000
TRAIN flexlora 13 openbookqa 1400 / 4000
TRAIN flexlora 13 openbookqa 1600 / 4000
TRAIN flexlora 13 openbookqa 1800 / 4000
TRAIN flexlora 13 openbookqa 2000 / 4000
TRAIN flexlora 13 openbookqa 2200 / 4000
TRAIN flexlora 13 openbookqa 2400 / 4000
TRAIN flexlora 13 openbookqa 2600 / 4000
TRAIN flexlora 13 openbookqa 2800 / 4000
TRAIN flexlora 13 openbookqa 3000 / 4000
TRAIN flexlora 13 openbookqa 3200 / 4000
TRAIN flexlora 13 openbookqa 3400 / 4000
TRAIN flexlora 13 openbookqa 3600 / 4000
TRAIN flexlora 13 openbookqa 3800 / 4000
TRAIN flexlora 13 openbookqa 4000 / 4000
Round 13 Client 1: samples=4000 updates=500 loss=0.101254
Round 13 Test: openbookqa_accuracy=0.661000 macro_accuracy=0.661000 worst_domain_accuracy=0.661000
TRAIN flexlora 13 sciq 200 / 4000
TRAIN flexlora 13 sciq 400 / 4000
TRAIN flexlora 13 sciq 600 / 4000
TRAIN flexlora 13 sciq 800 / 4000
TRAIN flexlora 13 sciq 1000 / 4000
TRAIN flexlora 13 sciq 1200 / 4000
TRAIN flexlora 13 sciq 1400 / 4000
TRAIN flexlora 13 sciq 1600 / 4000
TRAIN flexlora 13 sciq 1800 / 4000
TRAIN flexlora 13 sciq 2000 / 4000
TRAIN flexlora 13 sciq 2200 / 4000
TRAIN flexlora 13 sciq 2400 / 4000
TRAIN flexlora 13 sciq 2600 / 4000
TRAIN flexlora 13 sciq 2800 / 4000
TRAIN flexlora 13 sciq 3000 / 4000
TRAIN flexlora 13 sciq 3200 / 4000
TRAIN flexlora 13 sciq 3400 / 4000
TRAIN flexlora 13 sciq 3600 / 4000
TRAIN flexlora 13 sciq 3800 / 4000
TRAIN flexlora 13 sciq 4000 / 4000
Round 13 Client 2: samples=4000 updates=500 loss=0.057582
Round 13 Test: sciq_accuracy=0.812312 macro_accuracy=0.812312 worst_domain_accuracy=0.812312
TRAIN flexlora 13 hellaswag 200 / 4000
TRAIN flexlora 13 hellaswag 400 / 4000
TRAIN flexlora 13 hellaswag 600 / 4000
TRAIN flexlora 13 hellaswag 800 / 4000
TRAIN flexlora 13 hellaswag 1000 / 4000
TRAIN flexlora 13 hellaswag 1200 / 4000
TRAIN flexlora 13 hellaswag 1400 / 4000
TRAIN flexlora 13 hellaswag 1600 / 4000
TRAIN flexlora 13 hellaswag 1800 / 4000
TRAIN flexlora 13 hellaswag 2000 / 4000
TRAIN flexlora 13 hellaswag 2200 / 4000
TRAIN flexlora 13 hellaswag 2400 / 4000
TRAIN flexlora 13 hellaswag 2600 / 4000
TRAIN flexlora 13 hellaswag 2800 / 4000
TRAIN flexlora 13 hellaswag 3000 / 4000
TRAIN flexlora 13 hellaswag 3200 / 4000
TRAIN flexlora 13 hellaswag 3400 / 4000
TRAIN flexlora 13 hellaswag 3600 / 4000
TRAIN flexlora 13 hellaswag 3800 / 4000
TRAIN flexlora 13 hellaswag 4000 / 4000
Round 13 Client 3: samples=4000 updates=500 loss=0.085874
Round 13 Test: hellaswag_accuracy=0.724667 macro_accuracy=0.724667 worst_domain_accuracy=0.724667
TRAIN flexlora 13 race 200 / 4000
TRAIN flexlora 13 race 400 / 4000
TRAIN flexlora 13 race 600 / 4000
TRAIN flexlora 13 race 800 / 4000
TRAIN flexlora 13 race 1000 / 4000
TRAIN flexlora 13 race 1200 / 4000
TRAIN flexlora 13 race 1400 / 4000
TRAIN flexlora 13 race 1600 / 4000
TRAIN flexlora 13 race 1800 / 4000
TRAIN flexlora 13 race 2000 / 4000
TRAIN flexlora 13 race 2200 / 4000
TRAIN flexlora 13 race 2400 / 4000
TRAIN flexlora 13 race 2600 / 4000
TRAIN flexlora 13 race 2800 / 4000
TRAIN flexlora 13 race 3000 / 4000
TRAIN flexlora 13 race 3200 / 4000
TRAIN flexlora 13 race 3400 / 4000
TRAIN flexlora 13 race 3600 / 4000
TRAIN flexlora 13 race 3800 / 4000
TRAIN flexlora 13 race 4000 / 4000
Round 13 Client 4: samples=4000 updates=500 loss=0.153523
Round 13 Test: race_accuracy=0.644667 macro_accuracy=0.644667 worst_domain_accuracy=0.644667
Aggregated model updated.
Round 13 Test: cosmosqa_accuracy=0.627333 openbookqa_accuracy=0.639000 sciq_accuracy=0.810310 hellaswag_accuracy=0.721333 race_accuracy=0.632667 macro_accuracy=0.686129 worst_domain_accuracy=0.627333
ROUND flexlora 13 GLOBAL MACRO 0.6861287287287288
TRAIN flexlora 14 cosmosqa 200 / 4000
TRAIN flexlora 14 cosmosqa 400 / 4000
TRAIN flexlora 14 cosmosqa 600 / 4000
TRAIN flexlora 14 cosmosqa 800 / 4000
TRAIN flexlora 14 cosmosqa 1000 / 4000
TRAIN flexlora 14 cosmosqa 1200 / 4000
TRAIN flexlora 14 cosmosqa 1400 / 4000
TRAIN flexlora 14 cosmosqa 1600 / 4000
TRAIN flexlora 14 cosmosqa 1800 / 4000
TRAIN flexlora 14 cosmosqa 2000 / 4000
TRAIN flexlora 14 cosmosqa 2200 / 4000
TRAIN flexlora 14 cosmosqa 2400 / 4000
TRAIN flexlora 14 cosmosqa 2600 / 4000
TRAIN flexlora 14 cosmosqa 2800 / 4000
TRAIN flexlora 14 cosmosqa 3000 / 4000
TRAIN flexlora 14 cosmosqa 3200 / 4000
TRAIN flexlora 14 cosmosqa 3400 / 4000
TRAIN flexlora 14 cosmosqa 3600 / 4000
TRAIN flexlora 14 cosmosqa 3800 / 4000
TRAIN flexlora 14 cosmosqa 4000 / 4000
Round 14 Client 0: samples=4000 updates=500 loss=0.106128
Round 14 Test: cosmosqa_accuracy=0.639333 macro_accuracy=0.639333 worst_domain_accuracy=0.639333
TRAIN flexlora 14 openbookqa 200 / 4000
TRAIN flexlora 14 openbookqa 400 / 4000
TRAIN flexlora 14 openbookqa 600 / 4000
TRAIN flexlora 14 openbookqa 800 / 4000
TRAIN flexlora 14 openbookqa 1000 / 4000
TRAIN flexlora 14 openbookqa 1200 / 4000
TRAIN flexlora 14 openbookqa 1400 / 4000
TRAIN flexlora 14 openbookqa 1600 / 4000
TRAIN flexlora 14 openbookqa 1800 / 4000
TRAIN flexlora 14 openbookqa 2000 / 4000
TRAIN flexlora 14 openbookqa 2200 / 4000
TRAIN flexlora 14 openbookqa 2400 / 4000
TRAIN flexlora 14 openbookqa 2600 / 4000
TRAIN flexlora 14 openbookqa 2800 / 4000
TRAIN flexlora 14 openbookqa 3000 / 4000
TRAIN flexlora 14 openbookqa 3200 / 4000
TRAIN flexlora 14 openbookqa 3400 / 4000
TRAIN flexlora 14 openbookqa 3600 / 4000
TRAIN flexlora 14 openbookqa 3800 / 4000
TRAIN flexlora 14 openbookqa 4000 / 4000
Round 14 Client 1: samples=4000 updates=500 loss=0.093291
Round 14 Test: openbookqa_accuracy=0.683000 macro_accuracy=0.683000 worst_domain_accuracy=0.683000
TRAIN flexlora 14 sciq 200 / 4000
TRAIN flexlora 14 sciq 400 / 4000
TRAIN flexlora 14 sciq 600 / 4000
TRAIN flexlora 14 sciq 800 / 4000
TRAIN flexlora 14 sciq 1000 / 4000
TRAIN flexlora 14 sciq 1200 / 4000
TRAIN flexlora 14 sciq 1400 / 4000
TRAIN flexlora 14 sciq 1600 / 4000
TRAIN flexlora 14 sciq 1800 / 4000
TRAIN flexlora 14 sciq 2000 / 4000
TRAIN flexlora 14 sciq 2200 / 4000
TRAIN flexlora 14 sciq 2400 / 4000
TRAIN flexlora 14 sciq 2600 / 4000
TRAIN flexlora 14 sciq 2800 / 4000
TRAIN flexlora 14 sciq 3000 / 4000
TRAIN flexlora 14 sciq 3200 / 4000
TRAIN flexlora 14 sciq 3400 / 4000
TRAIN flexlora 14 sciq 3600 / 4000
TRAIN flexlora 14 sciq 3800 / 4000
TRAIN flexlora 14 sciq 4000 / 4000
Round 14 Client 2: samples=4000 updates=500 loss=0.049630
Round 14 Test: sciq_accuracy=0.814314 macro_accuracy=0.814314 worst_domain_accuracy=0.814314
TRAIN flexlora 14 hellaswag 200 / 4000
TRAIN flexlora 14 hellaswag 400 / 4000
TRAIN flexlora 14 hellaswag 600 / 4000
TRAIN flexlora 14 hellaswag 800 / 4000
TRAIN flexlora 14 hellaswag 1000 / 4000
TRAIN flexlora 14 hellaswag 1200 / 4000
TRAIN flexlora 14 hellaswag 1400 / 4000
TRAIN flexlora 14 hellaswag 1600 / 4000
TRAIN flexlora 14 hellaswag 1800 / 4000
TRAIN flexlora 14 hellaswag 2000 / 4000
TRAIN flexlora 14 hellaswag 2200 / 4000
TRAIN flexlora 14 hellaswag 2400 / 4000
TRAIN flexlora 14 hellaswag 2600 / 4000
TRAIN flexlora 14 hellaswag 2800 / 4000
TRAIN flexlora 14 hellaswag 3000 / 4000
TRAIN flexlora 14 hellaswag 3200 / 4000
TRAIN flexlora 14 hellaswag 3400 / 4000
TRAIN flexlora 14 hellaswag 3600 / 4000
TRAIN flexlora 14 hellaswag 3800 / 4000
TRAIN flexlora 14 hellaswag 4000 / 4000
Round 14 Client 3: samples=4000 updates=500 loss=0.073038
Round 14 Test: hellaswag_accuracy=0.724667 macro_accuracy=0.724667 worst_domain_accuracy=0.724667
TRAIN flexlora 14 race 200 / 4000
TRAIN flexlora 14 race 400 / 4000
TRAIN flexlora 14 race 600 / 4000
TRAIN flexlora 14 race 800 / 4000
TRAIN flexlora 14 race 1000 / 4000
TRAIN flexlora 14 race 1200 / 4000
TRAIN flexlora 14 race 1400 / 4000
TRAIN flexlora 14 race 1600 / 4000
TRAIN flexlora 14 race 1800 / 4000
TRAIN flexlora 14 race 2000 / 4000
TRAIN flexlora 14 race 2200 / 4000
TRAIN flexlora 14 race 2400 / 4000
TRAIN flexlora 14 race 2600 / 4000
TRAIN flexlora 14 race 2800 / 4000
TRAIN flexlora 14 race 3000 / 4000
TRAIN flexlora 14 race 3200 / 4000
TRAIN flexlora 14 race 3400 / 4000
TRAIN flexlora 14 race 3600 / 4000
TRAIN flexlora 14 race 3800 / 4000
TRAIN flexlora 14 race 4000 / 4000
Round 14 Client 4: samples=4000 updates=500 loss=0.146073
Round 14 Test: race_accuracy=0.636000 macro_accuracy=0.636000 worst_domain_accuracy=0.636000
Aggregated model updated.
Round 14 Test: cosmosqa_accuracy=0.627333 openbookqa_accuracy=0.634000 sciq_accuracy=0.809810 hellaswag_accuracy=0.723333 race_accuracy=0.630000 macro_accuracy=0.684895 worst_domain_accuracy=0.627333
ROUND flexlora 14 GLOBAL MACRO 0.6848952952952952
TRAIN flexlora 15 cosmosqa 200 / 4000
TRAIN flexlora 15 cosmosqa 400 / 4000
TRAIN flexlora 15 cosmosqa 600 / 4000
TRAIN flexlora 15 cosmosqa 800 / 4000
TRAIN flexlora 15 cosmosqa 1000 / 4000
TRAIN flexlora 15 cosmosqa 1200 / 4000
TRAIN flexlora 15 cosmosqa 1400 / 4000
TRAIN flexlora 15 cosmosqa 1600 / 4000
TRAIN flexlora 15 cosmosqa 1800 / 4000
TRAIN flexlora 15 cosmosqa 2000 / 4000
TRAIN flexlora 15 cosmosqa 2200 / 4000
TRAIN flexlora 15 cosmosqa 2400 / 4000
TRAIN flexlora 15 cosmosqa 2600 / 4000
TRAIN flexlora 15 cosmosqa 2800 / 4000
TRAIN flexlora 15 cosmosqa 3000 / 4000
TRAIN flexlora 15 cosmosqa 3200 / 4000
TRAIN flexlora 15 cosmosqa 3400 / 4000
TRAIN flexlora 15 cosmosqa 3600 / 4000
TRAIN flexlora 15 cosmosqa 3800 / 4000
TRAIN flexlora 15 cosmosqa 4000 / 4000
Round 15 Client 0: samples=4000 updates=500 loss=0.091947
Round 15 Test: cosmosqa_accuracy=0.631333 macro_accuracy=0.631333 worst_domain_accuracy=0.631333
TRAIN flexlora 15 openbookqa 200 / 4000
TRAIN flexlora 15 openbookqa 400 / 4000
TRAIN flexlora 15 openbookqa 600 / 4000
TRAIN flexlora 15 openbookqa 800 / 4000
TRAIN flexlora 15 openbookqa 1000 / 4000
TRAIN flexlora 15 openbookqa 1200 / 4000
TRAIN flexlora 15 openbookqa 1400 / 4000
TRAIN flexlora 15 openbookqa 1600 / 4000
TRAIN flexlora 15 openbookqa 1800 / 4000
TRAIN flexlora 15 openbookqa 2000 / 4000
TRAIN flexlora 15 openbookqa 2200 / 4000
TRAIN flexlora 15 openbookqa 2400 / 4000
TRAIN flexlora 15 openbookqa 2600 / 4000
TRAIN flexlora 15 openbookqa 2800 / 4000
TRAIN flexlora 15 openbookqa 3000 / 4000
TRAIN flexlora 15 openbookqa 3200 / 4000
TRAIN flexlora 15 openbookqa 3400 / 4000
TRAIN flexlora 15 openbookqa 3600 / 4000
TRAIN flexlora 15 openbookqa 3800 / 4000
TRAIN flexlora 15 openbookqa 4000 / 4000
Round 15 Client 1: samples=4000 updates=500 loss=0.086154
Round 15 Test: openbookqa_accuracy=0.674000 macro_accuracy=0.674000 worst_domain_accuracy=0.674000
TRAIN flexlora 15 sciq 200 / 4000
TRAIN flexlora 15 sciq 400 / 4000
TRAIN flexlora 15 sciq 600 / 4000
TRAIN flexlora 15 sciq 800 / 4000
TRAIN flexlora 15 sciq 1000 / 4000
TRAIN flexlora 15 sciq 1200 / 4000
TRAIN flexlora 15 sciq 1400 / 4000
TRAIN flexlora 15 sciq 1600 / 4000
TRAIN flexlora 15 sciq 1800 / 4000
TRAIN flexlora 15 sciq 2000 / 4000
TRAIN flexlora 15 sciq 2200 / 4000
TRAIN flexlora 15 sciq 2400 / 4000
TRAIN flexlora 15 sciq 2600 / 4000
TRAIN flexlora 15 sciq 2800 / 4000
TRAIN flexlora 15 sciq 3000 / 4000
TRAIN flexlora 15 sciq 3200 / 4000
TRAIN flexlora 15 sciq 3400 / 4000
TRAIN flexlora 15 sciq 3600 / 4000
TRAIN flexlora 15 sciq 3800 / 4000
TRAIN flexlora 15 sciq 4000 / 4000
Round 15 Client 2: samples=4000 updates=500 loss=0.041440
Round 15 Test: sciq_accuracy=0.815315 macro_accuracy=0.815315 worst_domain_accuracy=0.815315
TRAIN flexlora 15 hellaswag 200 / 4000
TRAIN flexlora 15 hellaswag 400 / 4000
TRAIN flexlora 15 hellaswag 600 / 4000
TRAIN flexlora 15 hellaswag 800 / 4000
TRAIN flexlora 15 hellaswag 1000 / 4000
TRAIN flexlora 15 hellaswag 1200 / 4000
TRAIN flexlora 15 hellaswag 1400 / 4000
TRAIN flexlora 15 hellaswag 1600 / 4000
TRAIN flexlora 15 hellaswag 1800 / 4000
TRAIN flexlora 15 hellaswag 2000 / 4000
TRAIN flexlora 15 hellaswag 2200 / 4000
TRAIN flexlora 15 hellaswag 2400 / 4000
TRAIN flexlora 15 hellaswag 2600 / 4000
TRAIN flexlora 15 hellaswag 2800 / 4000
TRAIN flexlora 15 hellaswag 3000 / 4000
TRAIN flexlora 15 hellaswag 3200 / 4000
TRAIN flexlora 15 hellaswag 3400 / 4000
TRAIN flexlora 15 hellaswag 3600 / 4000
TRAIN flexlora 15 hellaswag 3800 / 4000
TRAIN flexlora 15 hellaswag 4000 / 4000
Round 15 Client 3: samples=4000 updates=500 loss=0.066508
Round 15 Test: hellaswag_accuracy=0.716000 macro_accuracy=0.716000 worst_domain_accuracy=0.716000
TRAIN flexlora 15 race 200 / 4000
TRAIN flexlora 15 race 400 / 4000
TRAIN flexlora 15 race 600 / 4000
TRAIN flexlora 15 race 800 / 4000
TRAIN flexlora 15 race 1000 / 4000
TRAIN flexlora 15 race 1200 / 4000
TRAIN flexlora 15 race 1400 / 4000
TRAIN flexlora 15 race 1600 / 4000
TRAIN flexlora 15 race 1800 / 4000
TRAIN flexlora 15 race 2000 / 4000
TRAIN flexlora 15 race 2200 / 4000
TRAIN flexlora 15 race 2400 / 4000
TRAIN flexlora 15 race 2600 / 4000
TRAIN flexlora 15 race 2800 / 4000
TRAIN flexlora 15 race 3000 / 4000
TRAIN flexlora 15 race 3200 / 4000
TRAIN flexlora 15 race 3400 / 4000
TRAIN flexlora 15 race 3600 / 4000
TRAIN flexlora 15 race 3800 / 4000
TRAIN flexlora 15 race 4000 / 4000
Round 15 Client 4: samples=4000 updates=500 loss=0.125083
Round 15 Test: race_accuracy=0.649333 macro_accuracy=0.649333 worst_domain_accuracy=0.649333
Aggregated model updated.
Round 15 Test: cosmosqa_accuracy=0.625333 openbookqa_accuracy=0.638000 sciq_accuracy=0.808308 hellaswag_accuracy=0.717333 race_accuracy=0.623333 macro_accuracy=0.682462 worst_domain_accuracy=0.623333
ROUND flexlora 15 GLOBAL MACRO 0.6824616616616617
TRAIN flexlora 16 cosmosqa 200 / 4000
TRAIN flexlora 16 cosmosqa 400 / 4000
TRAIN flexlora 16 cosmosqa 600 / 4000
TRAIN flexlora 16 cosmosqa 800 / 4000
TRAIN flexlora 16 cosmosqa 1000 / 4000
TRAIN flexlora 16 cosmosqa 1200 / 4000
TRAIN flexlora 16 cosmosqa 1400 / 4000
TRAIN flexlora 16 cosmosqa 1600 / 4000
TRAIN flexlora 16 cosmosqa 1800 / 4000
TRAIN flexlora 16 cosmosqa 2000 / 4000
TRAIN flexlora 16 cosmosqa 2200 / 4000
TRAIN flexlora 16 cosmosqa 2400 / 4000
TRAIN flexlora 16 cosmosqa 2600 / 4000
TRAIN flexlora 16 cosmosqa 2800 / 4000
TRAIN flexlora 16 cosmosqa 3000 / 4000
TRAIN flexlora 16 cosmosqa 3200 / 4000
TRAIN flexlora 16 cosmosqa 3400 / 4000
TRAIN flexlora 16 cosmosqa 3600 / 4000
TRAIN flexlora 16 cosmosqa 3800 / 4000
TRAIN flexlora 16 cosmosqa 4000 / 4000
Round 16 Client 0: samples=4000 updates=500 loss=0.091797
Round 16 Test: cosmosqa_accuracy=0.636667 macro_accuracy=0.636667 worst_domain_accuracy=0.636667
TRAIN flexlora 16 openbookqa 200 / 4000
TRAIN flexlora 16 openbookqa 400 / 4000
TRAIN flexlora 16 openbookqa 600 / 4000
TRAIN flexlora 16 openbookqa 800 / 4000
TRAIN flexlora 16 openbookqa 1000 / 4000
TRAIN flexlora 16 openbookqa 1200 / 4000
TRAIN flexlora 16 openbookqa 1400 / 4000
TRAIN flexlora 16 openbookqa 1600 / 4000
TRAIN flexlora 16 openbookqa 1800 / 4000
TRAIN flexlora 16 openbookqa 2000 / 4000
TRAIN flexlora 16 openbookqa 2200 / 4000
TRAIN flexlora 16 openbookqa 2400 / 4000
TRAIN flexlora 16 openbookqa 2600 / 4000
TRAIN flexlora 16 openbookqa 2800 / 4000
TRAIN flexlora 16 openbookqa 3000 / 4000
TRAIN flexlora 16 openbookqa 3200 / 4000
TRAIN flexlora 16 openbookqa 3400 / 4000
TRAIN flexlora 16 openbookqa 3600 / 4000
TRAIN flexlora 16 openbookqa 3800 / 4000
TRAIN flexlora 16 openbookqa 4000 / 4000
Round 16 Client 1: samples=4000 updates=500 loss=0.083573
Round 16 Test: openbookqa_accuracy=0.681000 macro_accuracy=0.681000 worst_domain_accuracy=0.681000
TRAIN flexlora 16 sciq 200 / 4000
TRAIN flexlora 16 sciq 400 / 4000
TRAIN flexlora 16 sciq 600 / 4000
TRAIN flexlora 16 sciq 800 / 4000
TRAIN flexlora 16 sciq 1000 / 4000
TRAIN flexlora 16 sciq 1200 / 4000
TRAIN flexlora 16 sciq 1400 / 4000
TRAIN flexlora 16 sciq 1600 / 4000
TRAIN flexlora 16 sciq 1800 / 4000
TRAIN flexlora 16 sciq 2000 / 4000
TRAIN flexlora 16 sciq 2200 / 4000
TRAIN flexlora 16 sciq 2400 / 4000
TRAIN flexlora 16 sciq 2600 / 4000
TRAIN flexlora 16 sciq 2800 / 4000
TRAIN flexlora 16 sciq 3000 / 4000
TRAIN flexlora 16 sciq 3200 / 4000
TRAIN flexlora 16 sciq 3400 / 4000
TRAIN flexlora 16 sciq 3600 / 4000
TRAIN flexlora 16 sciq 3800 / 4000
TRAIN flexlora 16 sciq 4000 / 4000
Round 16 Client 2: samples=4000 updates=500 loss=0.045655
Round 16 Test: sciq_accuracy=0.821822 macro_accuracy=0.821822 worst_domain_accuracy=0.821822
TRAIN flexlora 16 hellaswag 200 / 4000
TRAIN flexlora 16 hellaswag 400 / 4000
TRAIN flexlora 16 hellaswag 600 / 4000
TRAIN flexlora 16 hellaswag 800 / 4000
TRAIN flexlora 16 hellaswag 1000 / 4000
TRAIN flexlora 16 hellaswag 1200 / 4000
TRAIN flexlora 16 hellaswag 1400 / 4000
TRAIN flexlora 16 hellaswag 1600 / 4000
TRAIN flexlora 16 hellaswag 1800 / 4000
TRAIN flexlora 16 hellaswag 2000 / 4000
TRAIN flexlora 16 hellaswag 2200 / 4000
TRAIN flexlora 16 hellaswag 2400 / 4000
TRAIN flexlora 16 hellaswag 2600 / 4000
TRAIN flexlora 16 hellaswag 2800 / 4000
TRAIN flexlora 16 hellaswag 3000 / 4000
TRAIN flexlora 16 hellaswag 3200 / 4000
TRAIN flexlora 16 hellaswag 3400 / 4000
TRAIN flexlora 16 hellaswag 3600 / 4000
TRAIN flexlora 16 hellaswag 3800 / 4000
TRAIN flexlora 16 hellaswag 4000 / 4000
Round 16 Client 3: samples=4000 updates=500 loss=0.057958
Round 16 Test: hellaswag_accuracy=0.728000 macro_accuracy=0.728000 worst_domain_accuracy=0.728000
TRAIN flexlora 16 race 200 / 4000
TRAIN flexlora 16 race 400 / 4000
TRAIN flexlora 16 race 600 / 4000
TRAIN flexlora 16 race 800 / 4000
TRAIN flexlora 16 race 1000 / 4000
TRAIN flexlora 16 race 1200 / 4000
TRAIN flexlora 16 race 1400 / 4000
TRAIN flexlora 16 race 1600 / 4000
TRAIN flexlora 16 race 1800 / 4000
TRAIN flexlora 16 race 2000 / 4000
TRAIN flexlora 16 race 2200 / 4000
TRAIN flexlora 16 race 2400 / 4000
TRAIN flexlora 16 race 2600 / 4000
TRAIN flexlora 16 race 2800 / 4000
TRAIN flexlora 16 race 3000 / 4000
TRAIN flexlora 16 race 3200 / 4000
TRAIN flexlora 16 race 3400 / 4000
TRAIN flexlora 16 race 3600 / 4000
TRAIN flexlora 16 race 3800 / 4000
TRAIN flexlora 16 race 4000 / 4000
Round 16 Client 4: samples=4000 updates=500 loss=0.119298
Round 16 Test: race_accuracy=0.634667 macro_accuracy=0.634667 worst_domain_accuracy=0.634667
Aggregated model updated.
Round 16 Test: cosmosqa_accuracy=0.625333 openbookqa_accuracy=0.642000 sciq_accuracy=0.808809 hellaswag_accuracy=0.726000 race_accuracy=0.633333 macro_accuracy=0.687095 worst_domain_accuracy=0.625333
ROUND flexlora 16 GLOBAL MACRO 0.687095095095095
TRAIN flexlora 17 cosmosqa 200 / 4000
TRAIN flexlora 17 cosmosqa 400 / 4000
TRAIN flexlora 17 cosmosqa 600 / 4000
TRAIN flexlora 17 cosmosqa 800 / 4000
TRAIN flexlora 17 cosmosqa 1000 / 4000
TRAIN flexlora 17 cosmosqa 1200 / 4000
TRAIN flexlora 17 cosmosqa 1400 / 4000
TRAIN flexlora 17 cosmosqa 1600 / 4000
TRAIN flexlora 17 cosmosqa 1800 / 4000
TRAIN flexlora 17 cosmosqa 2000 / 4000
TRAIN flexlora 17 cosmosqa 2200 / 4000
TRAIN flexlora 17 cosmosqa 2400 / 4000
TRAIN flexlora 17 cosmosqa 2600 / 4000
TRAIN flexlora 17 cosmosqa 2800 / 4000
TRAIN flexlora 17 cosmosqa 3000 / 4000
TRAIN flexlora 17 cosmosqa 3200 / 4000
TRAIN flexlora 17 cosmosqa 3400 / 4000
TRAIN flexlora 17 cosmosqa 3600 / 4000
TRAIN flexlora 17 cosmosqa 3800 / 4000
TRAIN flexlora 17 cosmosqa 4000 / 4000
Round 17 Client 0: samples=4000 updates=500 loss=0.082706
Round 17 Test: cosmosqa_accuracy=0.636000 macro_accuracy=0.636000 worst_domain_accuracy=0.636000
TRAIN flexlora 17 openbookqa 200 / 4000
TRAIN flexlora 17 openbookqa 400 / 4000
TRAIN flexlora 17 openbookqa 600 / 4000
TRAIN flexlora 17 openbookqa 800 / 4000
TRAIN flexlora 17 openbookqa 1000 / 4000
TRAIN flexlora 17 openbookqa 1200 / 4000
TRAIN flexlora 17 openbookqa 1400 / 4000
TRAIN flexlora 17 openbookqa 1600 / 4000
TRAIN flexlora 17 openbookqa 1800 / 4000
TRAIN flexlora 17 openbookqa 2000 / 4000
TRAIN flexlora 17 openbookqa 2200 / 4000
TRAIN flexlora 17 openbookqa 2400 / 4000
TRAIN flexlora 17 openbookqa 2600 / 4000
TRAIN flexlora 17 openbookqa 2800 / 4000
TRAIN flexlora 17 openbookqa 3000 / 4000
TRAIN flexlora 17 openbookqa 3200 / 4000
TRAIN flexlora 17 openbookqa 3400 / 4000
TRAIN flexlora 17 openbookqa 3600 / 4000
TRAIN flexlora 17 openbookqa 3800 / 4000
TRAIN flexlora 17 openbookqa 4000 / 4000
Round 17 Client 1: samples=4000 updates=500 loss=0.067284
Round 17 Test: openbookqa_accuracy=0.666000 macro_accuracy=0.666000 worst_domain_accuracy=0.666000
TRAIN flexlora 17 sciq 200 / 4000
TRAIN flexlora 17 sciq 400 / 4000
TRAIN flexlora 17 sciq 600 / 4000
TRAIN flexlora 17 sciq 800 / 4000
TRAIN flexlora 17 sciq 1000 / 4000
TRAIN flexlora 17 sciq 1200 / 4000
TRAIN flexlora 17 sciq 1400 / 4000
TRAIN flexlora 17 sciq 1600 / 4000
TRAIN flexlora 17 sciq 1800 / 4000
TRAIN flexlora 17 sciq 2000 / 4000
TRAIN flexlora 17 sciq 2200 / 4000
TRAIN flexlora 17 sciq 2400 / 4000
TRAIN flexlora 17 sciq 2600 / 4000
TRAIN flexlora 17 sciq 2800 / 4000
TRAIN flexlora 17 sciq 3000 / 4000
TRAIN flexlora 17 sciq 3200 / 4000
TRAIN flexlora 17 sciq 3400 / 4000
TRAIN flexlora 17 sciq 3600 / 4000
TRAIN flexlora 17 sciq 3800 / 4000
TRAIN flexlora 17 sciq 4000 / 4000
Round 17 Client 2: samples=4000 updates=500 loss=0.037768
Round 17 Test: sciq_accuracy=0.823323 macro_accuracy=0.823323 worst_domain_accuracy=0.823323
TRAIN flexlora 17 hellaswag 200 / 4000
TRAIN flexlora 17 hellaswag 400 / 4000
TRAIN flexlora 17 hellaswag 600 / 4000
TRAIN flexlora 17 hellaswag 800 / 4000
TRAIN flexlora 17 hellaswag 1000 / 4000
TRAIN flexlora 17 hellaswag 1200 / 4000
TRAIN flexlora 17 hellaswag 1400 / 4000
TRAIN flexlora 17 hellaswag 1600 / 4000
TRAIN flexlora 17 hellaswag 1800 / 4000
TRAIN flexlora 17 hellaswag 2000 / 4000
TRAIN flexlora 17 hellaswag 2200 / 4000
TRAIN flexlora 17 hellaswag 2400 / 4000
TRAIN flexlora 17 hellaswag 2600 / 4000
TRAIN flexlora 17 hellaswag 2800 / 4000
TRAIN flexlora 17 hellaswag 3000 / 4000
TRAIN flexlora 17 hellaswag 3200 / 4000
TRAIN flexlora 17 hellaswag 3400 / 4000
TRAIN flexlora 17 hellaswag 3600 / 4000
TRAIN flexlora 17 hellaswag 3800 / 4000
TRAIN flexlora 17 hellaswag 4000 / 4000
Round 17 Client 3: samples=4000 updates=500 loss=0.057475
Round 17 Test: hellaswag_accuracy=0.717333 macro_accuracy=0.717333 worst_domain_accuracy=0.717333
TRAIN flexlora 17 race 200 / 4000
TRAIN flexlora 17 race 400 / 4000
TRAIN flexlora 17 race 600 / 4000
TRAIN flexlora 17 race 800 / 4000
TRAIN flexlora 17 race 1000 / 4000
TRAIN flexlora 17 race 1200 / 4000
TRAIN flexlora 17 race 1400 / 4000
TRAIN flexlora 17 race 1600 / 4000
TRAIN flexlora 17 race 1800 / 4000
TRAIN flexlora 17 race 2000 / 4000
TRAIN flexlora 17 race 2200 / 4000
TRAIN flexlora 17 race 2400 / 4000
TRAIN flexlora 17 race 2600 / 4000
TRAIN flexlora 17 race 2800 / 4000
TRAIN flexlora 17 race 3000 / 4000
TRAIN flexlora 17 race 3200 / 4000
TRAIN flexlora 17 race 3400 / 4000
TRAIN flexlora 17 race 3600 / 4000
TRAIN flexlora 17 race 3800 / 4000
TRAIN flexlora 17 race 4000 / 4000
Round 17 Client 4: samples=4000 updates=500 loss=0.106448
Round 17 Test: race_accuracy=0.638000 macro_accuracy=0.638000 worst_domain_accuracy=0.638000
Aggregated model updated.
Round 17 Test: cosmosqa_accuracy=0.640000 openbookqa_accuracy=0.640000 sciq_accuracy=0.805806 hellaswag_accuracy=0.715333 race_accuracy=0.638000 macro_accuracy=0.687828 worst_domain_accuracy=0.638000
ROUND flexlora 17 GLOBAL MACRO 0.6878278278278278
TRAIN flexlora 18 cosmosqa 200 / 4000
TRAIN flexlora 18 cosmosqa 400 / 4000
TRAIN flexlora 18 cosmosqa 600 / 4000
TRAIN flexlora 18 cosmosqa 800 / 4000
TRAIN flexlora 18 cosmosqa 1000 / 4000
TRAIN flexlora 18 cosmosqa 1200 / 4000
TRAIN flexlora 18 cosmosqa 1400 / 4000
TRAIN flexlora 18 cosmosqa 1600 / 4000
TRAIN flexlora 18 cosmosqa 1800 / 4000
TRAIN flexlora 18 cosmosqa 2000 / 4000
TRAIN flexlora 18 cosmosqa 2200 / 4000
TRAIN flexlora 18 cosmosqa 2400 / 4000
TRAIN flexlora 18 cosmosqa 2600 / 4000
TRAIN flexlora 18 cosmosqa 2800 / 4000
TRAIN flexlora 18 cosmosqa 3000 / 4000
TRAIN flexlora 18 cosmosqa 3200 / 4000
TRAIN flexlora 18 cosmosqa 3400 / 4000
TRAIN flexlora 18 cosmosqa 3600 / 4000
TRAIN flexlora 18 cosmosqa 3800 / 4000
TRAIN flexlora 18 cosmosqa 4000 / 4000
Round 18 Client 0: samples=4000 updates=500 loss=0.089247
Round 18 Test: cosmosqa_accuracy=0.632667 macro_accuracy=0.632667 worst_domain_accuracy=0.632667
TRAIN flexlora 18 openbookqa 200 / 4000
TRAIN flexlora 18 openbookqa 400 / 4000
TRAIN flexlora 18 openbookqa 600 / 4000
TRAIN flexlora 18 openbookqa 800 / 4000
TRAIN flexlora 18 openbookqa 1000 / 4000
TRAIN flexlora 18 openbookqa 1200 / 4000
TRAIN flexlora 18 openbookqa 1400 / 4000
TRAIN flexlora 18 openbookqa 1600 / 4000
TRAIN flexlora 18 openbookqa 1800 / 4000
TRAIN flexlora 18 openbookqa 2000 / 4000
TRAIN flexlora 18 openbookqa 2200 / 4000
TRAIN flexlora 18 openbookqa 2400 / 4000
TRAIN flexlora 18 openbookqa 2600 / 4000
TRAIN flexlora 18 openbookqa 2800 / 4000
TRAIN flexlora 18 openbookqa 3000 / 4000
TRAIN flexlora 18 openbookqa 3200 / 4000
TRAIN flexlora 18 openbookqa 3400 / 4000
TRAIN flexlora 18 openbookqa 3600 / 4000
TRAIN flexlora 18 openbookqa 3800 / 4000
TRAIN flexlora 18 openbookqa 4000 / 4000
Round 18 Client 1: samples=4000 updates=500 loss=0.057284
Round 18 Test: openbookqa_accuracy=0.669000 macro_accuracy=0.669000 worst_domain_accuracy=0.669000
TRAIN flexlora 18 sciq 200 / 4000
TRAIN flexlora 18 sciq 400 / 4000
TRAIN flexlora 18 sciq 600 / 4000
TRAIN flexlora 18 sciq 800 / 4000
TRAIN flexlora 18 sciq 1000 / 4000
TRAIN flexlora 18 sciq 1200 / 4000
TRAIN flexlora 18 sciq 1400 / 4000
TRAIN flexlora 18 sciq 1600 / 4000
TRAIN flexlora 18 sciq 1800 / 4000
TRAIN flexlora 18 sciq 2000 / 4000
TRAIN flexlora 18 sciq 2200 / 4000
TRAIN flexlora 18 sciq 2400 / 4000
TRAIN flexlora 18 sciq 2600 / 4000
TRAIN flexlora 18 sciq 2800 / 4000
TRAIN flexlora 18 sciq 3000 / 4000
TRAIN flexlora 18 sciq 3200 / 4000
TRAIN flexlora 18 sciq 3400 / 4000
TRAIN flexlora 18 sciq 3600 / 4000
TRAIN flexlora 18 sciq 3800 / 4000
TRAIN flexlora 18 sciq 4000 / 4000
Round 18 Client 2: samples=4000 updates=500 loss=0.030438
Round 18 Test: sciq_accuracy=0.827828 macro_accuracy=0.827828 worst_domain_accuracy=0.827828
TRAIN flexlora 18 hellaswag 200 / 4000
TRAIN flexlora 18 hellaswag 400 / 4000
TRAIN flexlora 18 hellaswag 600 / 4000
TRAIN flexlora 18 hellaswag 800 / 4000
TRAIN flexlora 18 hellaswag 1000 / 4000
TRAIN flexlora 18 hellaswag 1200 / 4000
TRAIN flexlora 18 hellaswag 1400 / 4000
TRAIN flexlora 18 hellaswag 1600 / 4000
TRAIN flexlora 18 hellaswag 1800 / 4000
TRAIN flexlora 18 hellaswag 2000 / 4000
TRAIN flexlora 18 hellaswag 2200 / 4000
TRAIN flexlora 18 hellaswag 2400 / 4000
TRAIN flexlora 18 hellaswag 2600 / 4000
TRAIN flexlora 18 hellaswag 2800 / 4000
TRAIN flexlora 18 hellaswag 3000 / 4000
TRAIN flexlora 18 hellaswag 3200 / 4000
TRAIN flexlora 18 hellaswag 3400 / 4000
TRAIN flexlora 18 hellaswag 3600 / 4000
TRAIN flexlora 18 hellaswag 3800 / 4000
TRAIN flexlora 18 hellaswag 4000 / 4000
Round 18 Client 3: samples=4000 updates=500 loss=0.049007
Round 18 Test: hellaswag_accuracy=0.719333 macro_accuracy=0.719333 worst_domain_accuracy=0.719333
TRAIN flexlora 18 race 200 / 4000
TRAIN flexlora 18 race 400 / 4000
TRAIN flexlora 18 race 600 / 4000
TRAIN flexlora 18 race 800 / 4000
TRAIN flexlora 18 race 1000 / 4000
TRAIN flexlora 18 race 1200 / 4000
TRAIN flexlora 18 race 1400 / 4000
TRAIN flexlora 18 race 1600 / 4000
TRAIN flexlora 18 race 1800 / 4000
TRAIN flexlora 18 race 2000 / 4000
TRAIN flexlora 18 race 2200 / 4000
TRAIN flexlora 18 race 2400 / 4000
TRAIN flexlora 18 race 2600 / 4000
TRAIN flexlora 18 race 2800 / 4000
TRAIN flexlora 18 race 3000 / 4000
TRAIN flexlora 18 race 3200 / 4000
TRAIN flexlora 18 race 3400 / 4000
TRAIN flexlora 18 race 3600 / 4000
TRAIN flexlora 18 race 3800 / 4000
TRAIN flexlora 18 race 4000 / 4000
Round 18 Client 4: samples=4000 updates=500 loss=0.103613
Round 18 Test: race_accuracy=0.648000 macro_accuracy=0.648000 worst_domain_accuracy=0.648000
Aggregated model updated.
Round 18 Test: cosmosqa_accuracy=0.645333 openbookqa_accuracy=0.633000 sciq_accuracy=0.812813 hellaswag_accuracy=0.712667 race_accuracy=0.635333 macro_accuracy=0.687829 worst_domain_accuracy=0.633000
ROUND flexlora 18 GLOBAL MACRO 0.6878292292292292
TRAIN flexlora 19 cosmosqa 200 / 4000
TRAIN flexlora 19 cosmosqa 400 / 4000
TRAIN flexlora 19 cosmosqa 600 / 4000
TRAIN flexlora 19 cosmosqa 800 / 4000
TRAIN flexlora 19 cosmosqa 1000 / 4000
TRAIN flexlora 19 cosmosqa 1200 / 4000
TRAIN flexlora 19 cosmosqa 1400 / 4000
TRAIN flexlora 19 cosmosqa 1600 / 4000
TRAIN flexlora 19 cosmosqa 1800 / 4000
TRAIN flexlora 19 cosmosqa 2000 / 4000
TRAIN flexlora 19 cosmosqa 2200 / 4000
TRAIN flexlora 19 cosmosqa 2400 / 4000
TRAIN flexlora 19 cosmosqa 2600 / 4000
TRAIN flexlora 19 cosmosqa 2800 / 4000
TRAIN flexlora 19 cosmosqa 3000 / 4000
TRAIN flexlora 19 cosmosqa 3200 / 4000
TRAIN flexlora 19 cosmosqa 3400 / 4000
TRAIN flexlora 19 cosmosqa 3600 / 4000
TRAIN flexlora 19 cosmosqa 3800 / 4000
TRAIN flexlora 19 cosmosqa 4000 / 4000
Round 19 Client 0: samples=4000 updates=500 loss=0.070443
Round 19 Test: cosmosqa_accuracy=0.658667 macro_accuracy=0.658667 worst_domain_accuracy=0.658667
TRAIN flexlora 19 openbookqa 200 / 4000
TRAIN flexlora 19 openbookqa 400 / 4000
TRAIN flexlora 19 openbookqa 600 / 4000
TRAIN flexlora 19 openbookqa 800 / 4000
TRAIN flexlora 19 openbookqa 1000 / 4000
TRAIN flexlora 19 openbookqa 1200 / 4000
TRAIN flexlora 19 openbookqa 1400 / 4000
TRAIN flexlora 19 openbookqa 1600 / 4000
TRAIN flexlora 19 openbookqa 1800 / 4000
TRAIN flexlora 19 openbookqa 2000 / 4000
TRAIN flexlora 19 openbookqa 2200 / 4000
TRAIN flexlora 19 openbookqa 2400 / 4000
TRAIN flexlora 19 openbookqa 2600 / 4000
TRAIN flexlora 19 openbookqa 2800 / 4000
TRAIN flexlora 19 openbookqa 3000 / 4000
TRAIN flexlora 19 openbookqa 3200 / 4000
TRAIN flexlora 19 openbookqa 3400 / 4000
TRAIN flexlora 19 openbookqa 3600 / 4000
TRAIN flexlora 19 openbookqa 3800 / 4000
TRAIN flexlora 19 openbookqa 4000 / 4000
Round 19 Client 1: samples=4000 updates=500 loss=0.053075
Round 19 Test: openbookqa_accuracy=0.658000 macro_accuracy=0.658000 worst_domain_accuracy=0.658000
TRAIN flexlora 19 sciq 200 / 4000
TRAIN flexlora 19 sciq 400 / 4000
TRAIN flexlora 19 sciq 600 / 4000
TRAIN flexlora 19 sciq 800 / 4000
TRAIN flexlora 19 sciq 1000 / 4000
TRAIN flexlora 19 sciq 1200 / 4000
TRAIN flexlora 19 sciq 1400 / 4000
TRAIN flexlora 19 sciq 1600 / 4000
TRAIN flexlora 19 sciq 1800 / 4000
TRAIN flexlora 19 sciq 2000 / 4000
TRAIN flexlora 19 sciq 2200 / 4000
TRAIN flexlora 19 sciq 2400 / 4000
TRAIN flexlora 19 sciq 2600 / 4000
TRAIN flexlora 19 sciq 2800 / 4000
TRAIN flexlora 19 sciq 3000 / 4000
TRAIN flexlora 19 sciq 3200 / 4000
TRAIN flexlora 19 sciq 3400 / 4000
TRAIN flexlora 19 sciq 3600 / 4000
TRAIN flexlora 19 sciq 3800 / 4000
TRAIN flexlora 19 sciq 4000 / 4000
Round 19 Client 2: samples=4000 updates=500 loss=0.031279
Round 19 Test: sciq_accuracy=0.811311 macro_accuracy=0.811311 worst_domain_accuracy=0.811311
TRAIN flexlora 19 hellaswag 200 / 4000
TRAIN flexlora 19 hellaswag 400 / 4000
TRAIN flexlora 19 hellaswag 600 / 4000
TRAIN flexlora 19 hellaswag 800 / 4000
TRAIN flexlora 19 hellaswag 1000 / 4000
TRAIN flexlora 19 hellaswag 1200 / 4000
TRAIN flexlora 19 hellaswag 1400 / 4000
TRAIN flexlora 19 hellaswag 1600 / 4000
TRAIN flexlora 19 hellaswag 1800 / 4000
TRAIN flexlora 19 hellaswag 2000 / 4000
TRAIN flexlora 19 hellaswag 2200 / 4000
TRAIN flexlora 19 hellaswag 2400 / 4000
TRAIN flexlora 19 hellaswag 2600 / 4000
TRAIN flexlora 19 hellaswag 2800 / 4000
TRAIN flexlora 19 hellaswag 3000 / 4000
TRAIN flexlora 19 hellaswag 3200 / 4000
TRAIN flexlora 19 hellaswag 3400 / 4000
TRAIN flexlora 19 hellaswag 3600 / 4000
TRAIN flexlora 19 hellaswag 3800 / 4000
TRAIN flexlora 19 hellaswag 4000 / 4000
Round 19 Client 3: samples=4000 updates=500 loss=0.047340
Round 19 Test: hellaswag_accuracy=0.729333 macro_accuracy=0.729333 worst_domain_accuracy=0.729333
TRAIN flexlora 19 race 200 / 4000
TRAIN flexlora 19 race 400 / 4000
TRAIN flexlora 19 race 600 / 4000
TRAIN flexlora 19 race 800 / 4000
TRAIN flexlora 19 race 1000 / 4000
TRAIN flexlora 19 race 1200 / 4000
TRAIN flexlora 19 race 1400 / 4000
TRAIN flexlora 19 race 1600 / 4000
TRAIN flexlora 19 race 1800 / 4000
TRAIN flexlora 19 race 2000 / 4000
TRAIN flexlora 19 race 2200 / 4000
TRAIN flexlora 19 race 2400 / 4000
TRAIN flexlora 19 race 2600 / 4000
TRAIN flexlora 19 race 2800 / 4000
TRAIN flexlora 19 race 3000 / 4000
TRAIN flexlora 19 race 3200 / 4000
TRAIN flexlora 19 race 3400 / 4000
TRAIN flexlora 19 race 3600 / 4000
TRAIN flexlora 19 race 3800 / 4000
TRAIN flexlora 19 race 4000 / 4000
Round 19 Client 4: samples=4000 updates=500 loss=0.101206
Round 19 Test: race_accuracy=0.635333 macro_accuracy=0.635333 worst_domain_accuracy=0.635333
Aggregated model updated.
Round 19 Test: cosmosqa_accuracy=0.638000 openbookqa_accuracy=0.636000 sciq_accuracy=0.806807 hellaswag_accuracy=0.721333 race_accuracy=0.633333 macro_accuracy=0.687095 worst_domain_accuracy=0.633333
ROUND flexlora 19 GLOBAL MACRO 0.6870946946946948
TRAIN flexlora 20 cosmosqa 200 / 4000
TRAIN flexlora 20 cosmosqa 400 / 4000
TRAIN flexlora 20 cosmosqa 600 / 4000
TRAIN flexlora 20 cosmosqa 800 / 4000
TRAIN flexlora 20 cosmosqa 1000 / 4000
TRAIN flexlora 20 cosmosqa 1200 / 4000
TRAIN flexlora 20 cosmosqa 1400 / 4000
TRAIN flexlora 20 cosmosqa 1600 / 4000
TRAIN flexlora 20 cosmosqa 1800 / 4000
TRAIN flexlora 20 cosmosqa 2000 / 4000
TRAIN flexlora 20 cosmosqa 2200 / 4000
TRAIN flexlora 20 cosmosqa 2400 / 4000
TRAIN flexlora 20 cosmosqa 2600 / 4000
TRAIN flexlora 20 cosmosqa 2800 / 4000
TRAIN flexlora 20 cosmosqa 3000 / 4000
TRAIN flexlora 20 cosmosqa 3200 / 4000
TRAIN flexlora 20 cosmosqa 3400 / 4000
TRAIN flexlora 20 cosmosqa 3600 / 4000
TRAIN flexlora 20 cosmosqa 3800 / 4000
TRAIN flexlora 20 cosmosqa 4000 / 4000
Round 20 Client 0: samples=4000 updates=500 loss=0.070727
Round 20 Test: cosmosqa_accuracy=0.640667 macro_accuracy=0.640667 worst_domain_accuracy=0.640667
TRAIN flexlora 20 openbookqa 200 / 4000
TRAIN flexlora 20 openbookqa 400 / 4000
TRAIN flexlora 20 openbookqa 600 / 4000
TRAIN flexlora 20 openbookqa 800 / 4000
TRAIN flexlora 20 openbookqa 1000 / 4000
TRAIN flexlora 20 openbookqa 1200 / 4000
TRAIN flexlora 20 openbookqa 1400 / 4000
TRAIN flexlora 20 openbookqa 1600 / 4000
TRAIN flexlora 20 openbookqa 1800 / 4000
TRAIN flexlora 20 openbookqa 2000 / 4000
TRAIN flexlora 20 openbookqa 2200 / 4000
TRAIN flexlora 20 openbookqa 2400 / 4000
TRAIN flexlora 20 openbookqa 2600 / 4000
TRAIN flexlora 20 openbookqa 2800 / 4000
TRAIN flexlora 20 openbookqa 3000 / 4000
TRAIN flexlora 20 openbookqa 3200 / 4000
TRAIN flexlora 20 openbookqa 3400 / 4000
TRAIN flexlora 20 openbookqa 3600 / 4000
TRAIN flexlora 20 openbookqa 3800 / 4000
TRAIN flexlora 20 openbookqa 4000 / 4000
Round 20 Client 1: samples=4000 updates=500 loss=0.055003
Round 20 Test: openbookqa_accuracy=0.670000 macro_accuracy=0.670000 worst_domain_accuracy=0.670000
TRAIN flexlora 20 sciq 200 / 4000
TRAIN flexlora 20 sciq 400 / 4000
TRAIN flexlora 20 sciq 600 / 4000
TRAIN flexlora 20 sciq 800 / 4000
TRAIN flexlora 20 sciq 1000 / 4000
TRAIN flexlora 20 sciq 1200 / 4000
TRAIN flexlora 20 sciq 1400 / 4000
TRAIN flexlora 20 sciq 1600 / 4000
TRAIN flexlora 20 sciq 1800 / 4000
TRAIN flexlora 20 sciq 2000 / 4000
TRAIN flexlora 20 sciq 2200 / 4000
TRAIN flexlora 20 sciq 2400 / 4000
TRAIN flexlora 20 sciq 2600 / 4000
TRAIN flexlora 20 sciq 2800 / 4000
TRAIN flexlora 20 sciq 3000 / 4000
TRAIN flexlora 20 sciq 3200 / 4000
TRAIN flexlora 20 sciq 3400 / 4000
TRAIN flexlora 20 sciq 3600 / 4000
TRAIN flexlora 20 sciq 3800 / 4000
TRAIN flexlora 20 sciq 4000 / 4000
Round 20 Client 2: samples=4000 updates=500 loss=0.027753
Round 20 Test: sciq_accuracy=0.805806 macro_accuracy=0.805806 worst_domain_accuracy=0.805806
TRAIN flexlora 20 hellaswag 200 / 4000
TRAIN flexlora 20 hellaswag 400 / 4000
TRAIN flexlora 20 hellaswag 600 / 4000
TRAIN flexlora 20 hellaswag 800 / 4000
TRAIN flexlora 20 hellaswag 1000 / 4000
TRAIN flexlora 20 hellaswag 1200 / 4000
TRAIN flexlora 20 hellaswag 1400 / 4000
TRAIN flexlora 20 hellaswag 1600 / 4000
TRAIN flexlora 20 hellaswag 1800 / 4000
TRAIN flexlora 20 hellaswag 2000 / 4000
TRAIN flexlora 20 hellaswag 2200 / 4000
TRAIN flexlora 20 hellaswag 2400 / 4000
TRAIN flexlora 20 hellaswag 2600 / 4000
TRAIN flexlora 20 hellaswag 2800 / 4000
TRAIN flexlora 20 hellaswag 3000 / 4000
TRAIN flexlora 20 hellaswag 3200 / 4000
TRAIN flexlora 20 hellaswag 3400 / 4000
TRAIN flexlora 20 hellaswag 3600 / 4000
TRAIN flexlora 20 hellaswag 3800 / 4000
TRAIN flexlora 20 hellaswag 4000 / 4000
Round 20 Client 3: samples=4000 updates=500 loss=0.049702
Round 20 Test: hellaswag_accuracy=0.730667 macro_accuracy=0.730667 worst_domain_accuracy=0.730667
TRAIN flexlora 20 race 200 / 4000
TRAIN flexlora 20 race 400 / 4000
TRAIN flexlora 20 race 600 / 4000
TRAIN flexlora 20 race 800 / 4000
TRAIN flexlora 20 race 1000 / 4000
TRAIN flexlora 20 race 1200 / 4000
TRAIN flexlora 20 race 1400 / 4000
TRAIN flexlora 20 race 1600 / 4000
TRAIN flexlora 20 race 1800 / 4000
TRAIN flexlora 20 race 2000 / 4000
TRAIN flexlora 20 race 2200 / 4000
TRAIN flexlora 20 race 2400 / 4000
TRAIN flexlora 20 race 2600 / 4000
TRAIN flexlora 20 race 2800 / 4000
TRAIN flexlora 20 race 3000 / 4000
TRAIN flexlora 20 race 3200 / 4000
TRAIN flexlora 20 race 3400 / 4000
TRAIN flexlora 20 race 3600 / 4000
TRAIN flexlora 20 race 3800 / 4000
TRAIN flexlora 20 race 4000 / 4000
Round 20 Client 4: samples=4000 updates=500 loss=0.093394
Round 20 Test: race_accuracy=0.636000 macro_accuracy=0.636000 worst_domain_accuracy=0.636000
Aggregated model updated.
Round 20 Test: cosmosqa_accuracy=0.629333 openbookqa_accuracy=0.631000 sciq_accuracy=0.807307 hellaswag_accuracy=0.724667 race_accuracy=0.645333 macro_accuracy=0.687528 worst_domain_accuracy=0.629333
ROUND flexlora 20 GLOBAL MACRO 0.6875281281281281
