
START 2026-10-07T15:35:00.707510+00:00
TRANSFER CHECK PASSED (file hashes disabled): four complete round10 states; 20000 train / 7498 tests
SERVER ENVIRONMENT {'torch': '2.7.1+cu118', 'transformers': '4.57.6', 'peft': '0.20.0', 'numpy': '2.1.2', 'datasets': '4.2.0', 'safetensors': '0.6.2', 'PyYAML': '6.0.3', 'accelerate': '1.14.0'}
CUDA_VISIBLE_DEVICES=1 is already set; leaving it in place instead of overriding --device 0.
TRAIN fedrotlora 11 cosmosqa 8 / 8
Round 11 Client 0: samples=8 updates=1 loss=0.128339
Round 11 Test: cosmosqa_accuracy=0.638667 macro_accuracy=0.638667 worst_domain_accuracy=0.638667
TRAIN fedrotlora 11 openbookqa 8 / 8
Round 11 Client 1: samples=8 updates=1 loss=0.141093
Round 11 Test: openbookqa_accuracy=0.652000 macro_accuracy=0.652000 worst_domain_accuracy=0.652000
TRAIN fedrotlora 11 sciq 8 / 8
Round 11 Client 2: samples=8 updates=1 loss=0.085756
Round 11 Test: sciq_accuracy=0.828829 macro_accuracy=0.828829 worst_domain_accuracy=0.828829
TRAIN fedrotlora 11 hellaswag 8 / 8
Round 11 Client 3: samples=8 updates=1 loss=0.178457
Round 11 Test: hellaswag_accuracy=0.701333 macro_accuracy=0.701333 worst_domain_accuracy=0.701333
TRAIN fedrotlora 11 race 8 / 8
Round 11 Client 4: samples=8 updates=1 loss=0.126701
Round 11 Test: race_accuracy=0.644000 macro_accuracy=0.644000 worst_domain_accuracy=0.644000
Aggregated model updated.
Round 11 Test: cosmosqa_accuracy=0.634667 openbookqa_accuracy=0.649000 sciq_accuracy=0.829329 hellaswag_accuracy=0.694000 race_accuracy=0.642000 macro_accuracy=0.689799 worst_domain_accuracy=0.634667
ROUND fedrotlora 11 GLOBAL MACRO 0.6897991991991992
TRAIN fedrotlora 12 cosmosqa 8 / 8
Round 12 Client 0: samples=8 updates=1 loss=0.108321
Round 12 Test: cosmosqa_accuracy=0.643333 macro_accuracy=0.643333 worst_domain_accuracy=0.643333
TRAIN fedrotlora 12 openbookqa 8 / 8
Round 12 Client 1: samples=8 updates=1 loss=0.092985
Round 12 Test: openbookqa_accuracy=0.650000 macro_accuracy=0.650000 worst_domain_accuracy=0.650000
TRAIN fedrotlora 12 sciq 8 / 8
Round 12 Client 2: samples=8 updates=1 loss=0.055772
Round 12 Test: sciq_accuracy=0.826827 macro_accuracy=0.826827 worst_domain_accuracy=0.826827
TRAIN fedrotlora 12 hellaswag 8 / 8
Round 12 Client 3: samples=8 updates=1 loss=0.153974
Round 12 Test: hellaswag_accuracy=0.705333 macro_accuracy=0.705333 worst_domain_accuracy=0.705333
TRAIN fedrotlora 12 race 8 / 8
Round 12 Client 4: samples=8 updates=1 loss=0.032297
Round 12 Test: race_accuracy=0.646000 macro_accuracy=0.646000 worst_domain_accuracy=0.646000
Aggregated model updated.
Round 12 Test: cosmosqa_accuracy=0.635333 openbookqa_accuracy=0.651000 sciq_accuracy=0.828829 hellaswag_accuracy=0.694667 race_accuracy=0.644000 macro_accuracy=0.690766 worst_domain_accuracy=0.635333
ROUND fedrotlora 12 GLOBAL MACRO 0.6907657657657658
